../Core/Src/main.c:89:5:main	72	static
../Core/Src/main.c:180:6:SystemClock_Config	88	static
../Core/Src/main.c:228:13:MX_SPI1_Init	8	static
../Core/Src/main.c:266:13:MX_USART2_UART_Init	8	static
../Core/Src/main.c:299:13:MX_GPIO_Init	48	static
../Core/Src/main.c:353:6:sx126x_init	48	static
../Core/Src/main.c:426:6:HAL_GPIO_EXTI_Callback	16	static
../Core/Src/main.c:436:6:HAL_SPI_RxCpltCallback	16	static
../Core/Src/main.c:447:6:HAL_UART_RxCpltCallback	16	static
../Core/Src/main.c:464:6:Error_Handler	4	static,ignoring_inline_asm
