../Core/Src/main.c:87:6:debugPrintf	16	static
../Core/Src/main.c:109:5:main	112	static
../Core/Src/main.c:220:6:SystemClock_Config	88	static
../Core/Src/main.c:268:13:MX_SPI1_Init	8	static
../Core/Src/main.c:306:13:MX_USART2_UART_Init	8	static
../Core/Src/main.c:339:13:MX_GPIO_Init	48	static
../Core/Src/main.c:407:6:sx126x_init	32	static
../Core/Src/main.c:474:6:HAL_GPIO_EXTI_Callback	16	static
../Core/Src/main.c:482:6:HAL_SPI_RxCpltCallback	16	static
../Core/Src/main.c:489:6:HAL_UART_RxCpltCallback	16	static
../Core/Src/main.c:501:6:Error_Handler	4	static,ignoring_inline_asm
