Archive member included to satisfy reference by file (symbol)

/Applications/STM32CubeIDE.app/Contents/Eclipse/plugins/com.st.stm32cube.ide.mcu.externaltools.gnu-tools-for-stm32.12.3.rel1.macos64_1.0.200.202406191456/tools/bin/../lib/gcc/arm-none-eabi/12.3.1/../../../../arm-none-eabi/lib/thumb/v7e-m+fp/hard/libc_nano.a(libc_a-exit.o)
                              /Applications/STM32CubeIDE.app/Contents/Eclipse/plugins/com.st.stm32cube.ide.mcu.externaltools.gnu-tools-for-stm32.12.3.rel1.macos64_1.0.200.202406191456/tools/bin/../lib/gcc/arm-none-eabi/12.3.1/../../../../arm-none-eabi/lib/thumb/v7e-m+fp/hard/crt0.o (exit)
/Applications/STM32CubeIDE.app/Contents/Eclipse/plugins/com.st.stm32cube.ide.mcu.externaltools.gnu-tools-for-stm32.12.3.rel1.macos64_1.0.200.202406191456/tools/bin/../lib/gcc/arm-none-eabi/12.3.1/../../../../arm-none-eabi/lib/thumb/v7e-m+fp/hard/libc_nano.a(libc_a-findfp.o)
                              /Applications/STM32CubeIDE.app/Contents/Eclipse/plugins/com.st.stm32cube.ide.mcu.externaltools.gnu-tools-for-stm32.12.3.rel1.macos64_1.0.200.202406191456/tools/bin/../lib/gcc/arm-none-eabi/12.3.1/../../../../arm-none-eabi/lib/thumb/v7e-m+fp/hard/libc_nano.a(libc_a-exit.o) (__stdio_exit_handler)
/Applications/STM32CubeIDE.app/Contents/Eclipse/plugins/com.st.stm32cube.ide.mcu.externaltools.gnu-tools-for-stm32.12.3.rel1.macos64_1.0.200.202406191456/tools/bin/../lib/gcc/arm-none-eabi/12.3.1/../../../../arm-none-eabi/lib/thumb/v7e-m+fp/hard/libc_nano.a(libc_a-fwalk.o)
                              /Applications/STM32CubeIDE.app/Contents/Eclipse/plugins/com.st.stm32cube.ide.mcu.externaltools.gnu-tools-for-stm32.12.3.rel1.macos64_1.0.200.202406191456/tools/bin/../lib/gcc/arm-none-eabi/12.3.1/../../../../arm-none-eabi/lib/thumb/v7e-m+fp/hard/libc_nano.a(libc_a-findfp.o) (_fwalk_sglue)
/Applications/STM32CubeIDE.app/Contents/Eclipse/plugins/com.st.stm32cube.ide.mcu.externaltools.gnu-tools-for-stm32.12.3.rel1.macos64_1.0.200.202406191456/tools/bin/../lib/gcc/arm-none-eabi/12.3.1/../../../../arm-none-eabi/lib/thumb/v7e-m+fp/hard/libc_nano.a(libc_a-memset.o)
                              /Applications/STM32CubeIDE.app/Contents/Eclipse/plugins/com.st.stm32cube.ide.mcu.externaltools.gnu-tools-for-stm32.12.3.rel1.macos64_1.0.200.202406191456/tools/bin/../lib/gcc/arm-none-eabi/12.3.1/../../../../arm-none-eabi/lib/thumb/v7e-m+fp/hard/crt0.o (memset)
/Applications/STM32CubeIDE.app/Contents/Eclipse/plugins/com.st.stm32cube.ide.mcu.externaltools.gnu-tools-for-stm32.12.3.rel1.macos64_1.0.200.202406191456/tools/bin/../lib/gcc/arm-none-eabi/12.3.1/../../../../arm-none-eabi/lib/thumb/v7e-m+fp/hard/libc_nano.a(libc_a-impure.o)
                              /Applications/STM32CubeIDE.app/Contents/Eclipse/plugins/com.st.stm32cube.ide.mcu.externaltools.gnu-tools-for-stm32.12.3.rel1.macos64_1.0.200.202406191456/tools/bin/../lib/gcc/arm-none-eabi/12.3.1/../../../../arm-none-eabi/lib/thumb/v7e-m+fp/hard/libc_nano.a(libc_a-findfp.o) (_impure_data)
/Applications/STM32CubeIDE.app/Contents/Eclipse/plugins/com.st.stm32cube.ide.mcu.externaltools.gnu-tools-for-stm32.12.3.rel1.macos64_1.0.200.202406191456/tools/bin/../lib/gcc/arm-none-eabi/12.3.1/../../../../arm-none-eabi/lib/thumb/v7e-m+fp/hard/libc_nano.a(libc_a-errno.o)
                              ./Core/Src/syscalls.o (__errno)
/Applications/STM32CubeIDE.app/Contents/Eclipse/plugins/com.st.stm32cube.ide.mcu.externaltools.gnu-tools-for-stm32.12.3.rel1.macos64_1.0.200.202406191456/tools/bin/../lib/gcc/arm-none-eabi/12.3.1/../../../../arm-none-eabi/lib/thumb/v7e-m+fp/hard/libc_nano.a(libc_a-init.o)
                              /Applications/STM32CubeIDE.app/Contents/Eclipse/plugins/com.st.stm32cube.ide.mcu.externaltools.gnu-tools-for-stm32.12.3.rel1.macos64_1.0.200.202406191456/tools/bin/../lib/gcc/arm-none-eabi/12.3.1/../../../../arm-none-eabi/lib/thumb/v7e-m+fp/hard/crt0.o (__libc_init_array)
/Applications/STM32CubeIDE.app/Contents/Eclipse/plugins/com.st.stm32cube.ide.mcu.externaltools.gnu-tools-for-stm32.12.3.rel1.macos64_1.0.200.202406191456/tools/bin/../lib/gcc/arm-none-eabi/12.3.1/../../../../arm-none-eabi/lib/thumb/v7e-m+fp/hard/libc_nano.a(libc_a-lock.o)
                              /Applications/STM32CubeIDE.app/Contents/Eclipse/plugins/com.st.stm32cube.ide.mcu.externaltools.gnu-tools-for-stm32.12.3.rel1.macos64_1.0.200.202406191456/tools/bin/../lib/gcc/arm-none-eabi/12.3.1/../../../../arm-none-eabi/lib/thumb/v7e-m+fp/hard/libc_nano.a(libc_a-findfp.o) (__retarget_lock_init_recursive)
/Applications/STM32CubeIDE.app/Contents/Eclipse/plugins/com.st.stm32cube.ide.mcu.externaltools.gnu-tools-for-stm32.12.3.rel1.macos64_1.0.200.202406191456/tools/bin/../lib/gcc/arm-none-eabi/12.3.1/../../../../arm-none-eabi/lib/thumb/v7e-m+fp/hard/libc_nano.a(libc_a-memcpy-stub.o)
                              ./Core/Src/lr_fhss_mac.o (memcpy)
[...]
Memory Configuration

Name             Origin             Length             Attributes
RAM              0x20000000         0x00020000         xrw
FLASH            0x08000000         0x00080000         xr
*default*        0x00000000         0xffffffff

Linker script and memory map

LOAD /Applications/STM32CubeIDE.app/Contents/Eclipse/plugins/com.st.stm32cube.ide.mcu.externaltools.gnu-tools-for-stm32.12.3.rel1.macos64_1.0.200.202406191456/tools/bin/../lib/gcc/arm-none-eabi/12.3.1/thumb/v7e-m+fp/hard/crti.o
LOAD /Applications/STM32CubeIDE.app/Contents/Eclipse/plugins/com.st.stm32cube.ide.mcu.externaltools.gnu-tools-for-stm32.12.3.rel1.macos64_1.0.200.202406191456/tools/bin/../lib/gcc/arm-none-eabi/12.3.1/thumb/v7e-m+fp/hard/crtbegin.o
LOAD /Applications/STM32CubeIDE.app/Contents/Eclipse/plugins/com.st.stm32cube.ide.mcu.externaltools.gnu-tools-for-stm32.12.3.rel1.macos64_1.0.200.202406191456/tools/bin/../lib/gcc/arm-none-eabi/12.3.1/../../../../arm-none-eabi/lib/thumb/v7e-m+fp/hard/crt0.o
LOAD ./Core/Src/lr_fhss_mac.o
LOAD ./Core/Src/main.o
LOAD ./Core/Src/stm32f4xx_hal_msp.o
LOAD ./Core/Src/stm32f4xx_it.o
LOAD ./Core/Src/sx126x.o
LOAD ./Core/Src/sx126x_driver_version.o
LOAD ./Core/Src/sx126x_hal.o
LOAD ./Core/Src/sx126x_lr_fhss.o
LOAD ./Core/Src/syscalls.o
LOAD ./Core/Src/sysmem.o
LOAD ./Core/Src/system_stm32f4xx.o
LOAD ./Core/Startup/startup_stm32f411ceux.o
LOAD ./Drivers/STM32F4xx_HAL_Driver/Src/stm32f4xx_hal.o
LOAD ./Drivers/STM32F4xx_HAL_Driver/Src/stm32f4xx_hal_cortex.o
LOAD ./Drivers/STM32F4xx_HAL_Driver/Src/stm32f4xx_hal_dma.o
LOAD ./Drivers/STM32F4xx_HAL_Driver/Src/stm32f4xx_hal_dma_ex.o
LOAD ./Drivers/STM32F4xx_HAL_Driver/Src/stm32f4xx_hal_exti.o
LOAD ./Drivers/STM32F4xx_HAL_Driver/Src/stm32f4xx_hal_flash.o
LOAD ./Drivers/STM32F4xx_HAL_Driver/Src/stm32f4xx_hal_flash_ex.o
LOAD ./Drivers/STM32F4xx_HAL_Driver/Src/stm32f4xx_hal_flash_ramfunc.o
LOAD ./Drivers/STM32F4xx_HAL_Driver/Src/stm32f4xx_hal_gpio.o
LOAD ./Drivers/STM32F4xx_HAL_Driver/Src/stm32f4xx_hal_pcd.o
LOAD ./Drivers/STM32F4xx_HAL_Driver/Src/stm32f4xx_hal_pcd_ex.o
LOAD ./Drivers/STM32F4xx_HAL_Driver/Src/stm32f4xx_hal_pwr.o
LOAD ./Drivers/STM32F4xx_HAL_Driver/Src/stm32f4xx_hal_pwr_ex.o
LOAD ./Drivers/STM32F4xx_HAL_Driver/Src/stm32f4xx_hal_rcc.o
LOAD ./Drivers/STM32F4xx_HAL_Driver/Src/stm32f4xx_hal_rcc_ex.o
LOAD ./Drivers/STM32F4xx_HAL_Driver/Src/stm32f4xx_hal_spi.o
LOAD ./Drivers/STM32F4xx_HAL_Driver/Src/stm32f4xx_hal_tim.o
LOAD ./Drivers/STM32F4xx_HAL_Driver/Src/stm32f4xx_hal_tim_ex.o
LOAD ./Drivers/STM32F4xx_HAL_Driver/Src/stm32f4xx_hal_uart.o
LOAD ./Drivers/STM32F4xx_HAL_Driver/Src/stm32f4xx_ll_usb.o
LOAD ./Middlewares/ST/STM32_USB_Device_Library/Class/CDC/Src/usbd_cdc.o
LOAD ./Middlewares/ST/STM32_USB_Device_Library/Core/Src/usbd_core.o
LOAD ./Middlewares/ST/STM32_USB_Device_Library/Core/Src/usbd_ctlreq.o
LOAD ./Middlewares/ST/STM32_USB_Device_Library/Core/Src/usbd_ioreq.o
LOAD ./USB_DEVICE/App/usb_device.o
LOAD ./USB_DEVICE/App/usbd_cdc_if.o
LOAD ./USB_DEVICE/App/usbd_desc.o
LOAD ./USB_DEVICE/Target/usbd_conf.o
START GROUP
LOAD /Applications/STM32CubeIDE.app/Contents/Eclipse/plugins/com.st.stm32cube.ide.mcu.externaltools.gnu-tools-for-stm32.12.3.rel1.macos64_1.0.200.202406191456/tools/bin/../lib/gcc/arm-none-eabi/12.3.1/../../../../arm-none-eabi/lib/thumb/v7e-m+fp/hard/libc_nano.a
LOAD /Applications/STM32CubeIDE.app/Contents/Eclipse/plugins/com.st.stm32cube.ide.mcu.externaltools.gnu-tools-for-stm32.12.3.rel1.macos64_1.0.200.202406191456/tools/bin/../lib/gcc/arm-none-eabi/12.3.1/../../../../arm-none-eabi/lib/thumb/v7e-m+fp/hard/libm.a
END GROUP
START GROUP
LOAD /Applications/STM32CubeIDE.app/Contents/Eclipse/plugins/com.st.stm32cube.ide.mcu.externaltools.gnu-tools-for-stm32.12.3.rel1.macos64_1.0.200.202406191456/tools/bin/../lib/gcc/arm-none-eabi/12.3.1/thumb/v7e-m+fp/hard/libgcc.a
LOAD /Applications/STM32CubeIDE.app/Contents/Eclipse/plugins/com.st.stm32cube.ide.mcu.externaltools.gnu-tools-for-stm32.12.3.rel1.macos64_1.0.200.202406191456/tools/bin/../lib/gcc/arm-none-eabi/12.3.1/../../../../arm-none-eabi/lib/thumb/v7e-m+fp/hard/libc_nano.a
END GROUP
START GROUP
LOAD /Applications/STM32CubeIDE.app/Contents/Eclipse/plugins/com.st.stm32cube.ide.mcu.externaltools.gnu-tools-for-stm32.12.3.rel1.macos64_1.0.200.202406191456/tools/bin/../lib/gcc/arm-none-eabi/12.3.1/thumb/v7e-m+fp/hard/libgcc.a
LOAD /Applications/STM32CubeIDE.app/Contents/Eclipse/plugins/com.st.stm32cube.ide.mcu.externaltools.gnu-tools-for-stm32.12.3.rel1.macos64_1.0.200.202406191456/tools/bin/../lib/gcc/arm-none-eabi/12.3.1/../../../../arm-none-eabi/lib/thumb/v7e-m+fp/hard/libc_nano.a
LOAD /Applications/STM32CubeIDE.app/Contents/Eclipse/plugins/com.st.stm32cube.ide.mcu.externaltools.gnu-tools-for-stm32.12.3.rel1.macos64_1.0.200.202406191456/tools/bin/../lib/gcc/arm-none-eabi/12.3.1/../../../../arm-none-eabi/lib/thumb/v7e-m+fp/hard/libnosys.a
END GROUP
START GROUP
LOAD /Applications/STM32CubeIDE.app/Contents/Eclipse/plugins/com.st.stm32cube.ide.mcu.externaltools.gnu-tools-for-stm32.12.3.rel1.macos64_1.0.200.202406191456/tools/bin/../lib/gcc/arm-none-eabi/12.3.1/thumb/v7e-m+fp/hard/libgcc.a
LOAD /Applications/STM32CubeIDE.app/Contents/Eclipse/plugins/com.st.stm32cube.ide.mcu.externaltools.gnu-tools-for-stm32.12.3.rel1.macos64_1.0.200.202406191456/tools/bin/../lib/gcc/arm-none-eabi/12.3.1/../../../../arm-none-eabi/lib/thumb/v7e-m+fp/hard/libc_nano.a
LOAD /Applications/STM32CubeIDE.app/Contents/Eclipse/plugins/com.st.stm32cube.ide.mcu.externaltools.gnu-tools-for-stm32.12.3.rel1.macos64_1.0.200.202406191456/tools/bin/../lib/gcc/arm-none-eabi/12.3.1/../../../../arm-none-eabi/lib/thumb/v7e-m+fp/hard/libnosys.a
END GROUP
LOAD /Applications/STM32CubeIDE.app/Contents/Eclipse/plugins/com.st.stm32cube.ide.mcu.externaltools.gnu-tools-for-stm32.12.3.rel1.macos64_1.0.200.202406191456/tools/bin/../lib/gcc/arm-none-eabi/12.3.1/thumb/v7e-m+fp/hard/crtend.o
LOAD /Applications/STM32CubeIDE.app/Contents/Eclipse/plugins/com.st.stm32cube.ide.mcu.externaltools.gnu-tools-for-stm32.12.3.rel1.macos64_1.0.200.202406191456/tools/bin/../lib/gcc/arm-none-eabi/12.3.1/thumb/v7e-m+fp/hard/crtn.o
                0x20020000                        _estack = (ORIGIN (RAM) + LENGTH (RAM))
                0x00000200                        _Min_Heap_Size = 0x200
                0x00000400                        _Min_Stack_Size = 0x400

.isr_vector     0x08000000      0x198
                0x08000000                        . = ALIGN (0x4)
 *(.isr_vector)
 .isr_vector    0x08000000      0x198 ./Core/Startup/startup_stm32f411ceux.o
                0x08000000                g_pfnVectors
                0x08000198                        . = ALIGN (0x4)

.text           0x08000198     0x9948
                0x08000198                        . = ALIGN (0x4)
 *(.text)
 .text          0x08000198       0x40 /Applications/STM32CubeIDE.app/Contents/Eclipse/plugins/com.st.stm32cube.ide.mcu.externaltools.gnu-tools-for-stm32.12.3.rel1.macos64_1.0.200.202406191456/tools/bin/../lib/gcc/arm-none-eabi/12.3.1/thumb/v7e-m+fp/hard/crtbegin.o
 .text          0x080001d8       0x30 /Applications/STM32CubeIDE.app/Contents/Eclipse/plugins/com.st.stm32cube.ide.mcu.externaltools.gnu-tools-for-stm32.12.3.rel1.macos64_1.0.200.202406191456/tools/bin/../lib/gcc/arm-none-eabi/12.3.1/thumb/v7e-m+fp/hard/libgcc.a(_aeabi_uldivmod.o)
                0x080001d8                __aeabi_uldivmod
 .text          0x08000208      0x2bc /Applications/STM32CubeIDE.app/Contents/Eclipse/plugins/com.st.stm32cube.ide.mcu.externaltools.gnu-tools-for-stm32.12.3.rel1.macos64_1.0.200.202406191456/tools/bin/../lib/gcc/arm-none-eabi/12.3.1/thumb/v7e-m+fp/hard/libgcc.a(_udivmoddi4.o)
                0x08000208                __udivmoddi4
 .text          0x080004c4        0x4 /Applications/STM32CubeIDE.app/Contents/Eclipse/plugins/com.st.stm32cube.ide.mcu.externaltools.gnu-tools-for-stm32.12.3.rel1.macos64_1.0.200.202406191456/tools/bin/../lib/gcc/arm-none-eabi/12.3.1/thumb/v7e-m+fp/hard/libgcc.a(_dvmd_tls.o)
                0x080004c4                __aeabi_ldiv0
                0x080004c4                __aeabi_idiv0
 *(.text*)
 .text.main     0x080004c8       0x8c ./Core/Src/main.o
                0x080004c8                main
 .text.SystemClock_Config
                0x08000554       0xd8 ./Core/Src/main.o
                0x08000554                SystemClock_Config
 .text.MX_SPI1_Init
                0x0800062c       0x70 ./Core/Src/main.o
 .text.MX_USART2_UART_Init
                0x0800069c       0x54 ./Core/Src/main.o
 .text.MX_GPIO_Init
                0x080006f0      0x134 ./Core/Src/main.o
 .text.sx126x_init
                0x08000824       0xdc ./Core/Src/main.o
                0x08000824                sx126x_init
 .text.HAL_GPIO_EXTI_Callback
                0x08000900       0x28 ./Core/Src/main.o
                0x08000900                HAL_GPIO_EXTI_Callback
 .text.HAL_SPI_RxCpltCallback
                0x08000928       0x24 ./Core/Src/main.o
                0x08000928                HAL_SPI_RxCpltCallback
 .text.HAL_UART_RxCpltCallback
                0x0800094c       0x2c ./Core/Src/main.o
                0x0800094c                HAL_UART_RxCpltCallback
 .text.Error_Handler
                0x08000978        0xc ./Core/Src/main.o
                0x08000978                Error_Handler
 .text.HAL_MspInit
                0x08000984       0x50 ./Core/Src/stm32f4xx_hal_msp.o
                0x08000984                HAL_MspInit
 .text.HAL_SPI_MspInit
                0x080009d4       0xa0 ./Core/Src/stm32f4xx_hal_msp.o
                0x080009d4                HAL_SPI_MspInit
 .text.HAL_UART_MspInit
                0x08000a74       0xa0 ./Core/Src/stm32f4xx_hal_msp.o
                0x08000a74                HAL_UART_MspInit
 .text.NMI_Handler
                0x08000b14        0x8 ./Core/Src/stm32f4xx_it.o
                0x08000b14                NMI_Handler
 .text.HardFault_Handler
                0x08000b1c        0x8 ./Core/Src/stm32f4xx_it.o
                0x08000b1c                HardFault_Handler
 .text.MemManage_Handler
                0x08000b24        0x8 ./Core/Src/stm32f4xx_it.o
                0x08000b24                MemManage_Handler
 .text.BusFault_Handler
                0x08000b2c        0x8 ./Core/Src/stm32f4xx_it.o
                0x08000b2c                BusFault_Handler
 .text.UsageFault_Handler
                0x08000b34        0x8 ./Core/Src/stm32f4xx_it.o
                0x08000b34                UsageFault_Handler
 .text.SVC_Handler
                0x08000b3c        0xe ./Core/Src/stm32f4xx_it.o
                0x08000b3c                SVC_Handler
 .text.DebugMon_Handler
                0x08000b4a        0xe ./Core/Src/stm32f4xx_it.o
                0x08000b4a                DebugMon_Handler
 .text.PendSV_Handler
                0x08000b58        0xe ./Core/Src/stm32f4xx_it.o
                0x08000b58                PendSV_Handler
 .text.SysTick_Handler
                0x08000b66        0xc ./Core/Src/stm32f4xx_it.o
                0x08000b66                SysTick_Handler
 .text.EXTI9_5_IRQHandler
                0x08000b72       0x10 ./Core/Src/stm32f4xx_it.o
                0x08000b72                EXTI9_5_IRQHandler
 *fill*         0x08000b82        0x2 
 .text.SPI1_IRQHandler
                0x08000b84       0x14 ./Core/Src/stm32f4xx_it.o
                0x08000b84                SPI1_IRQHandler
 .text.USART2_IRQHandler
                0x08000b98       0x14 ./Core/Src/stm32f4xx_it.o
                0x08000b98                USART2_IRQHandler
 .text.OTG_FS_IRQHandler
                0x08000bac       0x14 ./Core/Src/stm32f4xx_it.o
                0x08000bac                OTG_FS_IRQHandler
 .text.sx126x_set_standby
                0x08000bc0       0x30 ./Core/Src/sx126x.o
                0x08000bc0                sx126x_set_standby
 .text.sx126x_set_tx
                0x08000bf0       0x30 ./Core/Src/sx126x.o
                0x08000bf0                sx126x_set_tx
 .text.sx126x_set_tx_with_timeout_in_rtc_step
                0x08000c20       0x40 ./Core/Src/sx126x.o
                0x08000c20                sx126x_set_tx_with_timeout_in_rtc_step
 .text.sx126x_set_reg_mode
                0x08000c60       0x30 ./Core/Src/sx126x.o
                0x08000c60                sx126x_set_reg_mode
 .text.sx126x_cal
                0x08000c90       0x30 ./Core/Src/sx126x.o
                0x08000c90                sx126x_cal
 .text.sx126x_set_pa_cfg
                0x08000cc0       0x42 ./Core/Src/sx126x.o
                0x08000cc0                sx126x_set_pa_cfg
 .text.sx126x_write_register
                0x08000d02       0x46 ./Core/Src/sx126x.o
                0x08000d02                sx126x_write_register
 .text.sx126x_read_register
                0x08000d48       0x4a ./Core/Src/sx126x.o
                0x08000d48                sx126x_read_register
 .text.sx126x_write_buffer
                0x08000d92       0x3a ./Core/Src/sx126x.o
                0x08000d92                sx126x_write_buffer
 .text.sx126x_set_dio_irq_params
                0x08000dcc       0x7a ./Core/Src/sx126x.o
                0x08000dcc                sx126x_set_dio_irq_params
 .text.sx126x_set_dio3_as_tcxo_ctrl
                0x08000e46       0x48 ./Core/Src/sx126x.o
                0x08000e46                sx126x_set_dio3_as_tcxo_ctrl
 .text.sx126x_set_rf_freq
                0x08000e8e       0x24 ./Core/Src/sx126x.o
                0x08000e8e                sx126x_set_rf_freq
 .text.sx126x_set_rf_freq_in_pll_steps
                0x08000eb2       0x48 ./Core/Src/sx126x.o
                0x08000eb2                sx126x_set_rf_freq_in_pll_steps
 .text.sx126x_set_pkt_type
                0x08000efa       0x30 ./Core/Src/sx126x.o
                0x08000efa                sx126x_set_pkt_type
 .text.sx126x_set_tx_params
                0x08000f2a       0x38 ./Core/Src/sx126x.o
                0x08000f2a                sx126x_set_tx_params
 .text.sx126x_set_lora_mod_params
                0x08000f62       0x64 ./Core/Src/sx126x.o
                0x08000f62                sx126x_set_lora_mod_params
 .text.sx126x_set_buffer_base_address
                0x08000fc6       0x38 ./Core/Src/sx126x.o
                0x08000fc6                sx126x_set_buffer_base_address
 *fill*         0x08000ffe        0x2 
 .text.sx126x_convert_freq_in_hz_to_pll_step
                0x08001000       0x4c ./Core/Src/sx126x.o
                0x08001000                sx126x_convert_freq_in_hz_to_pll_step
 .text.sx126x_convert_timeout_in_ms_to_rtc_step
                0x0800104c       0x18 ./Core/Src/sx126x.o
                0x0800104c                sx126x_convert_timeout_in_ms_to_rtc_step
 .text.sx126x_tx_modulation_workaround
                0x08001064       0x7a ./Core/Src/sx126x.o
 .text.sx126x_hal_write
                0x080010de       0x76 ./Core/Src/sx126x_hal.o
                0x080010de                sx126x_hal_write
 .text.sx126x_hal_read
                0x08001154       0xa0 ./Core/Src/sx126x_hal.o
                0x08001154                sx126x_hal_read
 .text.sx126x_hal_reset
                0x080011f4       0x3c ./Core/Src/sx126x_hal.o
                0x080011f4                sx126x_hal_reset
 .text.sx126x_hal_wakeup
                0x08001230       0x54 ./Core/Src/sx126x_hal.o
                0x08001230                sx126x_hal_wakeup
 .text.SystemInit
                0x08001284       0x24 ./Core/Src/system_stm32f4xx.o
                0x08001284                SystemInit
 .text.Reset_Handler
                0x080012a8       0x50 ./Core/Startup/startup_stm32f411ceux.o
                0x080012a8                Reset_Handler
 .text.Default_Handler
                0x080012f8        0x2 ./Core/Startup/startup_stm32f411ceux.o
                0x080012f8                DMA1_Stream3_IRQHandler
                0x080012f8                EXTI2_IRQHandler
                0x080012f8                SPI4_IRQHandler
                0x080012f8                TIM1_CC_IRQHandler
                0x080012f8                DMA2_Stream5_IRQHandler
                0x080012f8                DMA1_Stream5_IRQHandler
                0x080012f8                PVD_IRQHandler
                0x080012f8                SDIO_IRQHandler
                0x080012f8                TAMP_STAMP_IRQHandler
                0x080012f8                EXTI3_IRQHandler
                0x080012f8                TIM1_UP_TIM10_IRQHandler
                0x080012f8                I2C3_ER_IRQHandler
                0x080012f8                EXTI0_IRQHandler
                0x080012f8                I2C2_EV_IRQHandler
                0x080012f8                DMA1_Stream2_IRQHandler
                0x080012f8                FPU_IRQHandler
                0x080012f8                DMA2_Stream2_IRQHandler
                0x080012f8                TIM1_BRK_TIM9_IRQHandler
                0x080012f8                DMA2_Stream3_IRQHandler
                0x080012f8                USART6_IRQHandler
                0x080012f8                DMA2_Stream0_IRQHandler
                0x080012f8                TIM4_IRQHandler
                0x080012f8                I2C1_EV_IRQHandler
                0x080012f8                DMA1_Stream6_IRQHandler
                0x080012f8                DMA1_Stream1_IRQHandler
                0x080012f8                TIM3_IRQHandler
                0x080012f8                RCC_IRQHandler
                0x080012f8                Default_Handler
                0x080012f8                EXTI15_10_IRQHandler
                0x080012f8                ADC_IRQHandler
                0x080012f8                DMA1_Stream7_IRQHandler
                0x080012f8                SPI5_IRQHandler
                0x080012f8                TIM5_IRQHandler
                0x080012f8                DMA2_Stream7_IRQHandler
                0x080012f8                I2C3_EV_IRQHandler
                0x080012f8                RTC_WKUP_IRQHandler
                0x080012f8                SPI2_IRQHandler
                0x080012f8                DMA1_Stream0_IRQHandler
                0x080012f8                EXTI4_IRQHandler
                0x080012f8                WWDG_IRQHandler
                0x080012f8                TIM2_IRQHandler
                0x080012f8                OTG_FS_WKUP_IRQHandler
                0x080012f8                TIM1_TRG_COM_TIM11_IRQHandler
                0x080012f8                EXTI1_IRQHandler
                0x080012f8                I2C2_ER_IRQHandler
                0x080012f8                DMA2_Stream1_IRQHandler
                0x080012f8                FLASH_IRQHandler
                0x080012f8                DMA2_Stream4_IRQHandler
                0x080012f8                USART1_IRQHandler
                0x080012f8                SPI3_IRQHandler
                0x080012f8                DMA1_Stream4_IRQHandler
                0x080012f8                I2C1_ER_IRQHandler
                0x080012f8                DMA2_Stream6_IRQHandler
                0x080012f8                RTC_Alarm_IRQHandler
 *fill*         0x080012fa        0x2 
 .text.HAL_Init
                0x080012fc       0x44 ./Drivers/STM32F4xx_HAL_Driver/Src/stm32f4xx_hal.o
                0x080012fc                HAL_Init
 .text.HAL_InitTick
                0x08001340       0x60 ./Drivers/STM32F4xx_HAL_Driver/Src/stm32f4xx_hal.o
                0x08001340                HAL_InitTick
 .text.HAL_IncTick
                0x080013a0       0x28 ./Drivers/STM32F4xx_HAL_Driver/Src/stm32f4xx_hal.o
                0x080013a0                HAL_IncTick
 .text.HAL_GetTick
                0x080013c8       0x18 ./Drivers/STM32F4xx_HAL_Driver/Src/stm32f4xx_hal.o
                0x080013c8                HAL_GetTick
 .text.HAL_Delay
                0x080013e0       0x48 ./Drivers/STM32F4xx_HAL_Driver/Src/stm32f4xx_hal.o
                0x080013e0                HAL_Delay
 .text.__NVIC_SetPriorityGrouping
                0x08001428       0x48 ./Drivers/STM32F4xx_HAL_Driver/Src/stm32f4xx_hal_cortex.o
 .text.__NVIC_GetPriorityGrouping
                0x08001470       0x1c ./Drivers/STM32F4xx_HAL_Driver/Src/stm32f4xx_hal_cortex.o
 .text.__NVIC_EnableIRQ
                0x0800148c       0x3c ./Drivers/STM32F4xx_HAL_Driver/Src/stm32f4xx_hal_cortex.o
 .text.__NVIC_SetPriority
                0x080014c8       0x54 ./Drivers/STM32F4xx_HAL_Driver/Src/stm32f4xx_hal_cortex.o
 .text.NVIC_EncodePriority
                0x0800151c       0x66 ./Drivers/STM32F4xx_HAL_Driver/Src/stm32f4xx_hal_cortex.o
 *fill*         0x08001582        0x2 
 .text.SysTick_Config
                0x08001584       0x44 ./Drivers/STM32F4xx_HAL_Driver/Src/stm32f4xx_hal_cortex.o
 .text.HAL_NVIC_SetPriorityGrouping
                0x080015c8       0x16 ./Drivers/STM32F4xx_HAL_Driver/Src/stm32f4xx_hal_cortex.o
                0x080015c8                HAL_NVIC_SetPriorityGrouping
 .text.HAL_NVIC_SetPriority
                0x080015de       0x38 ./Drivers/STM32F4xx_HAL_Driver/Src/stm32f4xx_hal_cortex.o
                0x080015de                HAL_NVIC_SetPriority
 .text.HAL_NVIC_EnableIRQ
                0x08001616       0x1c ./Drivers/STM32F4xx_HAL_Driver/Src/stm32f4xx_hal_cortex.o
                0x08001616                HAL_NVIC_EnableIRQ
 .text.HAL_SYSTICK_Config
                0x08001632       0x18 ./Drivers/STM32F4xx_HAL_Driver/Src/stm32f4xx_hal_cortex.o
                0x08001632                HAL_SYSTICK_Config
 .text.HAL_DMA_Abort
                0x0800164a       0xe0 ./Drivers/STM32F4xx_HAL_Driver/Src/stm32f4xx_hal_dma.o
                0x0800164a                HAL_DMA_Abort
 .text.HAL_DMA_Abort_IT
                0x0800172a       0x44 ./Drivers/STM32F4xx_HAL_Driver/Src/stm32f4xx_hal_dma.o
                0x0800172a                HAL_DMA_Abort_IT
 *fill*         0x0800176e        0x2 
 .text.HAL_GPIO_Init
                0x08001770      0x308 ./Drivers/STM32F4xx_HAL_Driver/Src/stm32f4xx_hal_gpio.o
                0x08001770                HAL_GPIO_Init
 .text.HAL_GPIO_ReadPin
                0x08001a78       0x30 ./Drivers/STM32F4xx_HAL_Driver/Src/stm32f4xx_hal_gpio.o
                0x08001a78                HAL_GPIO_ReadPin
 .text.HAL_GPIO_WritePin
                0x08001aa8       0x32 ./Drivers/STM32F4xx_HAL_Driver/Src/stm32f4xx_hal_gpio.o
                0x08001aa8                HAL_GPIO_WritePin
 *fill*         0x08001ada        0x2 
 .text.HAL_GPIO_EXTI_IRQHandler
                0x08001adc       0x30 ./Drivers/STM32F4xx_HAL_Driver/Src/stm32f4xx_hal_gpio.o
                0x08001adc                HAL_GPIO_EXTI_IRQHandler
 .text.HAL_PCD_Init
                0x08001b0c      0x21e ./Drivers/STM32F4xx_HAL_Driver/Src/stm32f4xx_hal_pcd.o
                0x08001b0c                HAL_PCD_Init
 .text.HAL_PCD_Start
                0x08001d2a       0x6a ./Drivers/STM32F4xx_HAL_Driver/Src/stm32f4xx_hal_pcd.o
                0x08001d2a                HAL_PCD_Start
 .text.HAL_PCD_IRQHandler
                0x08001d94      0x942 ./Drivers/STM32F4xx_HAL_Driver/Src/stm32f4xx_hal_pcd.o
                0x08001d94                HAL_PCD_IRQHandler
 .text.HAL_PCD_SetAddress
                0x080026d6       0x48 ./Drivers/STM32F4xx_HAL_Driver/Src/stm32f4xx_hal_pcd.o
                0x080026d6                HAL_PCD_SetAddress
 .text.HAL_PCD_EP_Open
                0x0800271e       0xd4 ./Drivers/STM32F4xx_HAL_Driver/Src/stm32f4xx_hal_pcd.o
                0x0800271e                HAL_PCD_EP_Open
 .text.HAL_PCD_EP_Close
                0x080027f2       0x94 ./Drivers/STM32F4xx_HAL_Driver/Src/stm32f4xx_hal_pcd.o
                0x080027f2                HAL_PCD_EP_Close
 .text.HAL_PCD_EP_Receive
                0x08002886       0x76 ./Drivers/STM32F4xx_HAL_Driver/Src/stm32f4xx_hal_pcd.o
                0x08002886                HAL_PCD_EP_Receive
 .text.HAL_PCD_EP_GetRxCount
                0x080028fc       0x30 ./Drivers/STM32F4xx_HAL_Driver/Src/stm32f4xx_hal_pcd.o
                0x080028fc                HAL_PCD_EP_GetRxCount
 .text.HAL_PCD_EP_Transmit
                0x0800292c       0x74 ./Drivers/STM32F4xx_HAL_Driver/Src/stm32f4xx_hal_pcd.o
                0x0800292c                HAL_PCD_EP_Transmit
 .text.HAL_PCD_EP_SetStall
                0x080029a0       0xc6 ./Drivers/STM32F4xx_HAL_Driver/Src/stm32f4xx_hal_pcd.o
                0x080029a0                HAL_PCD_EP_SetStall
 .text.HAL_PCD_EP_ClrStall
                0x08002a66       0xac ./Drivers/STM32F4xx_HAL_Driver/Src/stm32f4xx_hal_pcd.o
                0x08002a66                HAL_PCD_EP_ClrStall
 .text.HAL_PCD_EP_Abort
                0x08002b12       0x62 ./Drivers/STM32F4xx_HAL_Driver/Src/stm32f4xx_hal_pcd.o
                0x08002b12                HAL_PCD_EP_Abort
 .text.PCD_WriteEmptyTxFifo
                0x08002b74      0x118 ./Drivers/STM32F4xx_HAL_Driver/Src/stm32f4xx_hal_pcd.o
 .text.PCD_EP_OutXfrComplete_int
                0x08002c8c      0x1d0 ./Drivers/STM32F4xx_HAL_Driver/Src/stm32f4xx_hal_pcd.o
 .text.PCD_EP_OutSetupPacket_int
                0x08002e5c       0x8c ./Drivers/STM32F4xx_HAL_Driver/Src/stm32f4xx_hal_pcd.o
 .text.HAL_PCDEx_SetTxFiFo
                0x08002ee8       0x8e ./Drivers/STM32F4xx_HAL_Driver/Src/stm32f4xx_hal_pcd_ex.o
                0x08002ee8                HAL_PCDEx_SetTxFiFo
 .text.HAL_PCDEx_SetRxFiFo
                0x08002f76       0x22 ./Drivers/STM32F4xx_HAL_Driver/Src/stm32f4xx_hal_pcd_ex.o
                0x08002f76                HAL_PCDEx_SetRxFiFo
 .text.HAL_PCDEx_LPM_Callback
                0x08002f98       0x18 ./Drivers/STM32F4xx_HAL_Driver/Src/stm32f4xx_hal_pcd_ex.o
                0x08002f98                HAL_PCDEx_LPM_Callback
 .text.HAL_RCC_OscConfig
                0x08002fb0      0x4f0 ./Drivers/STM32F4xx_HAL_Driver/Src/stm32f4xx_hal_rcc.o
                0x08002fb0                HAL_RCC_OscConfig
 .text.HAL_RCC_ClockConfig
                0x080034a0      0x1cc ./Drivers/STM32F4xx_HAL_Driver/Src/stm32f4xx_hal_rcc.o
                0x080034a0                HAL_RCC_ClockConfig
 .text.HAL_RCC_GetSysClockFreq
                0x0800366c      0x18c ./Drivers/STM32F4xx_HAL_Driver/Src/stm32f4xx_hal_rcc.o
                0x0800366c                HAL_RCC_GetSysClockFreq
 .text.HAL_RCC_GetHCLKFreq
                0x080037f8       0x18 ./Drivers/STM32F4xx_HAL_Driver/Src/stm32f4xx_hal_rcc.o
                0x080037f8                HAL_RCC_GetHCLKFreq
 .text.HAL_RCC_GetPCLK1Freq
                0x08003810       0x28 ./Drivers/STM32F4xx_HAL_Driver/Src/stm32f4xx_hal_rcc.o
                0x08003810                HAL_RCC_GetPCLK1Freq
 .text.HAL_RCC_GetPCLK2Freq
                0x08003838       0x28 ./Drivers/STM32F4xx_HAL_Driver/Src/stm32f4xx_hal_rcc.o
                0x08003838                HAL_RCC_GetPCLK2Freq
 .text.HAL_SPI_Init
                0x08003860      0x112 ./Drivers/STM32F4xx_HAL_Driver/Src/stm32f4xx_hal_spi.o
                0x08003860                HAL_SPI_Init
 .text.HAL_SPI_Transmit
                0x08003972      0x288 ./Drivers/STM32F4xx_HAL_Driver/Src/stm32f4xx_hal_spi.o
                0x08003972                HAL_SPI_Transmit
 .text.HAL_SPI_Receive
                0x08003bfa      0x232 ./Drivers/STM32F4xx_HAL_Driver/Src/stm32f4xx_hal_spi.o
                0x08003bfa                HAL_SPI_Receive
 .text.HAL_SPI_TransmitReceive
                0x08003e2c      0x352 ./Drivers/STM32F4xx_HAL_Driver/Src/stm32f4xx_hal_spi.o
                0x08003e2c                HAL_SPI_TransmitReceive
 *fill*         0x0800417e        0x2 
 .text.HAL_SPI_Receive_IT
                0x08004180      0x130 ./Drivers/STM32F4xx_HAL_Driver/Src/stm32f4xx_hal_spi.o
                0x08004180                HAL_SPI_Receive_IT
 .text.HAL_SPI_TransmitReceive_IT
                0x080042b0      0x11c ./Drivers/STM32F4xx_HAL_Driver/Src/stm32f4xx_hal_spi.o
                0x080042b0                HAL_SPI_TransmitReceive_IT
 .text.HAL_SPI_IRQHandler
                0x080043cc      0x1e8 ./Drivers/STM32F4xx_HAL_Driver/Src/stm32f4xx_hal_spi.o
                0x080043cc                HAL_SPI_IRQHandler
 .text.HAL_SPI_TxRxCpltCallback
                0x080045b4       0x14 ./Drivers/STM32F4xx_HAL_Driver/Src/stm32f4xx_hal_spi.o
                0x080045b4                HAL_SPI_TxRxCpltCallback
 .text.HAL_SPI_ErrorCallback
                0x080045c8       0x14 ./Drivers/STM32F4xx_HAL_Driver/Src/stm32f4xx_hal_spi.o
                0x080045c8                HAL_SPI_ErrorCallback
 .text.SPI_DMAAbortOnError
                0x080045dc       0x28 ./Drivers/STM32F4xx_HAL_Driver/Src/stm32f4xx_hal_spi.o
 .text.SPI_2linesRxISR_8BIT
                0x08004604       0x64 ./Drivers/STM32F4xx_HAL_Driver/Src/stm32f4xx_hal_spi.o
 .text.SPI_2linesTxISR_8BIT
                0x08004668       0x60 ./Drivers/STM32F4xx_HAL_Driver/Src/stm32f4xx_hal_spi.o
 .text.SPI_2linesRxISR_16BIT
                0x080046c8       0x60 ./Drivers/STM32F4xx_HAL_Driver/Src/stm32f4xx_hal_spi.o
 .text.SPI_2linesTxISR_16BIT
                0x08004728       0x5e ./Drivers/STM32F4xx_HAL_Driver/Src/stm32f4xx_hal_spi.o
 .text.SPI_RxISR_8BIT
                0x08004786       0x4a ./Drivers/STM32F4xx_HAL_Driver/Src/stm32f4xx_hal_spi.o
 .text.SPI_RxISR_16BIT
                0x080047d0       0x46 ./Drivers/STM32F4xx_HAL_Driver/Src/stm32f4xx_hal_spi.o
 *fill*         0x08004816        0x2 
 .text.SPI_WaitFlagStateUntilTimeout
                0x08004818      0x110 ./Drivers/STM32F4xx_HAL_Driver/Src/stm32f4xx_hal_spi.o
 .text.SPI_EndRxTransaction
                0x08004928       0xca ./Drivers/STM32F4xx_HAL_Driver/Src/stm32f4xx_hal_spi.o
 *fill*         0x080049f2        0x2 
 .text.SPI_EndRxTxTransaction
                0x080049f4       0xa8 ./Drivers/STM32F4xx_HAL_Driver/Src/stm32f4xx_hal_spi.o
 .text.SPI_CloseRxTx_ISR
                0x08004a9c       0xe8 ./Drivers/STM32F4xx_HAL_Driver/Src/stm32f4xx_hal_spi.o
 .text.SPI_CloseRx_ISR
                0x08004b84       0x7e ./Drivers/STM32F4xx_HAL_Driver/Src/stm32f4xx_hal_spi.o
 .text.HAL_UART_Init
                0x08004c02       0xa0 ./Drivers/STM32F4xx_HAL_Driver/Src/stm32f4xx_hal_uart.o
                0x08004c02                HAL_UART_Init
 .text.HAL_UART_Receive_IT
                0x08004ca2       0x4a ./Drivers/STM32F4xx_HAL_Driver/Src/stm32f4xx_hal_uart.o
                0x08004ca2                HAL_UART_Receive_IT
 .text.HAL_UART_IRQHandler
                0x08004cec      0x524 ./Drivers/STM32F4xx_HAL_Driver/Src/stm32f4xx_hal_uart.o
                0x08004cec                HAL_UART_IRQHandler
 .text.HAL_UART_TxCpltCallback
                0x08005210       0x14 ./Drivers/STM32F4xx_HAL_Driver/Src/stm32f4xx_hal_uart.o
                0x08005210                HAL_UART_TxCpltCallback
 .text.HAL_UART_ErrorCallback
                0x08005224       0x14 ./Drivers/STM32F4xx_HAL_Driver/Src/stm32f4xx_hal_uart.o
                0x08005224                HAL_UART_ErrorCallback
 .text.HAL_UARTEx_RxEventCallback
                0x08005238       0x18 ./Drivers/STM32F4xx_HAL_Driver/Src/stm32f4xx_hal_uart.o
                0x08005238                HAL_UARTEx_RxEventCallback
 .text.UART_Start_Receive_IT
                0x08005250       0x74 ./Drivers/STM32F4xx_HAL_Driver/Src/stm32f4xx_hal_uart.o
                0x08005250                UART_Start_Receive_IT
 .text.UART_EndRxTransfer
                0x080052c4       0xc6 ./Drivers/STM32F4xx_HAL_Driver/Src/stm32f4xx_hal_uart.o
 .text.UART_DMAAbortOnError
                0x0800538a       0x28 ./Drivers/STM32F4xx_HAL_Driver/Src/stm32f4xx_hal_uart.o
 .text.UART_Transmit_IT
                0x080053b2       0xa0 ./Drivers/STM32F4xx_HAL_Driver/Src/stm32f4xx_hal_uart.o
 .text.UART_EndTransmit_IT
                0x08005452       0x30 ./Drivers/STM32F4xx_HAL_Driver/Src/stm32f4xx_hal_uart.o
 .text.UART_Receive_IT
                0x08005482      0x17c ./Drivers/STM32F4xx_HAL_Driver/Src/stm32f4xx_hal_uart.o
 *fill*         0x080055fe        0x2 
 .text.UART_SetConfig
                0x08005600      0x4e8 ./Drivers/STM32F4xx_HAL_Driver/Src/stm32f4xx_hal_uart.o
 .text.USB_CoreInit
                0x08005ae8       0xc8 ./Drivers/STM32F4xx_HAL_Driver/Src/stm32f4xx_ll_usb.o
                0x08005ae8                USB_CoreInit
 .text.USB_SetTurnaroundTime
                0x08005bb0      0x144 ./Drivers/STM32F4xx_HAL_Driver/Src/stm32f4xx_ll_usb.o
                0x08005bb0                USB_SetTurnaroundTime
 .text.USB_EnableGlobalInt
                0x08005cf4       0x22 ./Drivers/STM32F4xx_HAL_Driver/Src/stm32f4xx_ll_usb.o
                0x08005cf4                USB_EnableGlobalInt
 .text.USB_DisableGlobalInt
                0x08005d16       0x22 ./Drivers/STM32F4xx_HAL_Driver/Src/stm32f4xx_ll_usb.o
                0x08005d16                USB_DisableGlobalInt
 .text.USB_SetCurrentMode
                0x08005d38       0x98 ./Drivers/STM32F4xx_HAL_Driver/Src/stm32f4xx_ll_usb.o
                0x08005d38                USB_SetCurrentMode
 .text.USB_DevInit
                0x08005dd0      0x2c8 ./Drivers/STM32F4xx_HAL_Driver/Src/stm32f4xx_ll_usb.o
                0x08005dd0                USB_DevInit
 .text.USB_FlushTxFifo
                0x08006098       0x64 ./Drivers/STM32F4xx_HAL_Driver/Src/stm32f4xx_ll_usb.o
                0x08006098                USB_FlushTxFifo
 .text.USB_FlushRxFifo
                0x080060fc       0x5c ./Drivers/STM32F4xx_HAL_Driver/Src/stm32f4xx_ll_usb.o
                0x080060fc                USB_FlushRxFifo
 .text.USB_SetDevSpeed
                0x08006158       0x32 ./Drivers/STM32F4xx_HAL_Driver/Src/stm32f4xx_ll_usb.o
                0x08006158                USB_SetDevSpeed
 .text.USB_GetDevSpeed
                0x0800618a       0x4a ./Drivers/STM32F4xx_HAL_Driver/Src/stm32f4xx_ll_usb.o
                0x0800618a                USB_GetDevSpeed
 .text.USB_ActivateEndpoint
                0x080061d4      0x10e ./Drivers/STM32F4xx_HAL_Driver/Src/stm32f4xx_ll_usb.o
                0x080061d4                USB_ActivateEndpoint
 *fill*         0x080062e2        0x2 
 .text.USB_DeactivateEndpoint
                0x080062e4      0x1b8 ./Drivers/STM32F4xx_HAL_Driver/Src/stm32f4xx_ll_usb.o
                0x080062e4                USB_DeactivateEndpoint
 .text.USB_EPStartXfer
                0x0800649c      0x53c ./Drivers/STM32F4xx_HAL_Driver/Src/stm32f4xx_ll_usb.o
                0x0800649c                USB_EPStartXfer
 .text.USB_EPStopXfer
                0x080069d8      0x154 ./Drivers/STM32F4xx_HAL_Driver/Src/stm32f4xx_ll_usb.o
                0x080069d8                USB_EPStopXfer
 .text.USB_WritePacket
                0x08006b2c       0x7c ./Drivers/STM32F4xx_HAL_Driver/Src/stm32f4xx_ll_usb.o
                0x08006b2c                USB_WritePacket
 .text.USB_ReadPacket
                0x08006ba8       0xb0 ./Drivers/STM32F4xx_HAL_Driver/Src/stm32f4xx_ll_usb.o
                0x08006ba8                USB_ReadPacket
 .text.USB_EPSetStall
                0x08006c58       0xdc ./Drivers/STM32F4xx_HAL_Driver/Src/stm32f4xx_ll_usb.o
                0x08006c58                USB_EPSetStall
 .text.USB_EPClearStall
                0x08006d34       0xcc ./Drivers/STM32F4xx_HAL_Driver/Src/stm32f4xx_ll_usb.o
                0x08006d34                USB_EPClearStall
 .text.USB_SetDevAddress
                0x08006e00       0x4c ./Drivers/STM32F4xx_HAL_Driver/Src/stm32f4xx_ll_usb.o
                0x08006e00                USB_SetDevAddress
 .text.USB_DevConnect
                0x08006e4c       0x42 ./Drivers/STM32F4xx_HAL_Driver/Src/stm32f4xx_ll_usb.o
                0x08006e4c                USB_DevConnect
 .text.USB_DevDisconnect
                0x08006e8e       0x42 ./Drivers/STM32F4xx_HAL_Driver/Src/stm32f4xx_ll_usb.o
                0x08006e8e                USB_DevDisconnect
 .text.USB_ReadInterrupts
                0x08006ed0       0x26 ./Drivers/STM32F4xx_HAL_Driver/Src/stm32f4xx_ll_usb.o
                0x08006ed0                USB_ReadInterrupts
 .text.USB_ReadDevAllOutEpInterrupt
                0x08006ef6       0x34 ./Drivers/STM32F4xx_HAL_Driver/Src/stm32f4xx_ll_usb.o
                0x08006ef6                USB_ReadDevAllOutEpInterrupt
 .text.USB_ReadDevAllInEpInterrupt
                0x08006f2a       0x34 ./Drivers/STM32F4xx_HAL_Driver/Src/stm32f4xx_ll_usb.o
                0x08006f2a                USB_ReadDevAllInEpInterrupt
 .text.USB_ReadDevOutEPInterrupt
                0x08006f5e       0x3c ./Drivers/STM32F4xx_HAL_Driver/Src/stm32f4xx_ll_usb.o
                0x08006f5e                USB_ReadDevOutEPInterrupt
 .text.USB_ReadDevInEPInterrupt
                0x08006f9a       0x5c ./Drivers/STM32F4xx_HAL_Driver/Src/stm32f4xx_ll_usb.o
                0x08006f9a                USB_ReadDevInEPInterrupt
 .text.USB_GetMode
                0x08006ff6       0x1c ./Drivers/STM32F4xx_HAL_Driver/Src/stm32f4xx_ll_usb.o
                0x08006ff6                USB_GetMode
 .text.USB_ActivateSetup
                0x08007012       0x46 ./Drivers/STM32F4xx_HAL_Driver/Src/stm32f4xx_ll_usb.o
                0x08007012                USB_ActivateSetup
 .text.USB_EP0_OutStart
                0x08007058       0xbc ./Drivers/STM32F4xx_HAL_Driver/Src/stm32f4xx_ll_usb.o
                0x08007058                USB_EP0_OutStart
 .text.USB_CoreReset
                0x08007114       0x62 ./Drivers/STM32F4xx_HAL_Driver/Src/stm32f4xx_ll_usb.o
 *fill*         0x08007176        0x2 
 .text.USBD_CDC_Init
                0x08007178      0x1f0 ./Middlewares/ST/STM32_USB_Device_Library/Class/CDC/Src/usbd_cdc.o
 .text.USBD_CDC_DeInit
                0x08007368      0x104 ./Middlewares/ST/STM32_USB_Device_Library/Class/CDC/Src/usbd_cdc.o
 .text.USBD_CDC_Setup
                0x0800746c      0x1b8 ./Middlewares/ST/STM32_USB_Device_Library/Class/CDC/Src/usbd_cdc.o
 .text.USBD_CDC_DataIn
                0x08007624       0xfe ./Middlewares/ST/STM32_USB_Device_Library/Class/CDC/Src/usbd_cdc.o
 .text.USBD_CDC_DataOut
                0x08007722       0x70 ./Middlewares/ST/STM32_USB_Device_Library/Class/CDC/Src/usbd_cdc.o
 .text.USBD_CDC_EP0_RxReady
                0x08007792       0x74 ./Middlewares/ST/STM32_USB_Device_Library/Class/CDC/Src/usbd_cdc.o
 *fill*         0x08007806        0x2 
 .text.USBD_CDC_GetFSCfgDesc
                0x08007808       0x70 ./Middlewares/ST/STM32_USB_Device_Library/Class/CDC/Src/usbd_cdc.o
 .text.USBD_CDC_GetHSCfgDesc
                0x08007878       0x70 ./Middlewares/ST/STM32_USB_Device_Library/Class/CDC/Src/usbd_cdc.o
 .text.USBD_CDC_GetOtherSpeedCfgDesc
                0x080078e8       0x70 ./Middlewares/ST/STM32_USB_Device_Library/Class/CDC/Src/usbd_cdc.o
 .text.USBD_CDC_GetDeviceQualifierDescriptor
                0x08007958       0x20 ./Middlewares/ST/STM32_USB_Device_Library/Class/CDC/Src/usbd_cdc.o
                0x08007958                USBD_CDC_GetDeviceQualifierDescriptor
 .text.USBD_CDC_RegisterInterface
                0x08007978       0x34 ./Middlewares/ST/STM32_USB_Device_Library/Class/CDC/Src/usbd_cdc.o
                0x08007978                USBD_CDC_RegisterInterface
 .text.USBD_CDC_SetTxBuffer
                0x080079ac       0x44 ./Middlewares/ST/STM32_USB_Device_Library/Class/CDC/Src/usbd_cdc.o
                0x080079ac                USBD_CDC_SetTxBuffer
 .text.USBD_CDC_SetRxBuffer
                0x080079f0       0x3a ./Middlewares/ST/STM32_USB_Device_Library/Class/CDC/Src/usbd_cdc.o
                0x080079f0                USBD_CDC_SetRxBuffer
 *fill*         0x08007a2a        0x2 
 .text.USBD_CDC_ReceivePacket
                0x08007a2c       0x6c ./Middlewares/ST/STM32_USB_Device_Library/Class/CDC/Src/usbd_cdc.o
                0x08007a2c                USBD_CDC_ReceivePacket
 .text.USBD_Init
                0x08007a98       0x60 ./Middlewares/ST/STM32_USB_Device_Library/Core/Src/usbd_core.o
                0x08007a98                USBD_Init
 .text.USBD_RegisterClass
                0x08007af8       0x6c ./Middlewares/ST/STM32_USB_Device_Library/Core/Src/usbd_core.o
                0x08007af8                USBD_RegisterClass
 .text.USBD_Start
                0x08007b64       0x18 ./Middlewares/ST/STM32_USB_Device_Library/Core/Src/usbd_core.o
                0x08007b64                USBD_Start
 .text.USBD_RunTestMode
                0x08007b7c       0x16 ./Middlewares/ST/STM32_USB_Device_Library/Core/Src/usbd_core.o
                0x08007b7c                USBD_RunTestMode
 .text.USBD_SetClassConfig
                0x08007b92       0x38 ./Middlewares/ST/STM32_USB_Device_Library/Core/Src/usbd_core.o
                0x08007b92                USBD_SetClassConfig
 .text.USBD_ClrClassConfig
                0x08007bca       0x34 ./Middlewares/ST/STM32_USB_Device_Library/Core/Src/usbd_core.o
                0x08007bca                USBD_ClrClassConfig
 .text.USBD_LL_SetupStage
                0x08007bfe       0xaa ./Middlewares/ST/STM32_USB_Device_Library/Core/Src/usbd_core.o
                0x08007bfe                USBD_LL_SetupStage
 .text.USBD_LL_DataOutStage
                0x08007ca8      0x166 ./Middlewares/ST/STM32_USB_Device_Library/Core/Src/usbd_core.o
                0x08007ca8                USBD_LL_DataOutStage
 .text.USBD_LL_DataInStage
                0x08007e0e      0x164 ./Middlewares/ST/STM32_USB_Device_Library/Core/Src/usbd_core.o
                0x08007e0e                USBD_LL_DataInStage
 .text.USBD_LL_Reset
                0x08007f72       0xa4 ./Middlewares/ST/STM32_USB_Device_Library/Core/Src/usbd_core.o
                0x08007f72                USBD_LL_Reset
 .text.USBD_LL_SetSpeed
                0x08008016       0x20 ./Middlewares/ST/STM32_USB_Device_Library/Core/Src/usbd_core.o
                0x08008016                USBD_LL_SetSpeed
 .text.USBD_LL_Suspend
                0x08008036       0x38 ./Middlewares/ST/STM32_USB_Device_Library/Core/Src/usbd_core.o
                0x08008036                USBD_LL_Suspend
 .text.USBD_LL_Resume
                0x0800806e       0x30 ./Middlewares/ST/STM32_USB_Device_Library/Core/Src/usbd_core.o
                0x0800806e                USBD_LL_Resume
 .text.USBD_LL_SOF
                0x0800809e       0x40 ./Middlewares/ST/STM32_USB_Device_Library/Core/Src/usbd_core.o
                0x0800809e                USBD_LL_SOF
 .text.USBD_LL_IsoINIncomplete
                0x080080de       0x64 ./Middlewares/ST/STM32_USB_Device_Library/Core/Src/usbd_core.o
                0x080080de                USBD_LL_IsoINIncomplete
 .text.USBD_LL_IsoOUTIncomplete
                0x08008142       0x64 ./Middlewares/ST/STM32_USB_Device_Library/Core/Src/usbd_core.o
                0x08008142                USBD_LL_IsoOUTIncomplete
 .text.USBD_LL_DevConnected
                0x080081a6       0x16 ./Middlewares/ST/STM32_USB_Device_Library/Core/Src/usbd_core.o
                0x080081a6                USBD_LL_DevConnected
 .text.USBD_LL_DevDisconnected
                0x080081bc       0x46 ./Middlewares/ST/STM32_USB_Device_Library/Core/Src/usbd_core.o
                0x080081bc                USBD_LL_DevDisconnected
 .text.USBD_CoreFindIF
                0x08008202       0x1a ./Middlewares/ST/STM32_USB_Device_Library/Core/Src/usbd_core.o
                0x08008202                USBD_CoreFindIF
 .text.USBD_CoreFindEP
                0x0800821c       0x1a ./Middlewares/ST/STM32_USB_Device_Library/Core/Src/usbd_core.o
                0x0800821c                USBD_CoreFindEP
 .text.USBD_GetEpDesc
                0x08008236       0x70 ./Middlewares/ST/STM32_USB_Device_Library/Core/Src/usbd_core.o
                0x08008236                USBD_GetEpDesc
 .text.USBD_GetNextDesc
                0x080082a6       0x38 ./Middlewares/ST/STM32_USB_Device_Library/Core/Src/usbd_core.o
                0x080082a6                USBD_GetNextDesc
 .text.SWAPBYTE
                0x080082de       0x3c ./Middlewares/ST/STM32_USB_Device_Library/Core/Src/usbd_ctlreq.o
 *fill*         0x0800831a        0x2 
 .text.USBD_StdDevReq
                0x0800831c       0xe4 ./Middlewares/ST/STM32_USB_Device_Library/Core/Src/usbd_ctlreq.o
                0x0800831c                USBD_StdDevReq
 .text.USBD_StdItfReq
                0x08008400       0xd8 ./Middlewares/ST/STM32_USB_Device_Library/Core/Src/usbd_ctlreq.o
                0x08008400                USBD_StdItfReq
 .text.USBD_StdEPReq
                0x080084d8      0x33a ./Middlewares/ST/STM32_USB_Device_Library/Core/Src/usbd_ctlreq.o
                0x080084d8                USBD_StdEPReq
 *fill*         0x08008812        0x2 
 .text.USBD_GetDescriptor
                0x08008814      0x2d4 ./Middlewares/ST/STM32_USB_Device_Library/Core/Src/usbd_ctlreq.o
 .text.USBD_SetAddress
                0x08008ae8       0x88 ./Middlewares/ST/STM32_USB_Device_Library/Core/Src/usbd_ctlreq.o
 .text.USBD_SetConfig
                0x08008b70      0x154 ./Middlewares/ST/STM32_USB_Device_Library/Core/Src/usbd_ctlreq.o
 .text.USBD_GetConfig
                0x08008cc4       0x6c ./Middlewares/ST/STM32_USB_Device_Library/Core/Src/usbd_ctlreq.o
 .text.USBD_GetStatus
                0x08008d30       0x68 ./Middlewares/ST/STM32_USB_Device_Library/Core/Src/usbd_ctlreq.o
 .text.USBD_SetFeature
                0x08008d98       0x52 ./Middlewares/ST/STM32_USB_Device_Library/Core/Src/usbd_ctlreq.o
 .text.USBD_ClrFeature
                0x08008dea       0x44 ./Middlewares/ST/STM32_USB_Device_Library/Core/Src/usbd_ctlreq.o
 .text.USBD_ParseSetupRequest
                0x08008e2e       0x74 ./Middlewares/ST/STM32_USB_Device_Library/Core/Src/usbd_ctlreq.o
                0x08008e2e                USBD_ParseSetupRequest
 .text.USBD_CtlError
                0x08008ea2       0x22 ./Middlewares/ST/STM32_USB_Device_Library/Core/Src/usbd_ctlreq.o
                0x08008ea2                USBD_CtlError
 .text.USBD_GetString
                0x08008ec4       0xa4 ./Middlewares/ST/STM32_USB_Device_Library/Core/Src/usbd_ctlreq.o
                0x08008ec4                USBD_GetString
 .text.USBD_GetLen
                0x08008f68       0x34 ./Middlewares/ST/STM32_USB_Device_Library/Core/Src/usbd_ctlreq.o
 .text.USBD_CtlSendData
                0x08008f9c       0x36 ./Middlewares/ST/STM32_USB_Device_Library/Core/Src/usbd_ioreq.o
                0x08008f9c                USBD_CtlSendData
 .text.USBD_CtlContinueSendData
                0x08008fd2       0x22 ./Middlewares/ST/STM32_USB_Device_Library/Core/Src/usbd_ioreq.o
                0x08008fd2                USBD_CtlContinueSendData
 .text.USBD_CtlPrepareRx
                0x08008ff4       0x3a ./Middlewares/ST/STM32_USB_Device_Library/Core/Src/usbd_ioreq.o
                0x08008ff4                USBD_CtlPrepareRx
 .text.USBD_CtlContinueRx
                0x0800902e       0x22 ./Middlewares/ST/STM32_USB_Device_Library/Core/Src/usbd_ioreq.o
                0x0800902e                USBD_CtlContinueRx
 .text.USBD_CtlSendStatus
                0x08009050       0x26 ./Middlewares/ST/STM32_USB_Device_Library/Core/Src/usbd_ioreq.o
                0x08009050                USBD_CtlSendStatus
 .text.USBD_CtlReceiveStatus
                0x08009076       0x26 ./Middlewares/ST/STM32_USB_Device_Library/Core/Src/usbd_ioreq.o
                0x08009076                USBD_CtlReceiveStatus
 .text.MX_USB_DEVICE_Init
                0x0800909c       0x60 ./USB_DEVICE/App/usb_device.o
                0x0800909c                MX_USB_DEVICE_Init
 .text.CDC_Init_FS
                0x080090fc       0x28 ./USB_DEVICE/App/usbd_cdc_if.o
 .text.CDC_DeInit_FS
                0x08009124       0x10 ./USB_DEVICE/App/usbd_cdc_if.o
 .text.CDC_Control_FS
                0x08009134       0xbc ./USB_DEVICE/App/usbd_cdc_if.o
 .text.CDC_Receive_FS
                0x080091f0       0x28 ./USB_DEVICE/App/usbd_cdc_if.o
 .text.CDC_TransmitCplt_FS
                0x08009218       0x22 ./USB_DEVICE/App/usbd_cdc_if.o
 *fill*         0x0800923a        0x2 
 .text.USBD_FS_DeviceDescriptor
                0x0800923c       0x24 ./USB_DEVICE/App/usbd_desc.o
                0x0800923c                USBD_FS_DeviceDescriptor
 .text.USBD_FS_LangIDStrDescriptor
                0x08009260       0x24 ./USB_DEVICE/App/usbd_desc.o
                0x08009260                USBD_FS_LangIDStrDescriptor
 .text.USBD_FS_ProductStrDescriptor
                0x08009284       0x3c ./USB_DEVICE/App/usbd_desc.o
                0x08009284                USBD_FS_ProductStrDescriptor
 .text.USBD_FS_ManufacturerStrDescriptor
                0x080092c0       0x28 ./USB_DEVICE/App/usbd_desc.o
                0x080092c0                USBD_FS_ManufacturerStrDescriptor
 .text.USBD_FS_SerialStrDescriptor
                0x080092e8       0x24 ./USB_DEVICE/App/usbd_desc.o
                0x080092e8                USBD_FS_SerialStrDescriptor
 .text.USBD_FS_ConfigStrDescriptor
                0x0800930c       0x3c ./USB_DEVICE/App/usbd_desc.o
                0x0800930c                USBD_FS_ConfigStrDescriptor
 .text.USBD_FS_InterfaceStrDescriptor
                0x08009348       0x3c ./USB_DEVICE/App/usbd_desc.o
                0x08009348                USBD_FS_InterfaceStrDescriptor
 .text.Get_SerialNum
                0x08009384       0x58 ./USB_DEVICE/App/usbd_desc.o
 .text.IntToUnicode
                0x080093dc       0x7e ./USB_DEVICE/App/usbd_desc.o
 *fill*         0x0800945a        0x2 
 .text.HAL_PCD_MspInit
                0x0800945c       0xa8 ./USB_DEVICE/Target/usbd_conf.o
                0x0800945c                HAL_PCD_MspInit
 .text.HAL_PCD_SetupStageCallback
                0x08009504       0x24 ./USB_DEVICE/Target/usbd_conf.o
                0x08009504                HAL_PCD_SetupStageCallback
 .text.HAL_PCD_DataOutStageCallback
                0x08009528       0x36 ./USB_DEVICE/Target/usbd_conf.o
                0x08009528                HAL_PCD_DataOutStageCallback
 .text.HAL_PCD_DataInStageCallback
                0x0800955e       0x34 ./USB_DEVICE/Target/usbd_conf.o
                0x0800955e                HAL_PCD_DataInStageCallback
 .text.HAL_PCD_SOFCallback
                0x08009592       0x1c ./USB_DEVICE/Target/usbd_conf.o
                0x08009592                HAL_PCD_SOFCallback
 .text.HAL_PCD_ResetCallback
                0x080095ae       0x3c ./USB_DEVICE/Target/usbd_conf.o
                0x080095ae                HAL_PCD_ResetCallback
 *fill*         0x080095ea        0x2 
 .text.HAL_PCD_SuspendCallback
                0x080095ec       0x4c ./USB_DEVICE/Target/usbd_conf.o
                0x080095ec                HAL_PCD_SuspendCallback
 .text.HAL_PCD_ResumeCallback
                0x08009638       0x1c ./USB_DEVICE/Target/usbd_conf.o
                0x08009638                HAL_PCD_ResumeCallback
 .text.HAL_PCD_ISOOUTIncompleteCallback
                0x08009654       0x24 ./USB_DEVICE/Target/usbd_conf.o
                0x08009654                HAL_PCD_ISOOUTIncompleteCallback
 .text.HAL_PCD_ISOINIncompleteCallback
                0x08009678       0x24 ./USB_DEVICE/Target/usbd_conf.o
                0x08009678                HAL_PCD_ISOINIncompleteCallback
 .text.HAL_PCD_ConnectCallback
                0x0800969c       0x1c ./USB_DEVICE/Target/usbd_conf.o
                0x0800969c                HAL_PCD_ConnectCallback
 .text.HAL_PCD_DisconnectCallback
                0x080096b8       0x1c ./USB_DEVICE/Target/usbd_conf.o
                0x080096b8                HAL_PCD_DisconnectCallback
 .text.USBD_LL_Init
                0x080096d4       0x98 ./USB_DEVICE/Target/usbd_conf.o
                0x080096d4                USBD_LL_Init
 .text.USBD_LL_Start
                0x0800976c       0x36 ./USB_DEVICE/Target/usbd_conf.o
                0x0800976c                USBD_LL_Start
 .text.USBD_LL_OpenEP
                0x080097a2       0x4c ./USB_DEVICE/Target/usbd_conf.o
                0x080097a2                USBD_LL_OpenEP
 .text.USBD_LL_CloseEP
                0x080097ee       0x3e ./USB_DEVICE/Target/usbd_conf.o
                0x080097ee                USBD_LL_CloseEP
 .text.USBD_LL_StallEP
                0x0800982c       0x3e ./USB_DEVICE/Target/usbd_conf.o
                0x0800982c                USBD_LL_StallEP
 .text.USBD_LL_ClearStallEP
                0x0800986a       0x3e ./USB_DEVICE/Target/usbd_conf.o
                0x0800986a                USBD_LL_ClearStallEP
 .text.USBD_LL_IsStallEP
                0x080098a8       0x58 ./USB_DEVICE/Target/usbd_conf.o
                0x080098a8                USBD_LL_IsStallEP
 .text.USBD_LL_SetUSBAddress
                0x08009900       0x3e ./USB_DEVICE/Target/usbd_conf.o
                0x08009900                USBD_LL_SetUSBAddress
 .text.USBD_LL_Transmit
                0x0800993e       0x42 ./USB_DEVICE/Target/usbd_conf.o
                0x0800993e                USBD_LL_Transmit
 .text.USBD_LL_PrepareReceive
                0x08009980       0x42 ./USB_DEVICE/Target/usbd_conf.o
                0x08009980                USBD_LL_PrepareReceive
 .text.USBD_LL_GetRxDataSize
                0x080099c2       0x26 ./USB_DEVICE/Target/usbd_conf.o
                0x080099c2                USBD_LL_GetRxDataSize
 .text.USBD_static_malloc
                0x080099e8       0x1c ./USB_DEVICE/Target/usbd_conf.o
                0x080099e8                USBD_static_malloc
 .text.USBD_static_free
                0x08009a04       0x14 ./USB_DEVICE/Target/usbd_conf.o
                0x08009a04                USBD_static_free
 .text.USBD_Get_USB_Status
                0x08009a18       0x58 ./USB_DEVICE/Target/usbd_conf.o
                0x08009a18                USBD_Get_USB_Status
 .text.memset   0x08009a70       0x10 /Applications/STM32CubeIDE.app/Contents/Eclipse/plugins/com.st.stm32cube.ide.mcu.externaltools.gnu-tools-for-stm32.12.3.rel1.macos64_1.0.200.202406191456/tools/bin/../lib/gcc/arm-none-eabi/12.3.1/../../../../arm-none-eabi/lib/thumb/v7e-m+fp/hard/libc_nano.a(libc_a-memset.o)
                0x08009a70                memset
 .text.__libc_init_array
                0x08009a80       0x48 /Applications/STM32CubeIDE.app/Contents/Eclipse/plugins/com.st.stm32cube.ide.mcu.externaltools.gnu-tools-for-stm32.12.3.rel1.macos64_1.0.200.202406191456/tools/bin/../lib/gcc/arm-none-eabi/12.3.1/../../../../arm-none-eabi/lib/thumb/v7e-m+fp/hard/libc_nano.a(libc_a-init.o)
                0x08009a80                __libc_init_array
 *(.glue_7)
 .glue_7        0x08009ac8        0x0 linker stubs
 *(.glue_7t)
 .glue_7t       0x08009ac8        0x0 linker stubs
 *(.eh_frame)
 .eh_frame      0x08009ac8        0x0 /Applications/STM32CubeIDE.app/Contents/Eclipse/plugins/com.st.stm32cube.ide.mcu.externaltools.gnu-tools-for-stm32.12.3.rel1.macos64_1.0.200.202406191456/tools/bin/../lib/gcc/arm-none-eabi/12.3.1/thumb/v7e-m+fp/hard/crtbegin.o
 *(.init)
 .init          0x08009ac8        0x4 /Applications/STM32CubeIDE.app/Contents/Eclipse/plugins/com.st.stm32cube.ide.mcu.externaltools.gnu-tools-for-stm32.12.3.rel1.macos64_1.0.200.202406191456/tools/bin/../lib/gcc/arm-none-eabi/12.3.1/thumb/v7e-m+fp/hard/crti.o
                0x08009ac8                _init
 .init          0x08009acc        0x8 /Applications/STM32CubeIDE.app/Contents/Eclipse/plugins/com.st.stm32cube.ide.mcu.externaltools.gnu-tools-for-stm32.12.3.rel1.macos64_1.0.200.202406191456/tools/bin/../lib/gcc/arm-none-eabi/12.3.1/thumb/v7e-m+fp/hard/crtn.o
 *(.fini)
 .fini          0x08009ad4        0x4 /Applications/STM32CubeIDE.app/Contents/Eclipse/plugins/com.st.stm32cube.ide.mcu.externaltools.gnu-tools-for-stm32.12.3.rel1.macos64_1.0.200.202406191456/tools/bin/../lib/gcc/arm-none-eabi/12.3.1/thumb/v7e-m+fp/hard/crti.o
                0x08009ad4                _fini
 .fini          0x08009ad8        0x8 /Applications/STM32CubeIDE.app/Contents/Eclipse/plugins/com.st.stm32cube.ide.mcu.externaltools.gnu-tools-for-stm32.12.3.rel1.macos64_1.0.200.202406191456/tools/bin/../lib/gcc/arm-none-eabi/12.3.1/thumb/v7e-m+fp/hard/crtn.o
                0x08009ae0                        . = ALIGN (0x4)
                0x08009ae0                        _etext = .

.vfp11_veneer   0x08009ae0        0x0
 .vfp11_veneer  0x08009ae0        0x0 linker stubs

.v4_bx          0x08009ae0        0x0
 .v4_bx         0x08009ae0        0x0 linker stubs

.iplt           0x08009ae0        0x0
 .iplt          0x08009ae0        0x0 /Applications/STM32CubeIDE.app/Contents/Eclipse/plugins/com.st.stm32cube.ide.mcu.externaltools.gnu-tools-for-stm32.12.3.rel1.macos64_1.0.200.202406191456/tools/bin/../lib/gcc/arm-none-eabi/12.3.1/thumb/v7e-m+fp/hard/crtbegin.o

.rodata         0x08009ae0       0x94
                0x08009ae0                        . = ALIGN (0x4)
 *(.rodata)
 .rodata        0x08009ae0       0x34 ./Core/Src/main.o
 .rodata        0x08009b14       0x46 ./USB_DEVICE/App/usbd_desc.o
 *(.rodata*)
 *fill*         0x08009b5a        0x2 
 .rodata.AHBPrescTable
                0x08009b5c       0x10 ./Core/Src/system_stm32f4xx.o
                0x08009b5c                AHBPrescTable
 .rodata.APBPrescTable
                0x08009b6c        0x8 ./Core/Src/system_stm32f4xx.o
                0x08009b6c                APBPrescTable
                0x08009b74                        . = ALIGN (0x4)

.ARM.extab      0x08009b74        0x0
                0x08009b74                        . = ALIGN (0x4)
 *(.ARM.extab* .gnu.linkonce.armextab.*)
                0x08009b74                        . = ALIGN (0x4)

.ARM            0x08009b74        0x8
                0x08009b74                        . = ALIGN (0x4)
                0x08009b74                        __exidx_start = .
 *(.ARM.exidx*)
 .ARM.exidx     0x08009b74        0x8 /Applications/STM32CubeIDE.app/Contents/Eclipse/plugins/com.st.stm32cube.ide.mcu.externaltools.gnu-tools-for-stm32.12.3.rel1.macos64_1.0.200.202406191456/tools/bin/../lib/gcc/arm-none-eabi/12.3.1/thumb/v7e-m+fp/hard/libgcc.a(_udivmoddi4.o)
                0x08009b7c                        __exidx_end = .
                0x08009b7c                        . = ALIGN (0x4)

.preinit_array  0x08009b7c        0x0
                0x08009b7c                        . = ALIGN (0x4)
                0x08009b7c                        PROVIDE (__preinit_array_start = .)
 *(.preinit_array*)
                0x08009b7c                        PROVIDE (__preinit_array_end = .)
                0x08009b7c                        . = ALIGN (0x4)

.init_array     0x08009b7c        0x4
                0x08009b7c                        . = ALIGN (0x4)
                0x08009b7c                        PROVIDE (__init_array_start = .)
 *(SORT_BY_NAME(.init_array.*))
 *(.init_array*)
 .init_array    0x08009b7c        0x4 /Applications/STM32CubeIDE.app/Contents/Eclipse/plugins/com.st.stm32cube.ide.mcu.externaltools.gnu-tools-for-stm32.12.3.rel1.macos64_1.0.200.202406191456/tools/bin/../lib/gcc/arm-none-eabi/12.3.1/thumb/v7e-m+fp/hard/crtbegin.o
                0x08009b80                        PROVIDE (__init_array_end = .)
                0x08009b80                        . = ALIGN (0x4)

.fini_array     0x08009b80        0x4
                0x08009b80                        . = ALIGN (0x4)
                [!provide]                        PROVIDE (__fini_array_start = .)
 *(SORT_BY_NAME(.fini_array.*))
 *(.fini_array*)
 .fini_array    0x08009b80        0x4 /Applications/STM32CubeIDE.app/Contents/Eclipse/plugins/com.st.stm32cube.ide.mcu.externaltools.gnu-tools-for-stm32.12.3.rel1.macos64_1.0.200.202406191456/tools/bin/../lib/gcc/arm-none-eabi/12.3.1/thumb/v7e-m+fp/hard/crtbegin.o
                [!provide]                        PROVIDE (__fini_array_end = .)
                0x08009b84                        . = ALIGN (0x4)
                0x08009b84                        _sidata = LOADADDR (.data)

.rel.dyn        0x08009b84        0x0
 .rel.iplt      0x08009b84        0x0 /Applications/STM32CubeIDE.app/Contents/Eclipse/plugins/com.st.stm32cube.ide.mcu.externaltools.gnu-tools-for-stm32.12.3.rel1.macos64_1.0.200.202406191456/tools/bin/../lib/gcc/arm-none-eabi/12.3.1/thumb/v7e-m+fp/hard/crtbegin.o

.data           0x20000000      0x100 load address 0x08009b84
                0x20000000                        . = ALIGN (0x4)
                0x20000000                        _sdata = .
 *(.data)
 *(.data*)
 .data.sysFlag  0x20000000        0x1 ./Core/Src/main.o
                0x20000000                sysFlag
 *fill*         0x20000001        0x3 
 .data.SystemCoreClock
                0x20000004        0x4 ./Core/Src/system_stm32f4xx.o
                0x20000004                SystemCoreClock
 .data.uwTickPrio
                0x20000008        0x4 ./Drivers/STM32F4xx_HAL_Driver/Src/stm32f4xx_hal.o
                0x20000008                uwTickPrio
 .data.uwTickFreq
                0x2000000c        0x1 ./Drivers/STM32F4xx_HAL_Driver/Src/stm32f4xx_hal.o
                0x2000000c                uwTickFreq
 *fill*         0x2000000d        0x3 
 .data.USBD_CDC_DeviceQualifierDesc
                0x20000010        0xa ./Middlewares/ST/STM32_USB_Device_Library/Class/CDC/Src/usbd_cdc.o
 *fill*         0x2000001a        0x2 
 .data.USBD_CDC
                0x2000001c       0x38 ./Middlewares/ST/STM32_USB_Device_Library/Class/CDC/Src/usbd_cdc.o
                0x2000001c                USBD_CDC
 .data.USBD_CDC_CfgDesc
                0x20000054       0x43 ./Middlewares/ST/STM32_USB_Device_Library/Class/CDC/Src/usbd_cdc.o
 .data.CDCInEpAdd
                0x20000097        0x1 ./Middlewares/ST/STM32_USB_Device_Library/Class/CDC/Src/usbd_cdc.o
 .data.CDCOutEpAdd
                0x20000098        0x1 ./Middlewares/ST/STM32_USB_Device_Library/Class/CDC/Src/usbd_cdc.o
 .data.CDCCmdEpAdd
                0x20000099        0x1 ./Middlewares/ST/STM32_USB_Device_Library/Class/CDC/Src/usbd_cdc.o
 *fill*         0x2000009a        0x2 
 .data.USBD_Interface_fops_FS
                0x2000009c       0x14 ./USB_DEVICE/App/usbd_cdc_if.o
                0x2000009c                USBD_Interface_fops_FS
 .data.FS_Desc  0x200000b0       0x1c ./USB_DEVICE/App/usbd_desc.o
                0x200000b0                FS_Desc
 .data.USBD_FS_DeviceDesc
                0x200000cc       0x12 ./USB_DEVICE/App/usbd_desc.o
                0x200000cc                USBD_FS_DeviceDesc
 *fill*         0x200000de        0x2 
 .data.USBD_LangIDDesc
                0x200000e0        0x4 ./USB_DEVICE/App/usbd_desc.o
                0x200000e0                USBD_LangIDDesc
 .data.USBD_StringSerial
                0x200000e4       0x1a ./USB_DEVICE/App/usbd_desc.o
                0x200000e4                USBD_StringSerial
 *(.RamFunc)
 *(.RamFunc*)
                0x20000100                        . = ALIGN (0x4)
 *fill*         0x200000fe        0x2 
                0x20000100                        _edata = .

.igot.plt       0x20000100        0x0 load address 0x08009c84
 .igot.plt      0x20000100        0x0 /Applications/STM32CubeIDE.app/Contents/Eclipse/plugins/com.st.stm32cube.ide.mcu.externaltools.gnu-tools-for-stm32.12.3.rel1.macos64_1.0.200.202406191456/tools/bin/../lib/gcc/arm-none-eabi/12.3.1/thumb/v7e-m+fp/hard/crtbegin.o
                0x20000100                        . = ALIGN (0x4)

.bss            0x20000100     0x1d04 load address 0x08009c84
                0x20000100                        _sbss = .
                0x20000100                        __bss_start__ = _sbss
 *(.bss)
 .bss           0x20000100       0x1c /Applications/STM32CubeIDE.app/Contents/Eclipse/plugins/com.st.stm32cube.ide.mcu.externaltools.gnu-tools-for-stm32.12.3.rel1.macos64_1.0.200.202406191456/tools/bin/../lib/gcc/arm-none-eabi/12.3.1/thumb/v7e-m+fp/hard/crtbegin.o
 *(.bss*)
 .bss.hspi1     0x2000011c       0x58 ./Core/Src/main.o
                0x2000011c                hspi1
 .bss.huart2    0x20000174       0x48 ./Core/Src/main.o
                0x20000174                huart2
 .bss.gpsBuff   0x200001bc       0x52 ./Core/Src/main.o
                0x200001bc                gpsBuff
 *fill*         0x2000020e        0x2 
 .bss.transmitRx
                0x20000210        0xa ./Core/Src/main.o
                0x20000210                transmitRx
 .bss.txDone    0x2000021a        0x1 ./Core/Src/main.o
                0x2000021a                txDone
 *fill*         0x2000021b        0x1 
 .bss.uwTick    0x2000021c        0x4 ./Drivers/STM32F4xx_HAL_Driver/Src/stm32f4xx_hal.o
                0x2000021c                uwTick
 .bss.cfgidx.0  0x20000220        0x1 ./Middlewares/ST/STM32_USB_Device_Library/Core/Src/usbd_ctlreq.o
 *fill*         0x20000221        0x3 
 .bss.hUsbDeviceFS
                0x20000224      0x2dc ./USB_DEVICE/App/usb_device.o
                0x20000224                hUsbDeviceFS
 .bss.UserRxBufferFS
                0x20000500      0x800 ./USB_DEVICE/App/usbd_cdc_if.o
                0x20000500                UserRxBufferFS
 .bss.UserTxBufferFS
                0x20000d00      0x800 ./USB_DEVICE/App/usbd_cdc_if.o
                0x20000d00                UserTxBufferFS
 .bss.USBD_StrDesc
                0x20001500      0x200 ./USB_DEVICE/App/usbd_desc.o
                0x20001500                USBD_StrDesc
 .bss.hpcd_USB_OTG_FS
                0x20001700      0x4e4 ./USB_DEVICE/Target/usbd_conf.o
                0x20001700                hpcd_USB_OTG_FS
 .bss.mem.0     0x20001be4      0x220 ./USB_DEVICE/Target/usbd_conf.o
 *(COMMON)
                0x20001e04                        . = ALIGN (0x4)
                0x20001e04                        _ebss = .
                0x20001e04                        __bss_end__ = _ebss

._user_heap_stack
                0x20001e04      0x604 load address 0x08009c84
                0x20001e08                        . = ALIGN (0x8)
 *fill*         0x20001e04        0x4 
                [!provide]                        PROVIDE (end = .)
                0x20001e08                        PROVIDE (_end = .)
                0x20002008                        . = (. + _Min_Heap_Size)
 *fill*         0x20001e08      0x200 
                0x20002408                        . = (. + _Min_Stack_Size)
 *fill*         0x20002008      0x400 
                0x20002408                        . = ALIGN (0x8)

/DISCARD/
 libc.a(*)
 libm.a(*)
 libgcc.a(*)

.ARM.attributes
                0x00000000       0x30
 *(.ARM.attributes)
 .ARM.attributes
                0x00000000       0x22 /Applications/STM32CubeIDE.app/Contents/Eclipse/plugins/com.st.stm32cube.ide.mcu.externaltools.gnu-tools-for-stm32.12.3.rel1.macos64_1.0.200.202406191456/tools/bin/../lib/gcc/arm-none-eabi/12.3.1/thumb/v7e-m+fp/hard/crti.o
 .ARM.attributes
                0x00000022       0x34 /Applications/STM32CubeIDE.app/Contents/Eclipse/plugins/com.st.stm32cube.ide.mcu.externaltools.gnu-tools-for-stm32.12.3.rel1.macos64_1.0.200.202406191456/tools/bin/../lib/gcc/arm-none-eabi/12.3.1/thumb/v7e-m+fp/hard/crtbegin.o
 .ARM.attributes
                0x00000056       0x34 ./Core/Src/main.o
 .ARM.attributes
                0x0000008a       0x34 ./Core/Src/stm32f4xx_hal_msp.o
 .ARM.attributes
                0x000000be       0x34 ./Core/Src/stm32f4xx_it.o
 .ARM.attributes
                0x000000f2       0x34 ./Core/Src/sx126x.o
 .ARM.attributes
                0x00000126       0x34 ./Core/Src/sx126x_hal.o
 .ARM.attributes
                0x0000015a       0x34 ./Core/Src/system_stm32f4xx.o
 .ARM.attributes
                0x0000018e       0x21 ./Core/Startup/startup_stm32f411ceux.o
 .ARM.attributes
                0x000001af       0x34 ./Drivers/STM32F4xx_HAL_Driver/Src/stm32f4xx_hal.o
 .ARM.attributes
                0x000001e3       0x34 ./Drivers/STM32F4xx_HAL_Driver/Src/stm32f4xx_hal_cortex.o
 .ARM.attributes
                0x00000217       0x34 ./Drivers/STM32F4xx_HAL_Driver/Src/stm32f4xx_hal_dma.o
 .ARM.attributes
                0x0000024b       0x34 ./Drivers/STM32F4xx_HAL_Driver/Src/stm32f4xx_hal_gpio.o
 .ARM.attributes
                0x0000027f       0x34 ./Drivers/STM32F4xx_HAL_Driver/Src/stm32f4xx_hal_pcd.o
 .ARM.attributes
                0x000002b3       0x34 ./Drivers/STM32F4xx_HAL_Driver/Src/stm32f4xx_hal_pcd_ex.o
 .ARM.attributes
                0x000002e7       0x34 ./Drivers/STM32F4xx_HAL_Driver/Src/stm32f4xx_hal_rcc.o
 .ARM.attributes
                0x0000031b       0x34 ./Drivers/STM32F4xx_HAL_Driver/Src/stm32f4xx_hal_spi.o
 .ARM.attributes
                0x0000034f       0x34 ./Drivers/STM32F4xx_HAL_Driver/Src/stm32f4xx_hal_uart.o
 .ARM.attributes
                0x00000383       0x34 ./Drivers/STM32F4xx_HAL_Driver/Src/stm32f4xx_ll_usb.o
 .ARM.attributes
                0x000003b7       0x34 ./Middlewares/ST/STM32_USB_Device_Library/Class/CDC/Src/usbd_cdc.o
 .ARM.attributes
                0x000003eb       0x34 ./Middlewares/ST/STM32_USB_Device_Library/Core/Src/usbd_core.o
 .ARM.attributes
                0x0000041f       0x34 ./Middlewares/ST/STM32_USB_Device_Library/Core/Src/usbd_ctlreq.o
 .ARM.attributes
                0x00000453       0x34 ./Middlewares/ST/STM32_USB_Device_Library/Core/Src/usbd_ioreq.o
 .ARM.attributes
                0x00000487       0x34 ./USB_DEVICE/App/usb_device.o
 .ARM.attributes
                0x000004bb       0x34 ./USB_DEVICE/App/usbd_cdc_if.o
 .ARM.attributes
                0x000004ef       0x34 ./USB_DEVICE/App/usbd_desc.o
 .ARM.attributes
                0x00000523       0x34 ./USB_DEVICE/Target/usbd_conf.o
 .ARM.attributes
                0x00000557       0x34 /Applications/STM32CubeIDE.app/Contents/Eclipse/plugins/com.st.stm32cube.ide.mcu.externaltools.gnu-tools-for-stm32.12.3.rel1.macos64_1.0.200.202406191456/tools/bin/../lib/gcc/arm-none-eabi/12.3.1/../../../../arm-none-eabi/lib/thumb/v7e-m+fp/hard/libc_nano.a(libc_a-memset.o)
 .ARM.attributes
                0x0000058b       0x34 /Applications/STM32CubeIDE.app/Contents/Eclipse/plugins/com.st.stm32cube.ide.mcu.externaltools.gnu-tools-for-stm32.12.3.rel1.macos64_1.0.200.202406191456/tools/bin/../lib/gcc/arm-none-eabi/12.3.1/../../../../arm-none-eabi/lib/thumb/v7e-m+fp/hard/libc_nano.a(libc_a-init.o)
 .ARM.attributes
                0x000005bf       0x22 /Applications/STM32CubeIDE.app/Contents/Eclipse/plugins/com.st.stm32cube.ide.mcu.externaltools.gnu-tools-for-stm32.12.3.rel1.macos64_1.0.200.202406191456/tools/bin/../lib/gcc/arm-none-eabi/12.3.1/thumb/v7e-m+fp/hard/libgcc.a(_aeabi_uldivmod.o)
 .ARM.attributes
                0x000005e1       0x34 /Applications/STM32CubeIDE.app/Contents/Eclipse/plugins/com.st.stm32cube.ide.mcu.externaltools.gnu-tools-for-stm32.12.3.rel1.macos64_1.0.200.202406191456/tools/bin/../lib/gcc/arm-none-eabi/12.3.1/thumb/v7e-m+fp/hard/libgcc.a(_udivmoddi4.o)
 .ARM.attributes
                0x00000615       0x22 /Applications/STM32CubeIDE.app/Contents/Eclipse/plugins/com.st.stm32cube.ide.mcu.externaltools.gnu-tools-for-stm32.12.3.rel1.macos64_1.0.200.202406191456/tools/bin/../lib/gcc/arm-none-eabi/12.3.1/thumb/v7e-m+fp/hard/libgcc.a(_dvmd_tls.o)
 .ARM.attributes
                0x00000637       0x22 /Applications/STM32CubeIDE.app/Contents/Eclipse/plugins/com.st.stm32cube.ide.mcu.externaltools.gnu-tools-for-stm32.12.3.rel1.macos64_1.0.200.202406191456/tools/bin/../lib/gcc/arm-none-eabi/12.3.1/thumb/v7e-m+fp/hard/crtn.o
OUTPUT(SRAD_Telemetry.elf elf32-littlearm)
LOAD linker stubs
LOAD /Applications/STM32CubeIDE.app/Contents/Eclipse/plugins/com.st.stm32cube.ide.mcu.externaltools.gnu-tools-for-stm32.12.3.rel1.macos64_1.0.200.202406191456/tools/bin/../lib/gcc/arm-none-eabi/12.3.1/../../../../arm-none-eabi/lib/thumb/v7e-m+fp/hard/libc.a
LOAD /Applications/STM32CubeIDE.app/Contents/Eclipse/plugins/com.st.stm32cube.ide.mcu.externaltools.gnu-tools-for-stm32.12.3.rel1.macos64_1.0.200.202406191456/tools/bin/../lib/gcc/arm-none-eabi/12.3.1/../../../../arm-none-eabi/lib/thumb/v7e-m+fp/hard/libm.a
LOAD /Applications/STM32CubeIDE.app/Contents/Eclipse/plugins/com.st.stm32cube.ide.mcu.externaltools.gnu-tools-for-stm32.12.3.rel1.macos64_1.0.200.202406191456/tools/bin/../lib/gcc/arm-none-eabi/12.3.1/thumb/v7e-m+fp/hard/libgcc.a

.debug_info     0x00000000    0x17af7
 .debug_info    0x00000000     0x1920 ./Core/Src/main.o
 .debug_info    0x00001920      0xdec ./Core/Src/stm32f4xx_hal_msp.o
 .debug_info    0x0000270c      0xd9f ./Core/Src/stm32f4xx_it.o
 .debug_info    0x000034ab     0x2b6e ./Core/Src/sx126x.o
 .debug_info    0x00006019      0x934 ./Core/Src/sx126x_hal.o
 .debug_info    0x0000694d      0x53e ./Core/Src/system_stm32f4xx.o
 .debug_info    0x00006e8b       0x30 ./Core/Startup/startup_stm32f411ceux.o
 .debug_info    0x00006ebb      0x8c4 ./Drivers/STM32F4xx_HAL_Driver/Src/stm32f4xx_hal.o
 .debug_info    0x0000777f      0xcfc ./Drivers/STM32F4xx_HAL_Driver/Src/stm32f4xx_hal_cortex.o
 .debug_info    0x0000847b      0x8e6 ./Drivers/STM32F4xx_HAL_Driver/Src/stm32f4xx_hal_dma.o
 .debug_info    0x00008d61      0x6f9 ./Drivers/STM32F4xx_HAL_Driver/Src/stm32f4xx_hal_gpio.o
 .debug_info    0x0000945a     0x1577 ./Drivers/STM32F4xx_HAL_Driver/Src/stm32f4xx_hal_pcd.o
 .debug_info    0x0000a9d1      0x6ea ./Drivers/STM32F4xx_HAL_Driver/Src/stm32f4xx_hal_pcd_ex.o
 .debug_info    0x0000b0bb      0x8f0 ./Drivers/STM32F4xx_HAL_Driver/Src/stm32f4xx_hal_rcc.o
 .debug_info    0x0000b9ab     0x1530 ./Drivers/STM32F4xx_HAL_Driver/Src/stm32f4xx_hal_spi.o
 .debug_info    0x0000cedb     0x2f56 ./Drivers/STM32F4xx_HAL_Driver/Src/stm32f4xx_hal_uart.o
 .debug_info    0x0000fe31     0x1993 ./Drivers/STM32F4xx_HAL_Driver/Src/stm32f4xx_ll_usb.o
 .debug_info    0x000117c4     0x12a3 ./Middlewares/ST/STM32_USB_Device_Library/Class/CDC/Src/usbd_cdc.o
 .debug_info    0x00012a67      0xe05 ./Middlewares/ST/STM32_USB_Device_Library/Core/Src/usbd_core.o
 .debug_info    0x0001386c      0xade ./Middlewares/ST/STM32_USB_Device_Library/Core/Src/usbd_ctlreq.o
 .debug_info    0x0001434a      0x755 ./Middlewares/ST/STM32_USB_Device_Library/Core/Src/usbd_ioreq.o
 .debug_info    0x00014a9f      0x701 ./USB_DEVICE/App/usb_device.o
 .debug_info    0x000151a0      0x8fa ./USB_DEVICE/App/usbd_cdc_if.o
 .debug_info    0x00015a9a      0x458 ./USB_DEVICE/App/usbd_desc.o
 .debug_info    0x00015ef2     0x1c05 ./USB_DEVICE/Target/usbd_conf.o

.debug_abbrev   0x00000000     0x3836
 .debug_abbrev  0x00000000      0x330 ./Core/Src/main.o
 .debug_abbrev  0x00000330      0x1cb ./Core/Src/stm32f4xx_hal_msp.o
 .debug_abbrev  0x000004fb      0x1f1 ./Core/Src/stm32f4xx_it.o
 .debug_abbrev  0x000006ec      0x285 ./Core/Src/sx126x.o
 .debug_abbrev  0x00000971      0x1f8 ./Core/Src/sx126x_hal.o
 .debug_abbrev  0x00000b69      0x11a ./Core/Src/system_stm32f4xx.o
 .debug_abbrev  0x00000c83       0x24 ./Core/Startup/startup_stm32f411ceux.o
 .debug_abbrev  0x00000ca7      0x24b ./Drivers/STM32F4xx_HAL_Driver/Src/stm32f4xx_hal.o
 .debug_abbrev  0x00000ef2      0x31d ./Drivers/STM32F4xx_HAL_Driver/Src/stm32f4xx_hal_cortex.o
 .debug_abbrev  0x0000120f      0x221 ./Drivers/STM32F4xx_HAL_Driver/Src/stm32f4xx_hal_dma.o
 .debug_abbrev  0x00001430      0x1d3 ./Drivers/STM32F4xx_HAL_Driver/Src/stm32f4xx_hal_gpio.o
 .debug_abbrev  0x00001603      0x2b6 ./Drivers/STM32F4xx_HAL_Driver/Src/stm32f4xx_hal_pcd.o
 .debug_abbrev  0x000018b9      0x1da ./Drivers/STM32F4xx_HAL_Driver/Src/stm32f4xx_hal_pcd_ex.o
 .debug_abbrev  0x00001a93      0x2b6 ./Drivers/STM32F4xx_HAL_Driver/Src/stm32f4xx_hal_rcc.o
 .debug_abbrev  0x00001d49      0x276 ./Drivers/STM32F4xx_HAL_Driver/Src/stm32f4xx_hal_spi.o
 .debug_abbrev  0x00001fbf      0x31b ./Drivers/STM32F4xx_HAL_Driver/Src/stm32f4xx_hal_uart.o
 .debug_abbrev  0x000022da      0x2b3 ./Drivers/STM32F4xx_HAL_Driver/Src/stm32f4xx_ll_usb.o
 .debug_abbrev  0x0000258d      0x2d2 ./Middlewares/ST/STM32_USB_Device_Library/Class/CDC/Src/usbd_cdc.o
 .debug_abbrev  0x0000285f      0x27c ./Middlewares/ST/STM32_USB_Device_Library/Core/Src/usbd_core.o
 .debug_abbrev  0x00002adb      0x26f ./Middlewares/ST/STM32_USB_Device_Library/Core/Src/usbd_ctlreq.o
 .debug_abbrev  0x00002d4a      0x19a ./Middlewares/ST/STM32_USB_Device_Library/Core/Src/usbd_ioreq.o
 .debug_abbrev  0x00002ee4      0x195 ./USB_DEVICE/App/usb_device.o
 .debug_abbrev  0x00003079      0x29d ./USB_DEVICE/App/usbd_cdc_if.o
 .debug_abbrev  0x00003316      0x1e1 ./USB_DEVICE/App/usbd_desc.o
 .debug_abbrev  0x000034f7      0x33f ./USB_DEVICE/Target/usbd_conf.o

.debug_aranges  0x00000000     0x12f8
 .debug_aranges
                0x00000000       0x68 ./Core/Src/main.o
 .debug_aranges
                0x00000068       0x40 ./Core/Src/stm32f4xx_hal_msp.o
 .debug_aranges
                0x000000a8       0x80 ./Core/Src/stm32f4xx_it.o
 .debug_aranges
                0x00000128      0x2a0 ./Core/Src/sx126x.o
 .debug_aranges
                0x000003c8       0x38 ./Core/Src/sx126x_hal.o
 .debug_aranges
                0x00000400       0x28 ./Core/Src/system_stm32f4xx.o
 .debug_aranges
                0x00000428       0x28 ./Core/Startup/startup_stm32f411ceux.o
 .debug_aranges
                0x00000450       0xf0 ./Drivers/STM32F4xx_HAL_Driver/Src/stm32f4xx_hal.o
 .debug_aranges
                0x00000540      0x130 ./Drivers/STM32F4xx_HAL_Driver/Src/stm32f4xx_hal_cortex.o
 .debug_aranges
                0x00000670       0x90 ./Drivers/STM32F4xx_HAL_Driver/Src/stm32f4xx_hal_dma.o
 .debug_aranges
                0x00000700       0x58 ./Drivers/STM32F4xx_HAL_Driver/Src/stm32f4xx_hal_gpio.o
 .debug_aranges
                0x00000758      0x148 ./Drivers/STM32F4xx_HAL_Driver/Src/stm32f4xx_hal_pcd.o
 .debug_aranges
                0x000008a0       0x38 ./Drivers/STM32F4xx_HAL_Driver/Src/stm32f4xx_hal_pcd_ex.o
 .debug_aranges
                0x000008d8       0x88 ./Drivers/STM32F4xx_HAL_Driver/Src/stm32f4xx_hal_rcc.o
 .debug_aranges
                0x00000960      0x1d0 ./Drivers/STM32F4xx_HAL_Driver/Src/stm32f4xx_hal_spi.o
 .debug_aranges
                0x00000b30      0x208 ./Drivers/STM32F4xx_HAL_Driver/Src/stm32f4xx_hal_uart.o
 .debug_aranges
                0x00000d38      0x1a0 ./Drivers/STM32F4xx_HAL_Driver/Src/stm32f4xx_ll_usb.o
 .debug_aranges
                0x00000ed8       0x90 ./Middlewares/ST/STM32_USB_Device_Library/Class/CDC/Src/usbd_cdc.o
 .debug_aranges
                0x00000f68       0xd8 ./Middlewares/ST/STM32_USB_Device_Library/Core/Src/usbd_core.o
 .debug_aranges
                0x00001040       0x90 ./Middlewares/ST/STM32_USB_Device_Library/Core/Src/usbd_ctlreq.o
 .debug_aranges
                0x000010d0       0x50 ./Middlewares/ST/STM32_USB_Device_Library/Core/Src/usbd_ioreq.o
 .debug_aranges
                0x00001120       0x20 ./USB_DEVICE/App/usb_device.o
 .debug_aranges
                0x00001140       0x48 ./USB_DEVICE/App/usbd_cdc_if.o
 .debug_aranges
                0x00001188       0x60 ./USB_DEVICE/App/usbd_desc.o
 .debug_aranges
                0x000011e8      0x110 ./USB_DEVICE/Target/usbd_conf.o

.debug_rnglists
                0x00000000      0xe64
 .debug_rnglists
                0x00000000       0x4d ./Core/Src/main.o
 .debug_rnglists
                0x0000004d       0x2d ./Core/Src/stm32f4xx_hal_msp.o
 .debug_rnglists
                0x0000007a       0x5b ./Core/Src/stm32f4xx_it.o
 .debug_rnglists
                0x000000d5      0x1fd ./Core/Src/sx126x.o
 .debug_rnglists
                0x000002d2       0x26 ./Core/Src/sx126x_hal.o
 .debug_rnglists
                0x000002f8       0x1a ./Core/Src/system_stm32f4xx.o
 .debug_rnglists
                0x00000312       0x19 ./Core/Startup/startup_stm32f411ceux.o
 .debug_rnglists
                0x0000032b       0xaf ./Drivers/STM32F4xx_HAL_Driver/Src/stm32f4xx_hal.o
 .debug_rnglists
                0x000003da       0xe0 ./Drivers/STM32F4xx_HAL_Driver/Src/stm32f4xx_hal_cortex.o
 .debug_rnglists
                0x000004ba       0x70 ./Drivers/STM32F4xx_HAL_Driver/Src/stm32f4xx_hal_dma.o
 .debug_rnglists
                0x0000052a       0x3f ./Drivers/STM32F4xx_HAL_Driver/Src/stm32f4xx_hal_gpio.o
 .debug_rnglists
                0x00000569       0xfa ./Drivers/STM32F4xx_HAL_Driver/Src/stm32f4xx_hal_pcd.o
 .debug_rnglists
                0x00000663       0x26 ./Drivers/STM32F4xx_HAL_Driver/Src/stm32f4xx_hal_pcd_ex.o
 .debug_rnglists
                0x00000689       0x66 ./Drivers/STM32F4xx_HAL_Driver/Src/stm32f4xx_hal_rcc.o
 .debug_rnglists
                0x000006ef      0x16f ./Drivers/STM32F4xx_HAL_Driver/Src/stm32f4xx_hal_spi.o
 .debug_rnglists
                0x0000085e      0x1bc ./Drivers/STM32F4xx_HAL_Driver/Src/stm32f4xx_hal_uart.o
 .debug_rnglists
                0x00000a1a      0x147 ./Drivers/STM32F4xx_HAL_Driver/Src/stm32f4xx_ll_usb.o
 .debug_rnglists
                0x00000b61       0x6c ./Middlewares/ST/STM32_USB_Device_Library/Class/CDC/Src/usbd_cdc.o
 .debug_rnglists
                0x00000bcd       0xa1 ./Middlewares/ST/STM32_USB_Device_Library/Core/Src/usbd_core.o
 .debug_rnglists
                0x00000c6e       0x6e ./Middlewares/ST/STM32_USB_Device_Library/Core/Src/usbd_ctlreq.o
 .debug_rnglists
                0x00000cdc       0x37 ./Middlewares/ST/STM32_USB_Device_Library/Core/Src/usbd_ioreq.o
 .debug_rnglists
                0x00000d13       0x13 ./USB_DEVICE/App/usb_device.o
 .debug_rnglists
                0x00000d26       0x32 ./USB_DEVICE/App/usbd_cdc_if.o
 .debug_rnglists
                0x00000d58       0x43 ./USB_DEVICE/App/usbd_desc.o
 .debug_rnglists
                0x00000d9b       0xc9 ./USB_DEVICE/Target/usbd_conf.o

.debug_macro    0x00000000    0x178a4
 .debug_macro   0x00000000      0x3e4 ./Core/Src/main.o
 .debug_macro   0x000003e4      0x2a1 ./Core/Src/main.o
 .debug_macro   0x00000685       0x2e ./Core/Src/main.o
 .debug_macro   0x000006b3       0x28 ./Core/Src/main.o
 .debug_macro   0x000006db       0x1c ./Core/Src/main.o
 .debug_macro   0x000006f7       0x22 ./Core/Src/main.o
 .debug_macro   0x00000719       0xfb ./Core/Src/main.o
 .debug_macro   0x00000814     0x1011 ./Core/Src/main.o
 .debug_macro   0x00001825      0x11f ./Core/Src/main.o
 .debug_macro   0x00001944     0xb953 ./Core/Src/main.o
 .debug_macro   0x0000d297       0x6d ./Core/Src/main.o
 .debug_macro   0x0000d304     0x369a ./Core/Src/main.o
 .debug_macro   0x0001099e       0x5c ./Core/Src/main.o
 .debug_macro   0x000109fa      0x45c ./Core/Src/main.o
 .debug_macro   0x00010e56      0x9e9 ./Core/Src/main.o
 .debug_macro   0x0001183f      0x115 ./Core/Src/main.o
 .debug_macro   0x00011954      0x11b ./Core/Src/main.o
 .debug_macro   0x00011a6f       0xa5 ./Core/Src/main.o
 .debug_macro   0x00011b14      0x15f ./Core/Src/main.o
 .debug_macro   0x00011c73      0x287 ./Core/Src/main.o
 .debug_macro   0x00011efa       0x5f ./Core/Src/main.o
 .debug_macro   0x00011f59      0x236 ./Core/Src/main.o
 .debug_macro   0x0001218f      0x132 ./Core/Src/main.o
 .debug_macro   0x000122c1      0x264 ./Core/Src/main.o
 .debug_macro   0x00012525       0x2e ./Core/Src/main.o
 .debug_macro   0x00012553      0x127 ./Core/Src/main.o
 .debug_macro   0x0001267a       0x85 ./Core/Src/main.o
 .debug_macro   0x000126ff       0x89 ./Core/Src/main.o
 .debug_macro   0x00012788      0x225 ./Core/Src/main.o
 .debug_macro   0x000129ad      0x2aa ./Core/Src/main.o
 .debug_macro   0x00012c57      0x293 ./Core/Src/main.o
 .debug_macro   0x00012eea       0xba ./Core/Src/main.o
 .debug_macro   0x00012fa4      0x126 ./Core/Src/main.o
 .debug_macro   0x000130ca       0x16 ./Core/Src/main.o
 .debug_macro   0x000130e0       0x10 ./Core/Src/main.o
 .debug_macro   0x000130f0       0x16 ./Core/Src/main.o
 .debug_macro   0x00013106       0x16 ./Core/Src/main.o
 .debug_macro   0x0001311c      0x146 ./Core/Src/main.o
 .debug_macro   0x00013262       0x16 ./Core/Src/main.o
 .debug_macro   0x00013278       0x16 ./Core/Src/main.o
 .debug_macro   0x0001328e       0x29 ./Core/Src/main.o
 .debug_macro   0x000132b7       0x16 ./Core/Src/main.o
 .debug_macro   0x000132cd       0x65 ./Core/Src/main.o
 .debug_macro   0x00013332      0x20f ./Core/Src/main.o
 .debug_macro   0x00013541       0x22 ./Core/Src/main.o
 .debug_macro   0x00013563       0xac ./Core/Src/main.o
 .debug_macro   0x0001360f       0x22 ./Core/Src/main.o
 .debug_macro   0x00013631      0x13b ./Core/Src/main.o
 .debug_macro   0x0001376c      0x1f2 ./Core/Src/stm32f4xx_hal_msp.o
 .debug_macro   0x0001395e      0x360 ./Core/Src/stm32f4xx_it.o
 .debug_macro   0x00013cbe      0x23f ./Core/Src/sx126x.o
 .debug_macro   0x00013efd       0xa6 ./Core/Src/sx126x.o
 .debug_macro   0x00013fa3      0x21e ./Core/Src/sx126x_hal.o
 .debug_macro   0x000141c1      0x1e8 ./Core/Src/system_stm32f4xx.o
 .debug_macro   0x000143a9      0x248 ./Drivers/STM32F4xx_HAL_Driver/Src/stm32f4xx_hal.o
 .debug_macro   0x000145f1      0x1e8 ./Drivers/STM32F4xx_HAL_Driver/Src/stm32f4xx_hal_cortex.o
 .debug_macro   0x000147d9      0x1ee ./Drivers/STM32F4xx_HAL_Driver/Src/stm32f4xx_hal_dma.o
 .debug_macro   0x000149c7      0x1ee ./Drivers/STM32F4xx_HAL_Driver/Src/stm32f4xx_hal_gpio.o
 .debug_macro   0x00014bb5      0x1f4 ./Drivers/STM32F4xx_HAL_Driver/Src/stm32f4xx_hal_pcd.o
 .debug_macro   0x00014da9      0x1e8 ./Drivers/STM32F4xx_HAL_Driver/Src/stm32f4xx_hal_pcd_ex.o
 .debug_macro   0x00014f91      0x20c ./Drivers/STM32F4xx_HAL_Driver/Src/stm32f4xx_hal_rcc.o
 .debug_macro   0x0001519d      0x1f7 ./Drivers/STM32F4xx_HAL_Driver/Src/stm32f4xx_hal_spi.o
 .debug_macro   0x00015394      0x1e9 ./Drivers/STM32F4xx_HAL_Driver/Src/stm32f4xx_hal_uart.o
 .debug_macro   0x0001557d      0x1e8 ./Drivers/STM32F4xx_HAL_Driver/Src/stm32f4xx_ll_usb.o
 .debug_macro   0x00015765      0x381 ./Middlewares/ST/STM32_USB_Device_Library/Class/CDC/Src/usbd_cdc.o
 .debug_macro   0x00015ae6       0x9e ./Middlewares/ST/STM32_USB_Device_Library/Class/CDC/Src/usbd_cdc.o
 .debug_macro   0x00015b84      0x10b ./Middlewares/ST/STM32_USB_Device_Library/Class/CDC/Src/usbd_cdc.o
 .debug_macro   0x00015c8f       0x56 ./Middlewares/ST/STM32_USB_Device_Library/Class/CDC/Src/usbd_cdc.o
 .debug_macro   0x00015ce5       0x95 ./Middlewares/ST/STM32_USB_Device_Library/Class/CDC/Src/usbd_cdc.o
 .debug_macro   0x00015d7a      0x368 ./Middlewares/ST/STM32_USB_Device_Library/Core/Src/usbd_core.o
 .debug_macro   0x000160e2      0x215 ./Middlewares/ST/STM32_USB_Device_Library/Core/Src/usbd_core.o
 .debug_macro   0x000162f7      0x372 ./Middlewares/ST/STM32_USB_Device_Library/Core/Src/usbd_ctlreq.o
 .debug_macro   0x00016669      0x36e ./Middlewares/ST/STM32_USB_Device_Library/Core/Src/usbd_ioreq.o
 .debug_macro   0x000169d7      0x3a7 ./USB_DEVICE/App/usb_device.o
 .debug_macro   0x00016d7e       0x22 ./USB_DEVICE/App/usb_device.o
 .debug_macro   0x00016da0       0x16 ./USB_DEVICE/App/usb_device.o
 .debug_macro   0x00016db6      0x38c ./USB_DEVICE/App/usbd_cdc_if.o
 .debug_macro   0x00017142       0x10 ./USB_DEVICE/App/usbd_cdc_if.o
 .debug_macro   0x00017152      0x3ab ./USB_DEVICE/App/usbd_desc.o
 .debug_macro   0x000174fd       0x1c ./USB_DEVICE/App/usbd_desc.o
 .debug_macro   0x00017519      0x38b ./USB_DEVICE/Target/usbd_conf.o

.debug_line     0x00000000    0x16b2c
 .debug_line    0x00000000      0xbd0 ./Core/Src/main.o
 .debug_line    0x00000bd0      0x7b1 ./Core/Src/stm32f4xx_hal_msp.o
 .debug_line    0x00001381      0xa68 ./Core/Src/stm32f4xx_it.o
 .debug_line    0x00001de9     0x1834 ./Core/Src/sx126x.o
 .debug_line    0x0000361d      0x7f1 ./Core/Src/sx126x_hal.o
 .debug_line    0x00003e0e      0x795 ./Core/Src/system_stm32f4xx.o
 .debug_line    0x000045a3       0x7a ./Core/Startup/startup_stm32f411ceux.o
 .debug_line    0x0000461d      0x9fe ./Drivers/STM32F4xx_HAL_Driver/Src/stm32f4xx_hal.o
 .debug_line    0x0000501b      0xcf0 ./Drivers/STM32F4xx_HAL_Driver/Src/stm32f4xx_hal_cortex.o
 .debug_line    0x00005d0b      0xf6e ./Drivers/STM32F4xx_HAL_Driver/Src/stm32f4xx_hal_dma.o
 .debug_line    0x00006c79      0xb4e ./Drivers/STM32F4xx_HAL_Driver/Src/stm32f4xx_hal_gpio.o
 .debug_line    0x000077c7     0x14e7 ./Drivers/STM32F4xx_HAL_Driver/Src/stm32f4xx_hal_pcd.o
 .debug_line    0x00008cae      0x7db ./Drivers/STM32F4xx_HAL_Driver/Src/stm32f4xx_hal_pcd_ex.o
 .debug_line    0x00009489      0xd87 ./Drivers/STM32F4xx_HAL_Driver/Src/stm32f4xx_hal_rcc.o
 .debug_line    0x0000a210     0x1d1c ./Drivers/STM32F4xx_HAL_Driver/Src/stm32f4xx_hal_spi.o
 .debug_line    0x0000bf2c     0x28d0 ./Drivers/STM32F4xx_HAL_Driver/Src/stm32f4xx_hal_uart.o
 .debug_line    0x0000e7fc     0x1d7d ./Drivers/STM32F4xx_HAL_Driver/Src/stm32f4xx_ll_usb.o
 .debug_line    0x00010579      0xe9a ./Middlewares/ST/STM32_USB_Device_Library/Class/CDC/Src/usbd_cdc.o
 .debug_line    0x00011413      0xf14 ./Middlewares/ST/STM32_USB_Device_Library/Core/Src/usbd_core.o
 .debug_line    0x00012327     0x1124 ./Middlewares/ST/STM32_USB_Device_Library/Core/Src/usbd_ctlreq.o
 .debug_line    0x0001344b      0xa2e ./Middlewares/ST/STM32_USB_Device_Library/Core/Src/usbd_ioreq.o
 .debug_line    0x00013e79      0x9ea ./USB_DEVICE/App/usb_device.o
 .debug_line    0x00014863      0xa4d ./USB_DEVICE/App/usbd_cdc_if.o
 .debug_line    0x000152b0      0xab3 ./USB_DEVICE/App/usbd_desc.o
 .debug_line    0x00015d63      0xdc9 ./USB_DEVICE/Target/usbd_conf.o

.debug_str      0x00000000    0x8f50f
 .debug_str     0x00000000    0x88f7a ./Core/Src/main.o
                              0x89306 (size before relaxing)
 .debug_str     0x00088f7a       0x96 ./Core/Src/stm32f4xx_hal_msp.o
                              0x832b0 (size before relaxing)
 .debug_str     0x00089010      0x4d5 ./Core/Src/stm32f4xx_it.o
                              0x87446 (size before relaxing)
 .debug_str     0x000894e5     0x2303 ./Core/Src/sx126x.o
                              0x86178 (size before relaxing)
 .debug_str     0x0008b7e8       0x76 ./Core/Src/sx126x_hal.o
                              0x83341 (size before relaxing)
 .debug_str     0x0008b85e       0xdb ./Core/Src/system_stm32f4xx.o
                              0x828b4 (size before relaxing)
 .debug_str     0x0008b939       0x44 ./Core/Startup/startup_stm32f411ceux.o
                                 0x85 (size before relaxing)
 .debug_str     0x0008b97d      0x5fe ./Drivers/STM32F4xx_HAL_Driver/Src/stm32f4xx_hal.o
                              0x832e0 (size before relaxing)
 .debug_str     0x0008bf7b      0x352 ./Drivers/STM32F4xx_HAL_Driver/Src/stm32f4xx_hal_cortex.o
                              0x8304a (size before relaxing)
 .debug_str     0x0008c2cd      0x31a ./Drivers/STM32F4xx_HAL_Driver/Src/stm32f4xx_hal_dma.o
                              0x82cbc (size before relaxing)
 .debug_str     0x0008c5e7       0xd7 ./Drivers/STM32F4xx_HAL_Driver/Src/stm32f4xx_hal_gpio.o
                              0x82a2f (size before relaxing)
 .debug_str     0x0008c6be      0x831 ./Drivers/STM32F4xx_HAL_Driver/Src/stm32f4xx_hal_pcd.o
                              0x83380 (size before relaxing)
 .debug_str     0x0008ceef      0x115 ./Drivers/STM32F4xx_HAL_Driver/Src/stm32f4xx_hal_pcd_ex.o
                              0x82c70 (size before relaxing)
 .debug_str     0x0008d004      0x21f ./Drivers/STM32F4xx_HAL_Driver/Src/stm32f4xx_hal_rcc.o
                              0x82ce8 (size before relaxing)
 .debug_str     0x0008d223      0x4fe ./Drivers/STM32F4xx_HAL_Driver/Src/stm32f4xx_hal_spi.o
                              0x83160 (size before relaxing)
 .debug_str     0x0008d721      0x5c9 ./Drivers/STM32F4xx_HAL_Driver/Src/stm32f4xx_hal_uart.o
                              0x832b7 (size before relaxing)
 .debug_str     0x0008dcea      0x4b0 ./Drivers/STM32F4xx_HAL_Driver/Src/stm32f4xx_ll_usb.o
                              0x8325b (size before relaxing)
 .debug_str     0x0008e19a      0xa15 ./Middlewares/ST/STM32_USB_Device_Library/Class/CDC/Src/usbd_cdc.o
                              0x87873 (size before relaxing)
 .debug_str     0x0008ebaf      0x356 ./Middlewares/ST/STM32_USB_Device_Library/Core/Src/usbd_core.o
                              0x871cc (size before relaxing)
 .debug_str     0x0008ef05      0x139 ./Middlewares/ST/STM32_USB_Device_Library/Core/Src/usbd_ctlreq.o
                              0x86ff7 (size before relaxing)
 .debug_str     0x0008f03e       0x51 ./Middlewares/ST/STM32_USB_Device_Library/Core/Src/usbd_ioreq.o
                              0x86ecc (size before relaxing)
 .debug_str     0x0008f08f      0x105 ./USB_DEVICE/App/usb_device.o
                              0x8727f (size before relaxing)
 .debug_str     0x0008f194       0x9a ./USB_DEVICE/App/usbd_cdc_if.o
                              0x872bf (size before relaxing)
 .debug_str     0x0008f22e      0x26e ./USB_DEVICE/App/usbd_desc.o
                              0x86dcc (size before relaxing)
 .debug_str     0x0008f49c       0x73 ./USB_DEVICE/Target/usbd_conf.o
                              0x87f7b (size before relaxing)

.comment        0x00000000       0x43
 .comment       0x00000000       0x43 ./Core/Src/main.o
                                 0x44 (size before relaxing)
 .comment       0x00000043       0x44 ./Core/Src/stm32f4xx_hal_msp.o
 .comment       0x00000043       0x44 ./Core/Src/stm32f4xx_it.o
 .comment       0x00000043       0x44 ./Core/Src/sx126x.o
 .comment       0x00000043       0x44 ./Core/Src/sx126x_hal.o
 .comment       0x00000043       0x44 ./Core/Src/system_stm32f4xx.o
 .comment       0x00000043       0x44 ./Drivers/STM32F4xx_HAL_Driver/Src/stm32f4xx_hal.o
 .comment       0x00000043       0x44 ./Drivers/STM32F4xx_HAL_Driver/Src/stm32f4xx_hal_cortex.o
 .comment       0x00000043       0x44 ./Drivers/STM32F4xx_HAL_Driver/Src/stm32f4xx_hal_dma.o
 .comment       0x00000043       0x44 ./Drivers/STM32F4xx_HAL_Driver/Src/stm32f4xx_hal_gpio.o
 .comment       0x00000043       0x44 ./Drivers/STM32F4xx_HAL_Driver/Src/stm32f4xx_hal_pcd.o
 .comment       0x00000043       0x44 ./Drivers/STM32F4xx_HAL_Driver/Src/stm32f4xx_hal_pcd_ex.o
 .comment       0x00000043       0x44 ./Drivers/STM32F4xx_HAL_Driver/Src/stm32f4xx_hal_rcc.o
 .comment       0x00000043       0x44 ./Drivers/STM32F4xx_HAL_Driver/Src/stm32f4xx_hal_spi.o
 .comment       0x00000043       0x44 ./Drivers/STM32F4xx_HAL_Driver/Src/stm32f4xx_hal_uart.o
 .comment       0x00000043       0x44 ./Drivers/STM32F4xx_HAL_Driver/Src/stm32f4xx_ll_usb.o
 .comment       0x00000043       0x44 ./Middlewares/ST/STM32_USB_Device_Library/Class/CDC/Src/usbd_cdc.o
 .comment       0x00000043       0x44 ./Middlewares/ST/STM32_USB_Device_Library/Core/Src/usbd_core.o
 .comment       0x00000043       0x44 ./Middlewares/ST/STM32_USB_Device_Library/Core/Src/usbd_ctlreq.o
 .comment       0x00000043       0x44 ./Middlewares/ST/STM32_USB_Device_Library/Core/Src/usbd_ioreq.o
 .comment       0x00000043       0x44 ./USB_DEVICE/App/usb_device.o
 .comment       0x00000043       0x44 ./USB_DEVICE/App/usbd_cdc_if.o
 .comment       0x00000043       0x44 ./USB_DEVICE/App/usbd_desc.o
 .comment       0x00000043       0x44 ./USB_DEVICE/Target/usbd_conf.o

.debug_frame    0x00000000     0x4e94
 .debug_frame   0x00000000      0x164 ./Core/Src/main.o
 .debug_frame   0x00000164       0xc8 ./Core/Src/stm32f4xx_hal_msp.o
 .debug_frame   0x0000022c      0x174 ./Core/Src/stm32f4xx_it.o
 .debug_frame   0x000003a0      0xba0 ./Core/Src/sx126x.o
 .debug_frame   0x00000f40       0xa0 ./Core/Src/sx126x_hal.o
 .debug_frame   0x00000fe0       0x58 ./Core/Src/system_stm32f4xx.o