19:33:07 **** Incremental Build of configuration Debug for project SRAD_Telemetry ****
make -j3 all 
arm-none-eabi-gcc "../Core/Src/main.c" -mcpu=cortex-m4 -std=gnu11 -g3 -DDEBUG -DUSE_HAL_DRIVER -DSTM32F411xE -c -I../Core/Inc -I../Drivers/STM32F4xx_HAL_Driver/Inc -I../Drivers/STM32F4xx_HAL_Driver/Inc/Legacy -I../Drivers/CMSIS/Device/ST/STM32F4xx/Include -I../Drivers/CMSIS/Include -I../USB_DEVICE/App -I../USB_DEVICE/Target -I../Middlewares/ST/STM32_USB_Device_Library/Core/Inc -I../Middlewares/ST/STM32_USB_Device_Library/Class/CDC/Inc -O0 -ffunction-sections -fdata-sections -Wall -fstack-usage -fcyclomatic-complexity -MMD -MP -MF"Core/Src/main.d" -MT"Core/Src/main.o" --specs=nano.specs -mfpu=fpv4-sp-d16 -mfloat-abi=hard -mthumb -o "Core/Src/main.o"
arm-none-eabi-gcc -o "SRAD_Telemetry.elf" @"objects.list"   -mcpu=cortex-m4 -T"/Users/Zarina/STM32CubeIDE/workspace_1.16.1/SRAD_Telemetry/STM32F411CEUX_FLASH.ld" --specs=nosys.specs -Wl,-Map="SRAD_Telemetry.map" -Wl,--gc-sections -static --specs=nano.specs -mfpu=fpv4-sp-d16 -mfloat-abi=hard -mthumb -Wl,--start-group -lc -lm -Wl,--end-group
Finished building target: SRAD_Telemetry.elf
 
arm-none-eabi-size  SRAD_Telemetry.elf 
arm-none-eabi-objdump -h -S SRAD_Telemetry.elf  > "SRAD_Telemetry.list"
   text	   data	    bss	    dec	    hex	filename
  40228	    252	   8964	  49444	   c124	SRAD_Telemetry.elf
Finished building: default.size.stdout
 
Finished building: SRAD_Telemetry.list
 
19:33:56 **** Incremental Build of configuration Debug for project SRAD_Telemetry ****
make -j3 all 
arm-none-eabi-gcc "../Core/Src/main.c" -mcpu=cortex-m4 -std=gnu11 -g3 -DDEBUG -DUSE_HAL_DRIVER -DSTM32F411xE -c -I../Core/Inc -I../Drivers/STM32F4xx_HAL_Driver/Inc -I../Drivers/STM32F4xx_HAL_Driver/Inc/Legacy -I../Drivers/CMSIS/Device/ST/STM32F4xx/Include -I../Drivers/CMSIS/Include -I../USB_DEVICE/App -I../USB_DEVICE/Target -I../Middlewares/ST/STM32_USB_Device_Library/Core/Inc -I../Middlewares/ST/STM32_USB_Device_Library/Class/CDC/Inc -O0 -ffunction-sections -fdata-sections -Wall -fstack-usage -fcyclomatic-complexity -MMD -MP -MF"Core/Src/main.d" -MT"Core/Src/main.o" --specs=nano.specs -mfpu=fpv4-sp-d16 -mfloat-abi=hard -mthumb -o "Core/Src/main.o"
arm-none-eabi-gcc -o "SRAD_Telemetry.elf" @"objects.list"   -mcpu=cortex-m4 -T"/Users/Zarina/STM32CubeIDE/workspace_1.16.1/SRAD_Telemetry/STM32F411CEUX_FLASH.ld" --specs=nosys.specs -Wl,-Map="SRAD_Telemetry.map" -Wl,--gc-sections -static --specs=nano.specs -mfpu=fpv4-sp-d16 -mfloat-abi=hard -mthumb -Wl,--start-group -lc -lm -Wl,--end-group
Finished building target: SRAD_Telemetry.elf
 
arm-none-eabi-size  SRAD_Telemetry.elf 
arm-none-eabi-objdump -h -S SRAD_Telemetry.elf  > "SRAD_Telemetry.list"
   text	   data	    bss	    dec	    hex	filename
  40228	    252	   8964	  49444	   c124	SRAD_Telemetry.elf
Finished building: default.size.stdout
 
Finished building: SRAD_Telemetry.list
 
19:38:22 **** Incremental Build of configuration Debug for project SRAD_Telemetry ****
make -j3 all 
arm-none-eabi-gcc "../Core/Src/main.c" -mcpu=cortex-m4 -std=gnu11 -g3 -DDEBUG -DUSE_HAL_DRIVER -DSTM32F411xE -c -I../Core/Inc -I../Drivers/STM32F4xx_HAL_Driver/Inc -I../Drivers/STM32F4xx_HAL_Driver/Inc/Legacy -I../Drivers/CMSIS/Device/ST/STM32F4xx/Include -I../Drivers/CMSIS/Include -I../USB_DEVICE/App -I../USB_DEVICE/Target -I../Middlewares/ST/STM32_USB_Device_Library/Core/Inc -I../Middlewares/ST/STM32_USB_Device_Library/Class/CDC/Inc -O0 -ffunction-sections -fdata-sections -Wall -fstack-usage -fcyclomatic-complexity -MMD -MP -MF"Core/Src/main.d" -MT"Core/Src/main.o" --specs=nano.specs -mfpu=fpv4-sp-d16 -mfloat-abi=hard -mthumb -o "Core/Src/main.o"
../Core/Src/main.c: In function 'main':
../Core/Src/main.c:181:32: error: 'stm32Context' undeclared (first use in this function)
  181 |             sx126x_set_standby(stm32Context,SX126X_STANDBY_CFG_RC);
      |                                ^~~~~~~~~~~~
../Core/Src/main.c:181:32: note: each undeclared identifier is reported only once for each function it appears in
../Core/Src/main.c:184:80: error: invalid type argument of '->' (have 'e22trans')
  184 |             sx126x_set_lora_pkt_params(&transmitter.hardwareConfig,&transmitter->pktParams);
      |                                                                                ^~
make: *** [Core/Src/subdir.mk:49: Core/Src/main.o] Error 1
"make -j3 all" terminated with exit code 2. Build might be incomplete.
19:39:18 **** Incremental Build of configuration Debug for project SRAD_Telemetry ****
make -j3 all 
arm-none-eabi-gcc "../Core/Src/main.c" -mcpu=cortex-m4 -std=gnu11 -g3 -DDEBUG -DUSE_HAL_DRIVER -DSTM32F411xE -c -I../Core/Inc -I../Drivers/STM32F4xx_HAL_Driver/Inc -I../Drivers/STM32F4xx_HAL_Driver/Inc/Legacy -I../Drivers/CMSIS/Device/ST/STM32F4xx/Include -I../Drivers/CMSIS/Include -I../USB_DEVICE/App -I../USB_DEVICE/Target -I../Middlewares/ST/STM32_USB_Device_Library/Core/Inc -I../Middlewares/ST/STM32_USB_Device_Library/Class/CDC/Inc -O0 -ffunction-sections -fdata-sections -Wall -fstack-usage -fcyclomatic-complexity -MMD -MP -MF"Core/Src/main.d" -MT"Core/Src/main.o" --specs=nano.specs -mfpu=fpv4-sp-d16 -mfloat-abi=hard -mthumb -o "Core/Src/main.o"
../Core/Src/main.c: In function 'main':
../Core/Src/main.c:184:65: error: invalid type argument of '->' (have 'e22trans')
  184 |             sx126x_set_lora_pkt_params(&transmitter,&transmitter->pktParams);
      |                                                                 ^~
make: *** [Core/Src/subdir.mk:49: Core/Src/main.o] Error 1
"make -j3 all" terminated with exit code 2. Build might be incomplete.
19:39:36 **** Incremental Build of configuration Debug for project SRAD_Telemetry ****
make -j3 all 
arm-none-eabi-gcc "../Core/Src/main.c" -mcpu=cortex-m4 -std=gnu11 -g3 -DDEBUG -DUSE_HAL_DRIVER -DSTM32F411xE -c -I../Core/Inc -I../Drivers/STM32F4xx_HAL_Driver/Inc -I../Drivers/STM32F4xx_HAL_Driver/Inc/Legacy -I../Drivers/CMSIS/Device/ST/STM32F4xx/Include -I../Drivers/CMSIS/Include -I../USB_DEVICE/App -I../USB_DEVICE/Target -I../Middlewares/ST/STM32_USB_Device_Library/Core/Inc -I../Middlewares/ST/STM32_USB_Device_Library/Class/CDC/Inc -O0 -ffunction-sections -fdata-sections -Wall -fstack-usage -fcyclomatic-complexity -MMD -MP -MF"Core/Src/main.d" -MT"Core/Src/main.o" --specs=nano.specs -mfpu=fpv4-sp-d16 -mfloat-abi=hard -mthumb -o "Core/Src/main.o"
arm-none-eabi-gcc -o "SRAD_Telemetry.elf" @"objects.list"   -mcpu=cortex-m4 -T"/Users/Zarina/STM32CubeIDE/workspace_1.16.1/SRAD_Telemetry/STM32F411CEUX_FLASH.ld" --specs=nosys.specs -Wl,-Map="SRAD_Telemetry.map" -Wl,--gc-sections -static --specs=nano.specs -mfpu=fpv4-sp-d16 -mfloat-abi=hard -mthumb -Wl,--start-group -lc -lm -Wl,--end-group
Finished building target: SRAD_Telemetry.elf
 
arm-none-eabi-size  SRAD_Telemetry.elf 
arm-none-eabi-objdump -h -S SRAD_Telemetry.elf  > "SRAD_Telemetry.list"
   text	   data	    bss	    dec	    hex	filename
  40284	    252	   8964	  49500	   c15c	SRAD_Telemetry.elf
Finished building: default.size.stdout
 
Finished building: SRAD_Telemetry.list
 
19:40:11 **** Incremental Build of configuration Debug for project SRAD_Telemetry ****
make -j3 all 
arm-none-eabi-gcc "../Core/Src/main.c" -mcpu=cortex-m4 -std=gnu11 -g3 -DDEBUG -DUSE_HAL_DRIVER -DSTM32F411xE -c -I../Core/Inc -I../Drivers/STM32F4xx_HAL_Driver/Inc -I../Drivers/STM32F4xx_HAL_Driver/Inc/Legacy -I../Drivers/CMSIS/Device/ST/STM32F4xx/Include -I../Drivers/CMSIS/Include -I../USB_DEVICE/App -I../USB_DEVICE/Target -I../Middlewares/ST/STM32_USB_Device_Library/Core/Inc -I../Middlewares/ST/STM32_USB_Device_Library/Class/CDC/Inc -O0 -ffunction-sections -fdata-sections -Wall -fstack-usage -fcyclomatic-complexity -MMD -MP -MF"Core/Src/main.d" -MT"Core/Src/main.o" --specs=nano.specs -mfpu=fpv4-sp-d16 -mfloat-abi=hard -mthumb -o "Core/Src/main.o"
arm-none-eabi-gcc -o "SRAD_Telemetry.elf" @"objects.list"   -mcpu=cortex-m4 -T"/Users/Zarina/STM32CubeIDE/workspace_1.16.1/SRAD_Telemetry/STM32F411CEUX_FLASH.ld" --specs=nosys.specs -Wl,-Map="SRAD_Telemetry.map" -Wl,--gc-sections -static --specs=nano.specs -mfpu=fpv4-sp-d16 -mfloat-abi=hard -mthumb -Wl,--start-group -lc -lm -Wl,--end-group
Finished building target: SRAD_Telemetry.elf
 
arm-none-eabi-size  SRAD_Telemetry.elf 
arm-none-eabi-objdump -h -S SRAD_Telemetry.elf  > "SRAD_Telemetry.list"
   text	   data	    bss	    dec	    hex	filename
  40284	    252	   8964	  49500	   c15c	SRAD_Telemetry.elf
Finished building: default.size.stdout
 
Finished building: SRAD_Telemetry.list
 
19:41:24 **** Incremental Build of configuration Debug for project SRAD_Telemetry ****
make -j3 all 
arm-none-eabi-gcc "../Core/Src/main.c" -mcpu=cortex-m4 -std=gnu11 -g3 -DDEBUG -DUSE_HAL_DRIVER -DSTM32F411xE -c -I../Core/Inc -I../Drivers/STM32F4xx_HAL_Driver/Inc -I../Drivers/STM32F4xx_HAL_Driver/Inc/Legacy -I../Drivers/CMSIS/Device/ST/STM32F4xx/Include -I../Drivers/CMSIS/Include -I../USB_DEVICE/App -I../USB_DEVICE/Target -I../Middlewares/ST/STM32_USB_Device_Library/Core/Inc -I../Middlewares/ST/STM32_USB_Device_Library/Class/CDC/Inc -O0 -ffunction-sections -fdata-sections -Wall -fstack-usage -fcyclomatic-complexity -MMD -MP -MF"Core/Src/main.d" -MT"Core/Src/main.o" --specs=nano.specs -mfpu=fpv4-sp-d16 -mfloat-abi=hard -mthumb -o "Core/Src/main.o"
arm-none-eabi-gcc -o "SRAD_Telemetry.elf" @"objects.list"   -mcpu=cortex-m4 -T"/Users/Zarina/STM32CubeIDE/workspace_1.16.1/SRAD_Telemetry/STM32F411CEUX_FLASH.ld" --specs=nosys.specs -Wl,-Map="SRAD_Telemetry.map" -Wl,--gc-sections -static --specs=nano.specs -mfpu=fpv4-sp-d16 -mfloat-abi=hard -mthumb -Wl,--start-group -lc -lm -Wl,--end-group
Finished building target: SRAD_Telemetry.elf
 
arm-none-eabi-size  SRAD_Telemetry.elf 
arm-none-eabi-objdump -h -S SRAD_Telemetry.elf  > "SRAD_Telemetry.list"
   text	   data	    bss	    dec	    hex	filename
  40284	    252	   8964	  49500	   c15c	SRAD_Telemetry.elf
Finished building: default.size.stdout
 
Finished building: SRAD_Telemetry.list
 
19:44:29 **** Incremental Build of configuration Debug for project SRAD_Telemetry ****
make -j3 all 
arm-none-eabi-gcc "../Core/Src/main.c" -mcpu=cortex-m4 -std=gnu11 -g3 -DDEBUG -DUSE_HAL_DRIVER -DSTM32F411xE -c -I../Core/Inc -I../Drivers/STM32F4xx_HAL_Driver/Inc -I../Drivers/STM32F4xx_HAL_Driver/Inc/Legacy -I../Drivers/CMSIS/Device/ST/STM32F4xx/Include -I../Drivers/CMSIS/Include -I../USB_DEVICE/App -I../USB_DEVICE/Target -I../Middlewares/ST/STM32_USB_Device_Library/Core/Inc -I../Middlewares/ST/STM32_USB_Device_Library/Class/CDC/Inc -O0 -ffunction-sections -fdata-sections -Wall -fstack-usage -fcyclomatic-complexity -MMD -MP -MF"Core/Src/main.d" -MT"Core/Src/main.o" --specs=nano.specs -mfpu=fpv4-sp-d16 -mfloat-abi=hard -mthumb -o "Core/Src/main.o"
arm-none-eabi-gcc -o "SRAD_Telemetry.elf" @"objects.list"   -mcpu=cortex-m4 -T"/Users/Zarina/STM32CubeIDE/workspace_1.16.1/SRAD_Telemetry/STM32F411CEUX_FLASH.ld" --specs=nosys.specs -Wl,-Map="SRAD_Telemetry.map" -Wl,--gc-sections -static --specs=nano.specs -mfpu=fpv4-sp-d16 -mfloat-abi=hard -mthumb -Wl,--start-group -lc -lm -Wl,--end-group
Finished building target: SRAD_Telemetry.elf
 
arm-none-eabi-size  SRAD_Telemetry.elf 
arm-none-eabi-objdump -h -S SRAD_Telemetry.elf  > "SRAD_Telemetry.list"
   text	   data	    bss	    dec	    hex	filename
  40276	    252	   8964	  49492	   c154	SRAD_Telemetry.elf
Finished building: default.size.stdout
 
Finished building: SRAD_Telemetry.list
 
19:47:04 **** Incremental Build of configuration Debug for project SRAD_Telemetry ****
make -j3 all 
arm-none-eabi-gcc "../Core/Src/main.c" -mcpu=cortex-m4 -std=gnu11 -g3 -DDEBUG -DUSE_HAL_DRIVER -DSTM32F411xE -c -I../Core/Inc -I../Drivers/STM32F4xx_HAL_Driver/Inc -I../Drivers/STM32F4xx_HAL_Driver/Inc/Legacy -I../Drivers/CMSIS/Device/ST/STM32F4xx/Include -I../Drivers/CMSIS/Include -I../USB_DEVICE/App -I../USB_DEVICE/Target -I../Middlewares/ST/STM32_USB_Device_Library/Core/Inc -I../Middlewares/ST/STM32_USB_Device_Library/Class/CDC/Inc -O0 -ffunction-sections -fdata-sections -Wall -fstack-usage -fcyclomatic-complexity -MMD -MP -MF"Core/Src/main.d" -MT"Core/Src/main.o" --specs=nano.specs -mfpu=fpv4-sp-d16 -mfloat-abi=hard -mthumb -o "Core/Src/main.o"
../Core/Src/main.c: In function 'main':
../Core/Src/main.c:184:20: error: 'TxDone' undeclared (first use in this function); did you mean 'txDone'?
  184 |             while(!TxDone);
      |                    ^~~~~~
      |                    txDone
../Core/Src/main.c:184:20: note: each undeclared identifier is reported only once for each function it appears in
make: *** [Core/Src/subdir.mk:49: Core/Src/main.o] Error 1
"make -j3 all" terminated with exit code 2. Build might be incomplete.
19:47:14 **** Incremental Build of configuration Debug for project SRAD_Telemetry ****
make -j3 all 
arm-none-eabi-gcc "../Core/Src/main.c" -mcpu=cortex-m4 -std=gnu11 -g3 -DDEBUG -DUSE_HAL_DRIVER -DSTM32F411xE -c -I../Core/Inc -I../Drivers/STM32F4xx_HAL_Driver/Inc -I../Drivers/STM32F4xx_HAL_Driver/Inc/Legacy -I../Drivers/CMSIS/Device/ST/STM32F4xx/Include -I../Drivers/CMSIS/Include -I../USB_DEVICE/App -I../USB_DEVICE/Target -I../Middlewares/ST/STM32_USB_Device_Library/Core/Inc -I../Middlewares/ST/STM32_USB_Device_Library/Class/CDC/Inc -O0 -ffunction-sections -fdata-sections -Wall -fstack-usage -fcyclomatic-complexity -MMD -MP -MF"Core/Src/main.d" -MT"Core/Src/main.o" --specs=nano.specs -mfpu=fpv4-sp-d16 -mfloat-abi=hard -mthumb -o "Core/Src/main.o"
../Core/Src/main.c: In function 'main':
../Core/Src/main.c:184:20: error: 'TxDone' undeclared (first use in this function); did you mean 'txDone'?
  184 |             while(!TxDone){};
      |                    ^~~~~~
      |                    txDone
../Core/Src/main.c:184:20: note: each undeclared identifier is reported only once for each function it appears in
make: *** [Core/Src/subdir.mk:49: Core/Src/main.o] Error 1
"make -j3 all" terminated with exit code 2. Build might be incomplete.
19:47:23 **** Incremental Build of configuration Debug for project SRAD_Telemetry ****
make -j3 all 
arm-none-eabi-gcc "../Core/Src/main.c" -mcpu=cortex-m4 -std=gnu11 -g3 -DDEBUG -DUSE_HAL_DRIVER -DSTM32F411xE -c -I../Core/Inc -I../Drivers/STM32F4xx_HAL_Driver/Inc -I../Drivers/STM32F4xx_HAL_Driver/Inc/Legacy -I../Drivers/CMSIS/Device/ST/STM32F4xx/Include -I../Drivers/CMSIS/Include -I../USB_DEVICE/App -I../USB_DEVICE/Target -I../Middlewares/ST/STM32_USB_Device_Library/Core/Inc -I../Middlewares/ST/STM32_USB_Device_Library/Class/CDC/Inc -O0 -ffunction-sections -fdata-sections -Wall -fstack-usage -fcyclomatic-complexity -MMD -MP -MF"Core/Src/main.d" -MT"Core/Src/main.o" --specs=nano.specs -mfpu=fpv4-sp-d16 -mfloat-abi=hard -mthumb -o "Core/Src/main.o"
arm-none-eabi-gcc -o "SRAD_Telemetry.elf" @"objects.list"   -mcpu=cortex-m4 -T"/Users/Zarina/STM32CubeIDE/workspace_1.16.1/SRAD_Telemetry/STM32F411CEUX_FLASH.ld" --specs=nosys.specs -Wl,-Map="SRAD_Telemetry.map" -Wl,--gc-sections -static --specs=nano.specs -mfpu=fpv4-sp-d16 -mfloat-abi=hard -mthumb -Wl,--start-group -lc -lm -Wl,--end-group
Finished building target: SRAD_Telemetry.elf
 
arm-none-eabi-size  SRAD_Telemetry.elf 
arm-none-eabi-objdump -h -S SRAD_Telemetry.elf  > "SRAD_Telemetry.list"
   text	   data	    bss	    dec	    hex	filename
  40280	    252	   8964	  49496	   c158	SRAD_Telemetry.elf
Finished building: default.size.stdout
 
Finished building: SRAD_Telemetry.list
 
19:47:31 **** Incremental Build of configuration Debug for project SRAD_Telemetry ****
make -j3 all 
arm-none-eabi-size  SRAD_Telemetry.elf 
   text	   data	    bss	    dec	    hex	filename
  40280	    252	   8964	  49496	   c158	SRAD_Telemetry.elf
Finished building: default.size.stdout
 
19:48:39 **** Incremental Build of configuration Debug for project SRAD_Telemetry ****
make -j3 all 
arm-none-eabi-size  SRAD_Telemetry.elf 
   text	   data	    bss	    dec	    hex	filename
  40280	    252	   8964	  49496	   c158	SRAD_Telemetry.elf
Finished building: default.size.stdout
 
19:57:54 **** Incremental Build of configuration Debug for project SRAD_Telemetry ****
make -j3 all 
arm-none-eabi-gcc "../Core/Src/main.c" -mcpu=cortex-m4 -std=gnu11 -g3 -DDEBUG -DUSE_HAL_DRIVER -DSTM32F411xE -c -I../Core/Inc -I../Drivers/STM32F4xx_HAL_Driver/Inc -I../Drivers/STM32F4xx_HAL_Driver/Inc/Legacy -I../Drivers/CMSIS/Device/ST/STM32F4xx/Include -I../Drivers/CMSIS/Include -I../USB_DEVICE/App -I../USB_DEVICE/Target -I../Middlewares/ST/STM32_USB_Device_Library/Core/Inc -I../Middlewares/ST/STM32_USB_Device_Library/Class/CDC/Inc -O0 -ffunction-sections -fdata-sections -Wall -fstack-usage -fcyclomatic-complexity -MMD -MP -MF"Core/Src/main.d" -MT"Core/Src/main.o" --specs=nano.specs -mfpu=fpv4-sp-d16 -mfloat-abi=hard -mthumb -o "Core/Src/main.o"
arm-none-eabi-gcc -o "SRAD_Telemetry.elf" @"objects.list"   -mcpu=cortex-m4 -T"/Users/Zarina/STM32CubeIDE/workspace_1.16.1/SRAD_Telemetry/STM32F411CEUX_FLASH.ld" --specs=nosys.specs -Wl,-Map="SRAD_Telemetry.map" -Wl,--gc-sections -static --specs=nano.specs -mfpu=fpv4-sp-d16 -mfloat-abi=hard -mthumb -Wl,--start-group -lc -lm -Wl,--end-group
Finished building target: SRAD_Telemetry.elf
 
arm-none-eabi-size  SRAD_Telemetry.elf 
arm-none-eabi-objdump -h -S SRAD_Telemetry.elf  > "SRAD_Telemetry.list"
   text	   data	    bss	    dec	    hex	filename
  40356	    252	   8964	  49572	   c1a4	SRAD_Telemetry.elf
Finished building: default.size.stdout
 
Finished building: SRAD_Telemetry.list
 
19:58:04 **** Incremental Build of configuration Debug for project SRAD_Telemetry ****
make -j3 all 
arm-none-eabi-size  SRAD_Telemetry.elf 
   text	   data	    bss	    dec	    hex	filename
  40356	    252	   8964	  49572	   c1a4	SRAD_Telemetry.elf
Finished building: default.size.stdout
 
19:58:33 **** Incremental Build of configuration Debug for project SRAD_Telemetry ****
make -j3 all 
arm-none-eabi-size  SRAD_Telemetry.elf 
   text	   data	    bss	    dec	    hex	filename
  40356	    252	   8964	  49572	   c1a4	SRAD_Telemetry.elf
Finished building: default.size.stdout
 
20:01:51 **** Incremental Build of configuration Debug for project SRAD_Telemetry ****
make -j3 all 
arm-none-eabi-gcc "../Core/Src/main.c" -mcpu=cortex-m4 -std=gnu11 -g3 -DDEBUG -DUSE_HAL_DRIVER -DSTM32F411xE -c -I../Core/Inc -I../Drivers/STM32F4xx_HAL_Driver/Inc -I../Drivers/STM32F4xx_HAL_Driver/Inc/Legacy -I../Drivers/CMSIS/Device/ST/STM32F4xx/Include -I../Drivers/CMSIS/Include -I../USB_DEVICE/App -I../USB_DEVICE/Target -I../Middlewares/ST/STM32_USB_Device_Library/Core/Inc -I../Middlewares/ST/STM32_USB_Device_Library/Class/CDC/Inc -O0 -ffunction-sections -fdata-sections -Wall -fstack-usage -fcyclomatic-complexity -MMD -MP -MF"Core/Src/main.d" -MT"Core/Src/main.o" --specs=nano.specs -mfpu=fpv4-sp-d16 -mfloat-abi=hard -mthumb -o "Core/Src/main.o"
arm-none-eabi-gcc -o "SRAD_Telemetry.elf" @"objects.list"   -mcpu=cortex-m4 -T"/Users/Zarina/STM32CubeIDE/workspace_1.16.1/SRAD_Telemetry/STM32F411CEUX_FLASH.ld" --specs=nosys.specs -Wl,-Map="SRAD_Telemetry.map" -Wl,--gc-sections -static --specs=nano.specs -mfpu=fpv4-sp-d16 -mfloat-abi=hard -mthumb -Wl,--start-group -lc -lm -Wl,--end-group
Finished building target: SRAD_Telemetry.elf
 
arm-none-eabi-size  SRAD_Telemetry.elf 
arm-none-eabi-objdump -h -S SRAD_Telemetry.elf  > "SRAD_Telemetry.list"
   text	   data	    bss	    dec	    hex	filename
  40356	    252	   8964	  49572	   c1a4	SRAD_Telemetry.elf
Finished building: default.size.stdout
 
Finished building: SRAD_Telemetry.list
 
20:01:57 **** Incremental Build of configuration Debug for project SRAD_Telemetry ****
make -j3 all 
arm-none-eabi-gcc "../Core/Src/main.c" -mcpu=cortex-m4 -std=gnu11 -g3 -DDEBUG -DUSE_HAL_DRIVER -DSTM32F411xE -c -I../Core/Inc -I../Drivers/STM32F4xx_HAL_Driver/Inc -I../Drivers/STM32F4xx_HAL_Driver/Inc/Legacy -I../Drivers/CMSIS/Device/ST/STM32F4xx/Include -I../Drivers/CMSIS/Include -I../USB_DEVICE/App -I../USB_DEVICE/Target -I../Middlewares/ST/STM32_USB_Device_Library/Core/Inc -I../Middlewares/ST/STM32_USB_Device_Library/Class/CDC/Inc -O0 -ffunction-sections -fdata-sections -Wall -fstack-usage -fcyclomatic-complexity -MMD -MP -MF"Core/Src/main.d" -MT"Core/Src/main.o" --specs=nano.specs -mfpu=fpv4-sp-d16 -mfloat-abi=hard -mthumb -o "Core/Src/main.o"
arm-none-eabi-gcc -o "SRAD_Telemetry.elf" @"objects.list"   -mcpu=cortex-m4 -T"/Users/Zarina/STM32CubeIDE/workspace_1.16.1/SRAD_Telemetry/STM32F411CEUX_FLASH.ld" --specs=nosys.specs -Wl,-Map="SRAD_Telemetry.map" -Wl,--gc-sections -static --specs=nano.specs -mfpu=fpv4-sp-d16 -mfloat-abi=hard -mthumb -Wl,--start-group -lc -lm -Wl,--end-group
Finished building target: SRAD_Telemetry.elf
 
arm-none-eabi-size  SRAD_Telemetry.elf 
arm-none-eabi-objdump -h -S SRAD_Telemetry.elf  > "SRAD_Telemetry.list"
   text	   data	    bss	    dec	    hex	filename
  40356	    252	   8964	  49572	   c1a4	SRAD_Telemetry.elf
Finished building: default.size.stdout
 
Finished building: SRAD_Telemetry.list
 
20:02:58 **** Incremental Build of configuration Debug for project SRAD_Telemetry ****
make -j3 all 
arm-none-eabi-size  SRAD_Telemetry.elf 
   text	   data	    bss	    dec	    hex	filename
  40356	    252	   8964	  49572	   c1a4	SRAD_Telemetry.elf
Finished building: default.size.stdout
 
20:35:34 **** Incremental Build of configuration Debug for project SRAD_Telemetry ****
make -j3 all 
arm-none-eabi-size  SRAD_Telemetry.elf 
   text	   data	    bss	    dec	    hex	filename
  40356	    252	   8964	  49572	   c1a4	SRAD_Telemetry.elf
Finished building: default.size.stdout
 
21:13:15 **** Incremental Build of configuration Debug for project SRAD_Telemetry ****
make -j3 all 
arm-none-eabi-gcc "../Core/Src/main.c" -mcpu=cortex-m4 -std=gnu11 -g3 -DDEBUG -DUSE_HAL_DRIVER -DSTM32F411xE -c -I../Core/Inc -I../Drivers/STM32F4xx_HAL_Driver/Inc -I../Drivers/STM32F4xx_HAL_Driver/Inc/Legacy -I../Drivers/CMSIS/Device/ST/STM32F4xx/Include -I../Drivers/CMSIS/Include -I../USB_DEVICE/App -I../USB_DEVICE/Target -I../Middlewares/ST/STM32_USB_Device_Library/Core/Inc -I../Middlewares/ST/STM32_USB_Device_Library/Class/CDC/Inc -O0 -ffunction-sections -fdata-sections -Wall -fstack-usage -fcyclomatic-complexity -MMD -MP -MF"Core/Src/main.d" -MT"Core/Src/main.o" --specs=nano.specs -mfpu=fpv4-sp-d16 -mfloat-abi=hard -mthumb -o "Core/Src/main.o"
../Core/Src/main.c: In function 'main':
../Core/Src/main.c:176:71: error: expected ';' before 'sx126x_clear_irq_status'
  176 |                         sx126x_write_buffer(&transmitter, 0, poem, 40)
      |                                                                       ^
      |                                                                       ;
  177 |                         sx126x_clear_irq_status(&transmitter.hardwareConfig,SX126X_IRQ_ALL);
      |                         ~~~~~~~~~~~~~~~~~~~~~~~                        
make: *** [Core/Src/subdir.mk:49: Core/Src/main.o] Error 1
"make -j3 all" terminated with exit code 2. Build might be incomplete.
21:13:38 **** Incremental Build of configuration Debug for project SRAD_Telemetry ****
make -j3 all 
arm-none-eabi-gcc "../Core/Src/main.c" -mcpu=cortex-m4 -std=gnu11 -g3 -DDEBUG -DUSE_HAL_DRIVER -DSTM32F411xE -c -I../Core/Inc -I../Drivers/STM32F4xx_HAL_Driver/Inc -I../Drivers/STM32F4xx_HAL_Driver/Inc/Legacy -I../Drivers/CMSIS/Device/ST/STM32F4xx/Include -I../Drivers/CMSIS/Include -I../USB_DEVICE/App -I../USB_DEVICE/Target -I../Middlewares/ST/STM32_USB_Device_Library/Core/Inc -I../Middlewares/ST/STM32_USB_Device_Library/Class/CDC/Inc -O0 -ffunction-sections -fdata-sections -Wall -fstack-usage -fcyclomatic-complexity -MMD -MP -MF"Core/Src/main.d" -MT"Core/Src/main.o" --specs=nano.specs -mfpu=fpv4-sp-d16 -mfloat-abi=hard -mthumb -o "Core/Src/main.o"
../Core/Src/main.c: In function 'main':
../Core/Src/main.c:176:71: error: expected ';' before 'sx126x_clear_irq_status'
  176 |                         sx126x_write_buffer(&transmitter, 0, poem, 40)
      |                                                                       ^
      |                                                                       ;
  177 |                         sx126x_clear_irq_status(&transmitter.hardwareConfig,SX126X_IRQ_ALL);
      |                         ~~~~~~~~~~~~~~~~~~~~~~~                        
make: *** [Core/Src/subdir.mk:49: Core/Src/main.o] Error 1
"make -j3 all" terminated with exit code 2. Build might be incomplete.
21:13:45 **** Incremental Build of configuration Debug for project SRAD_Telemetry ****
make -j3 all 
arm-none-eabi-gcc "../Core/Src/main.c" -mcpu=cortex-m4 -std=gnu11 -g3 -DDEBUG -DUSE_HAL_DRIVER -DSTM32F411xE -c -I../Core/Inc -I../Drivers/STM32F4xx_HAL_Driver/Inc -I../Drivers/STM32F4xx_HAL_Driver/Inc/Legacy -I../Drivers/CMSIS/Device/ST/STM32F4xx/Include -I../Drivers/CMSIS/Include -I../USB_DEVICE/App -I../USB_DEVICE/Target -I../Middlewares/ST/STM32_USB_Device_Library/Core/Inc -I../Middlewares/ST/STM32_USB_Device_Library/Class/CDC/Inc -O0 -ffunction-sections -fdata-sections -Wall -fstack-usage -fcyclomatic-complexity -MMD -MP -MF"Core/Src/main.d" -MT"Core/Src/main.o" --specs=nano.specs -mfpu=fpv4-sp-d16 -mfloat-abi=hard -mthumb -o "Core/Src/main.o"
arm-none-eabi-gcc -o "SRAD_Telemetry.elf" @"objects.list"   -mcpu=cortex-m4 -T"/Users/Zarina/STM32CubeIDE/workspace_1.16.1/SRAD_Telemetry/STM32F411CEUX_FLASH.ld" --specs=nosys.specs -Wl,-Map="SRAD_Telemetry.map" -Wl,--gc-sections -static --specs=nano.specs -mfpu=fpv4-sp-d16 -mfloat-abi=hard -mthumb -Wl,--start-group -lc -lm -Wl,--end-group
Finished building target: SRAD_Telemetry.elf
 
arm-none-eabi-size  SRAD_Telemetry.elf 
arm-none-eabi-objdump -h -S SRAD_Telemetry.elf  > "SRAD_Telemetry.list"
   text	   data	    bss	    dec	    hex	filename
  40368	    252	   8964	  49584	   c1b0	SRAD_Telemetry.elf
Finished building: default.size.stdout
 
Finished building: SRAD_Telemetry.list
 
21:13:53 **** Incremental Build of configuration Debug for project SRAD_Telemetry ****
make -j3 all 
arm-none-eabi-size  SRAD_Telemetry.elf 
   text	   data	    bss	    dec	    hex	filename
  40368	    252	   8964	  49584	   c1b0	SRAD_Telemetry.elf
Finished building: default.size.stdout
 
21:13:57 **** Incremental Build of configuration Debug for project SRAD_Telemetry ****
make -j3 all 
arm-none-eabi-size  SRAD_Telemetry.elf 
   text	   data	    bss	    dec	    hex	filename
  40368	    252	   8964	  49584	   c1b0	SRAD_Telemetry.elf
Finished building: default.size.stdout
 
21:48:08 **** Incremental Build of configuration Debug for project SRAD_Telemetry ****
make -j3 all 
arm-none-eabi-gcc "../Core/Src/main.c" -mcpu=cortex-m4 -std=gnu11 -g3 -DDEBUG -DUSE_HAL_DRIVER -DSTM32F411xE -c -I../Core/Inc -I../Drivers/STM32F4xx_HAL_Driver/Inc -I../Drivers/STM32F4xx_HAL_Driver/Inc/Legacy -I../Drivers/CMSIS/Device/ST/STM32F4xx/Include -I../Drivers/CMSIS/Include -I../USB_DEVICE/App -I../USB_DEVICE/Target -I../Middlewares/ST/STM32_USB_Device_Library/Core/Inc -I../Middlewares/ST/STM32_USB_Device_Library/Class/CDC/Inc -O0 -ffunction-sections -fdata-sections -Wall -fstack-usage -fcyclomatic-complexity -MMD -MP -MF"Core/Src/main.d" -MT"Core/Src/main.o" --specs=nano.specs -mfpu=fpv4-sp-d16 -mfloat-abi=hard -mthumb -o "Core/Src/main.o"
arm-none-eabi-gcc -o "SRAD_Telemetry.elf" @"objects.list"   -mcpu=cortex-m4 -T"/Users/Zarina/STM32CubeIDE/workspace_1.16.1/SRAD_Telemetry/STM32F411CEUX_FLASH.ld" --specs=nosys.specs -Wl,-Map="SRAD_Telemetry.map" -Wl,--gc-sections -static --specs=nano.specs -mfpu=fpv4-sp-d16 -mfloat-abi=hard -mthumb -Wl,--start-group -lc -lm -Wl,--end-group
Finished building target: SRAD_Telemetry.elf
 
arm-none-eabi-size  SRAD_Telemetry.elf 
arm-none-eabi-objdump -h -S SRAD_Telemetry.elf  > "SRAD_Telemetry.list"
   text	   data	    bss	    dec	    hex	filename
  40376	    252	   8964	  49592	   c1b8	SRAD_Telemetry.elf
Finished building: default.size.stdout
 
Finished building: SRAD_Telemetry.list
 
21:48:28 **** Incremental Build of configuration Debug for project SRAD_Telemetry ****
make -j3 all 
arm-none-eabi-size  SRAD_Telemetry.elf 
   text	   data	    bss	    dec	    hex	filename
  40376	    252	   8964	  49592	   c1b8	SRAD_Telemetry.elf
Finished building: default.size.stdout
 
21:50:12 **** Incremental Build of configuration Debug for project SRAD_Telemetry ****
make -j3 all 
arm-none-eabi-gcc "../Core/Src/main.c" -mcpu=cortex-m4 -std=gnu11 -g3 -DDEBUG -DUSE_HAL_DRIVER -DSTM32F411xE -c -I../Core/Inc -I../Drivers/STM32F4xx_HAL_Driver/Inc -I../Drivers/STM32F4xx_HAL_Driver/Inc/Legacy -I../Drivers/CMSIS/Device/ST/STM32F4xx/Include -I../Drivers/CMSIS/Include -I../USB_DEVICE/App -I../USB_DEVICE/Target -I../Middlewares/ST/STM32_USB_Device_Library/Core/Inc -I../Middlewares/ST/STM32_USB_Device_Library/Class/CDC/Inc -O0 -ffunction-sections -fdata-sections -Wall -fstack-usage -fcyclomatic-complexity -MMD -MP -MF"Core/Src/main.d" -MT"Core/Src/main.o" --specs=nano.specs -mfpu=fpv4-sp-d16 -mfloat-abi=hard -mthumb -o "Core/Src/main.o"
arm-none-eabi-gcc -o "SRAD_Telemetry.elf" @"objects.list"   -mcpu=cortex-m4 -T"/Users/Zarina/STM32CubeIDE/workspace_1.16.1/SRAD_Telemetry/STM32F411CEUX_FLASH.ld" --specs=nosys.specs -Wl,-Map="SRAD_Telemetry.map" -Wl,--gc-sections -static --specs=nano.specs -mfpu=fpv4-sp-d16 -mfloat-abi=hard -mthumb -Wl,--start-group -lc -lm -Wl,--end-group
Finished building target: SRAD_Telemetry.elf
 
arm-none-eabi-size  SRAD_Telemetry.elf 
arm-none-eabi-objdump -h -S SRAD_Telemetry.elf  > "SRAD_Telemetry.list"
   text	   data	    bss	    dec	    hex	filename
  40376	    252	   8964	  49592	   c1b8	SRAD_Telemetry.elf
Finished building: default.size.stdout
 
Finished building: SRAD_Telemetry.list
 
21:50:18 **** Incremental Build of configuration Debug for project SRAD_Telemetry ****
make -j3 all 
arm-none-eabi-size  SRAD_Telemetry.elf 
   text	   data	    bss	    dec	    hex	filename
  40376	    252	   8964	  49592	   c1b8	SRAD_Telemetry.elf
Finished building: default.size.stdout
 
21:51:08 **** Incremental Build of configuration Debug for project SRAD_Telemetry ****
make -j3 all 
arm-none-eabi-size  SRAD_Telemetry.elf 
   text	   data	    bss	    dec	    hex	filename
  40376	    252	   8964	  49592	   c1b8	SRAD_Telemetry.elf
Finished building: default.size.stdout
 
21:51:11 **** Incremental Build of configuration Debug for project SRAD_Telemetry ****
make -j3 all 
arm-none-eabi-size  SRAD_Telemetry.elf 
   text	   data	    bss	    dec	    hex	filename
  40376	    252	   8964	  49592	   c1b8	SRAD_Telemetry.elf
Finished building: default.size.stdout
 
21:51:22 **** Incremental Build of configuration Debug for project SRAD_Telemetry ****
make -j3 all 
arm-none-eabi-size  SRAD_Telemetry.elf 
   text	   data	    bss	    dec	    hex	filename
  40376	    252	   8964	  49592	   c1b8	SRAD_Telemetry.elf
Finished building: default.size.stdout
 
22:07:10 **** Incremental Build of configuration Debug for project SRAD_Telemetry ****
make -j3 all 
arm-none-eabi-size  SRAD_Telemetry.elf 
   text	   data	    bss	    dec	    hex	filename
  40376	    252	   8964	  49592	   c1b8	SRAD_Telemetry.elf
Finished building: default.size.stdout
 
22:07:16 **** Incremental Build of configuration Debug for project SRAD_Telemetry ****
make -j3 all 
arm-none-eabi-size  SRAD_Telemetry.elf 
   text	   data	    bss	    dec	    hex	filename
  40376	    252	   8964	  49592	   c1b8	SRAD_Telemetry.elf
Finished building: default.size.stdout
 
22:15:18 **** Incremental Build of configuration Debug for project SRAD_Telemetry ****
make -j3 all 
arm-none-eabi-gcc "../Core/Src/main.c" -mcpu=cortex-m4 -std=gnu11 -g3 -DDEBUG -DUSE_HAL_DRIVER -DSTM32F411xE -c -I../Core/Inc -I../Drivers/STM32F4xx_HAL_Driver/Inc -I../Drivers/STM32F4xx_HAL_Driver/Inc/Legacy -I../Drivers/CMSIS/Device/ST/STM32F4xx/Include -I../Drivers/CMSIS/Include -I../USB_DEVICE/App -I../USB_DEVICE/Target -I../Middlewares/ST/STM32_USB_Device_Library/Core/Inc -I../Middlewares/ST/STM32_USB_Device_Library/Class/CDC/Inc -O0 -ffunction-sections -fdata-sections -Wall -fstack-usage -fcyclomatic-complexity -MMD -MP -MF"Core/Src/main.d" -MT"Core/Src/main.o" --specs=nano.specs -mfpu=fpv4-sp-d16 -mfloat-abi=hard -mthumb -o "Core/Src/main.o"
arm-none-eabi-gcc -o "SRAD_Telemetry.elf" @"objects.list"   -mcpu=cortex-m4 -T"/Users/Zarina/STM32CubeIDE/workspace_1.16.1/SRAD_Telemetry/STM32F411CEUX_FLASH.ld" --specs=nosys.specs -Wl,-Map="SRAD_Telemetry.map" -Wl,--gc-sections -static --specs=nano.specs -mfpu=fpv4-sp-d16 -mfloat-abi=hard -mthumb -Wl,--start-group -lc -lm -Wl,--end-group
Finished building target: SRAD_Telemetry.elf
 
arm-none-eabi-size  SRAD_Telemetry.elf 
arm-none-eabi-objdump -h -S SRAD_Telemetry.elf  > "SRAD_Telemetry.list"
   text	   data	    bss	    dec	    hex	filename
  40380	    252	   8964	  49596	   c1bc	SRAD_Telemetry.elf
Finished building: default.size.stdout
 
Finished building: SRAD_Telemetry.list
 
22:15:23 **** Incremental Build of configuration Debug for project SRAD_Telemetry ****
make -j3 all 
arm-none-eabi-size  SRAD_Telemetry.elf 
   text	   data	    bss	    dec	    hex	filename
  40380	    252	   8964	  49596	   c1bc	SRAD_Telemetry.elf
Finished building: default.size.stdout
 
22:16:52 **** Incremental Build of configuration Debug for project SRAD_Telemetry ****
make -j3 all 
arm-none-eabi-gcc "../Core/Src/main.c" -mcpu=cortex-m4 -std=gnu11 -g3 -DDEBUG -DUSE_HAL_DRIVER -DSTM32F411xE -c -I../Core/Inc -I../Drivers/STM32F4xx_HAL_Driver/Inc -I../Drivers/STM32F4xx_HAL_Driver/Inc/Legacy -I../Drivers/CMSIS/Device/ST/STM32F4xx/Include -I../Drivers/CMSIS/Include -I../USB_DEVICE/App -I../USB_DEVICE/Target -I../Middlewares/ST/STM32_USB_Device_Library/Core/Inc -I../Middlewares/ST/STM32_USB_Device_Library/Class/CDC/Inc -O0 -ffunction-sections -fdata-sections -Wall -fstack-usage -fcyclomatic-complexity -MMD -MP -MF"Core/Src/main.d" -MT"Core/Src/main.o" --specs=nano.specs -mfpu=fpv4-sp-d16 -mfloat-abi=hard -mthumb -o "Core/Src/main.o"
arm-none-eabi-gcc -o "SRAD_Telemetry.elf" @"objects.list"   -mcpu=cortex-m4 -T"/Users/Zarina/STM32CubeIDE/workspace_1.16.1/SRAD_Telemetry/STM32F411CEUX_FLASH.ld" --specs=nosys.specs -Wl,-Map="SRAD_Telemetry.map" -Wl,--gc-sections -static --specs=nano.specs -mfpu=fpv4-sp-d16 -mfloat-abi=hard -mthumb -Wl,--start-group -lc -lm -Wl,--end-group
Finished building target: SRAD_Telemetry.elf
 
arm-none-eabi-size  SRAD_Telemetry.elf 
arm-none-eabi-objdump -h -S SRAD_Telemetry.elf  > "SRAD_Telemetry.list"
   text	   data	    bss	    dec	    hex	filename
  40388	    252	   8964	  49604	   c1c4	SRAD_Telemetry.elf
Finished building: default.size.stdout
 
Finished building: SRAD_Telemetry.list
 
22:17:10 **** Incremental Build of configuration Debug for project SRAD_Telemetry ****
make -j3 all 
arm-none-eabi-size  SRAD_Telemetry.elf 
   text	   data	    bss	    dec	    hex	filename
  40388	    252	   8964	  49604	   c1c4	SRAD_Telemetry.elf
Finished building: default.size.stdout
 
22:17:15 **** Incremental Build of configuration Debug for project SRAD_Telemetry ****
make -j3 all 
arm-none-eabi-size  SRAD_Telemetry.elf 
   text	   data	    bss	    dec	    hex	filename
  40388	    252	   8964	  49604	   c1c4	SRAD_Telemetry.elf
Finished building: default.size.stdout
 
22:18:43 **** Incremental Build of configuration Debug for project SRAD_Telemetry ****
make -j3 all 
arm-none-eabi-gcc "../Core/Src/main.c" -mcpu=cortex-m4 -std=gnu11 -g3 -DDEBUG -DUSE_HAL_DRIVER -DSTM32F411xE -c -I../Core/Inc -I../Drivers/STM32F4xx_HAL_Driver/Inc -I../Drivers/STM32F4xx_HAL_Driver/Inc/Legacy -I../Drivers/CMSIS/Device/ST/STM32F4xx/Include -I../Drivers/CMSIS/Include -I../USB_DEVICE/App -I../USB_DEVICE/Target -I../Middlewares/ST/STM32_USB_Device_Library/Core/Inc -I../Middlewares/ST/STM32_USB_Device_Library/Class/CDC/Inc -O0 -ffunction-sections -fdata-sections -Wall -fstack-usage -fcyclomatic-complexity -MMD -MP -MF"Core/Src/main.d" -MT"Core/Src/main.o" --specs=nano.specs -mfpu=fpv4-sp-d16 -mfloat-abi=hard -mthumb -o "Core/Src/main.o"
arm-none-eabi-gcc "../Core/Src/system_stm32f4xx.c" -mcpu=cortex-m4 -std=gnu11 -g3 -DDEBUG -DUSE_HAL_DRIVER -DSTM32F411xE -c -I../Core/Inc -I../Drivers/STM32F4xx_HAL_Driver/Inc -I../Drivers/STM32F4xx_HAL_Driver/Inc/Legacy -I../Drivers/CMSIS/Device/ST/STM32F4xx/Include -I../Drivers/CMSIS/Include -I../USB_DEVICE/App -I../USB_DEVICE/Target -I../Middlewares/ST/STM32_USB_Device_Library/Core/Inc -I../Middlewares/ST/STM32_USB_Device_Library/Class/CDC/Inc -O0 -ffunction-sections -fdata-sections -Wall -fstack-usage -fcyclomatic-complexity -MMD -MP -MF"Core/Src/system_stm32f4xx.d" -MT"Core/Src/system_stm32f4xx.o" --specs=nano.specs -mfpu=fpv4-sp-d16 -mfloat-abi=hard -mthumb -o "Core/Src/system_stm32f4xx.o"
../Core/Src/system_stm32f4xx.c: In function 'SystemInit':
../Core/Src/system_stm32f4xx.c:182:1: error: unknown type name 'i'
  182 | i havent start}
      | ^
../Core/Src/system_stm32f4xx.c:182:10: error: expected '=', ',', ';', 'asm' or '__attribute__' before 'start'
  182 | i havent start}
      |          ^~~~~
../Core/Src/system_stm32f4xx.c:266:1: error: expected declaration or statement at end of input
  266 | }
      | ^
../Core/Src/system_stm32f4xx.c: At top level:
../Core/Src/system_stm32f4xx.c:220:6: warning: 'SystemCoreClockUpdate' defined but not used [-Wunused-function]
  220 | void SystemCoreClockUpdate(void)
      |      ^~~~~~~~~~~~~~~~~~~~~
make: *** [Core/Src/subdir.mk:49: Core/Src/system_stm32f4xx.o] Error 1
make: *** Waiting for unfinished jobs....
"make -j3 all" terminated with exit code 2. Build might be incomplete.
22:18:55 **** Incremental Build of configuration Debug for project SRAD_Telemetry ****
make -j3 all 
arm-none-eabi-gcc "../Core/Src/system_stm32f4xx.c" -mcpu=cortex-m4 -std=gnu11 -g3 -DDEBUG -DUSE_HAL_DRIVER -DSTM32F411xE -c -I../Core/Inc -I../Drivers/STM32F4xx_HAL_Driver/Inc -I../Drivers/STM32F4xx_HAL_Driver/Inc/Legacy -I../Drivers/CMSIS/Device/ST/STM32F4xx/Include -I../Drivers/CMSIS/Include -I../USB_DEVICE/App -I../USB_DEVICE/Target -I../Middlewares/ST/STM32_USB_Device_Library/Core/Inc -I../Middlewares/ST/STM32_USB_Device_Library/Class/CDC/Inc -O0 -ffunction-sections -fdata-sections -Wall -fstack-usage -fcyclomatic-complexity -MMD -MP -MF"Core/Src/system_stm32f4xx.d" -MT"Core/Src/system_stm32f4xx.o" --specs=nano.specs -mfpu=fpv4-sp-d16 -mfloat-abi=hard -mthumb -o "Core/Src/system_stm32f4xx.o"
../Core/Src/system_stm32f4xx.c: In function 'SystemInit':
../Core/Src/system_stm32f4xx.c:182:1: error: unknown type name 'i'
  182 | i havent start}
      | ^
../Core/Src/system_stm32f4xx.c:182:10: error: expected '=', ',', ';', 'asm' or '__attribute__' before 'start'
  182 | i havent start}
      |          ^~~~~
../Core/Src/system_stm32f4xx.c:266:1: error: expected declaration or statement at end of input
  266 | }
      | ^
../Core/Src/system_stm32f4xx.c: At top level:
../Core/Src/system_stm32f4xx.c:220:6: warning: 'SystemCoreClockUpdate' defined but not used [-Wunused-function]
  220 | void SystemCoreClockUpdate(void)
      |      ^~~~~~~~~~~~~~~~~~~~~
make: *** [Core/Src/subdir.mk:49: Core/Src/system_stm32f4xx.o] Error 1
"make -j3 all" terminated with exit code 2. Build might be incomplete.
22:19:18 **** Incremental Build of configuration Debug for project SRAD_Telemetry ****
make -j3 all 
arm-none-eabi-gcc "../Core/Src/system_stm32f4xx.c" -mcpu=cortex-m4 -std=gnu11 -g3 -DDEBUG -DUSE_HAL_DRIVER -DSTM32F411xE -c -I../Core/Inc -I../Drivers/STM32F4xx_HAL_Driver/Inc -I../Drivers/STM32F4xx_HAL_Driver/Inc/Legacy -I../Drivers/CMSIS/Device/ST/STM32F4xx/Include -I../Drivers/CMSIS/Include -I../USB_DEVICE/App -I../USB_DEVICE/Target -I../Middlewares/ST/STM32_USB_Device_Library/Core/Inc -I../Middlewares/ST/STM32_USB_Device_Library/Class/CDC/Inc -O0 -ffunction-sections -fdata-sections -Wall -fstack-usage -fcyclomatic-complexity -MMD -MP -MF"Core/Src/system_stm32f4xx.d" -MT"Core/Src/system_stm32f4xx.o" --specs=nano.specs -mfpu=fpv4-sp-d16 -mfloat-abi=hard -mthumb -o "Core/Src/system_stm32f4xx.o"
arm-none-eabi-gcc -o "SRAD_Telemetry.elf" @"objects.list"   -mcpu=cortex-m4 -T"/Users/Zarina/STM32CubeIDE/workspace_1.16.1/SRAD_Telemetry/STM32F411CEUX_FLASH.ld" --specs=nosys.specs -Wl,-Map="SRAD_Telemetry.map" -Wl,--gc-sections -static --specs=nano.specs -mfpu=fpv4-sp-d16 -mfloat-abi=hard -mthumb -Wl,--start-group -lc -lm -Wl,--end-group
Finished building target: SRAD_Telemetry.elf
 
arm-none-eabi-size  SRAD_Telemetry.elf 
arm-none-eabi-objdump -h -S SRAD_Telemetry.elf  > "SRAD_Telemetry.list"
   text	   data	    bss	    dec	    hex	filename
  40380	    252	   8964	  49596	   c1bc	SRAD_Telemetry.elf
Finished building: default.size.stdout
 
Finished building: SRAD_Telemetry.list
 
22:20:03 **** Incremental Build of configuration Debug for project SRAD_Telemetry ****
make -j3 all 
arm-none-eabi-size  SRAD_Telemetry.elf 
   text	   data	    bss	    dec	    hex	filename
  40380	    252	   8964	  49596	   c1bc	SRAD_Telemetry.elf
Finished building: default.size.stdout
 
22:20:07 **** Incremental Build of configuration Debug for project SRAD_Telemetry ****
make -j3 all 
arm-none-eabi-size  SRAD_Telemetry.elf 
   text	   data	    bss	    dec	    hex	filename
  40380	    252	   8964	  49596	   c1bc	SRAD_Telemetry.elf
Finished building: default.size.stdout
 
22:21:51 **** Incremental Build of configuration Debug for project SRAD_Telemetry ****
make -j3 all 
arm-none-eabi-gcc "../Core/Src/main.c" -mcpu=cortex-m4 -std=gnu11 -g3 -DDEBUG -DUSE_HAL_DRIVER -DSTM32F411xE -c -I../Core/Inc -I../Drivers/STM32F4xx_HAL_Driver/Inc -I../Drivers/STM32F4xx_HAL_Driver/Inc/Legacy -I../Drivers/CMSIS/Device/ST/STM32F4xx/Include -I../Drivers/CMSIS/Include -I../USB_DEVICE/App -I../USB_DEVICE/Target -I../Middlewares/ST/STM32_USB_Device_Library/Core/Inc -I../Middlewares/ST/STM32_USB_Device_Library/Class/CDC/Inc -O0 -ffunction-sections -fdata-sections -Wall -fstack-usage -fcyclomatic-complexity -MMD -MP -MF"Core/Src/main.d" -MT"Core/Src/main.o" --specs=nano.specs -mfpu=fpv4-sp-d16 -mfloat-abi=hard -mthumb -o "Core/Src/main.o"
arm-none-eabi-gcc "../Core/Src/system_stm32f4xx.c" -mcpu=cortex-m4 -std=gnu11 -g3 -DDEBUG -DUSE_HAL_DRIVER -DSTM32F411xE -c -I../Core/Inc -I../Drivers/STM32F4xx_HAL_Driver/Inc -I../Drivers/STM32F4xx_HAL_Driver/Inc/Legacy -I../Drivers/CMSIS/Device/ST/STM32F4xx/Include -I../Drivers/CMSIS/Include -I../USB_DEVICE/App -I../USB_DEVICE/Target -I../Middlewares/ST/STM32_USB_Device_Library/Core/Inc -I../Middlewares/ST/STM32_USB_Device_Library/Class/CDC/Inc -O0 -ffunction-sections -fdata-sections -Wall -fstack-usage -fcyclomatic-complexity -MMD -MP -MF"Core/Src/system_stm32f4xx.d" -MT"Core/Src/system_stm32f4xx.o" --specs=nano.specs -mfpu=fpv4-sp-d16 -mfloat-abi=hard -mthumb -o "Core/Src/system_stm32f4xx.o"
../Core/Src/system_stm32f4xx.c: In function 'SystemInit':
../Core/Src/system_stm32f4xx.c:182:1: error: unknown type name 'e'
  182 | e first 3 }
      | ^
../Core/Src/system_stm32f4xx.c:182:9: error: expected '=', ',', ';', 'asm' or '__attribute__' before numeric constant
  182 | e first 3 }
      |         ^
../Core/Src/system_stm32f4xx.c:266:1: error: expected declaration or statement at end of input
  266 | }
      | ^
../Core/Src/system_stm32f4xx.c: At top level:
../Core/Src/system_stm32f4xx.c:220:6: warning: 'SystemCoreClockUpdate' defined but not used [-Wunused-function]
  220 | void SystemCoreClockUpdate(void)
      |      ^~~~~~~~~~~~~~~~~~~~~
make: *** [Core/Src/subdir.mk:49: Core/Src/system_stm32f4xx.o] Error 1
make: *** Waiting for unfinished jobs....
../Core/Src/main.c: In function 'main':
../Core/Src/main.c:164:3: error: unknown type name 'string'; did you mean 'stdin'?
  164 |   string poem[] ="1111111111111111111111111111111111111111";
      |   ^~~~~~
      |   stdin
../Core/Src/main.c:164:18: error: array of inappropriate type initialized from string constant
  164 |   string poem[] ="1111111111111111111111111111111111111111";
      |                  ^~~~~~~~~~~~~~~~~~~~~~~~~~~~~~~~~~~~~~~~~~
../Core/Src/main.c:165:40: warning: passing argument 3 of 'sx126x_write_buffer' from incompatible pointer type [-Wincompatible-pointer-types]
  165 |   sx126x_write_buffer(&transmitter, 0, poem, 40);
      |                                        ^~~~
      |                                        |
      |                                        int *
In file included from ../Core/Inc/sx126x_lr_fhss.h:44,
                 from ../Core/Src/main.c:31:
../Core/Inc/sx126x.h:1024:96: note: expected 'const uint8_t *' {aka 'const unsigned char *'} but argument is of type 'int *'
 1024 | sx126x_status_t sx126x_write_buffer( const void* context, const uint8_t offset, const uint8_t* buffer,
      |                                                                                 ~~~~~~~~~~~~~~~^~~~~~
../Core/Src/main.c:179:66: warning: passing argument 3 of 'sx126x_write_buffer' from incompatible pointer type [-Wincompatible-pointer-types]
  179 |                         sx126x_write_buffer(&transmitter, (i-1), poem, 1);
      |                                                                  ^~~~
      |                                                                  |
      |                                                                  int *
../Core/Inc/sx126x.h:1024:96: note: expected 'const uint8_t *' {aka 'const unsigned char *'} but argument is of type 'int *'
 1024 | sx126x_status_t sx126x_write_buffer( const void* context, const uint8_t offset, const uint8_t* buffer,
      |                                                                                 ~~~~~~~~~~~~~~~^~~~~~
make: *** [Core/Src/subdir.mk:49: Core/Src/main.o] Error 1
"make -j3 all" terminated with exit code 2. Build might be incomplete.
22:22:19 **** Incremental Build of configuration Debug for project SRAD_Telemetry ****
make -j3 all 
arm-none-eabi-gcc "../Core/Src/main.c" -mcpu=cortex-m4 -std=gnu11 -g3 -DDEBUG -DUSE_HAL_DRIVER -DSTM32F411xE -c -I../Core/Inc -I../Drivers/STM32F4xx_HAL_Driver/Inc -I../Drivers/STM32F4xx_HAL_Driver/Inc/Legacy -I../Drivers/CMSIS/Device/ST/STM32F4xx/Include -I../Drivers/CMSIS/Include -I../USB_DEVICE/App -I../USB_DEVICE/Target -I../Middlewares/ST/STM32_USB_Device_Library/Core/Inc -I../Middlewares/ST/STM32_USB_Device_Library/Class/CDC/Inc -O0 -ffunction-sections -fdata-sections -Wall -fstack-usage -fcyclomatic-complexity -MMD -MP -MF"Core/Src/main.d" -MT"Core/Src/main.o" --specs=nano.specs -mfpu=fpv4-sp-d16 -mfloat-abi=hard -mthumb -o "Core/Src/main.o"
arm-none-eabi-gcc "../Core/Src/system_stm32f4xx.c" -mcpu=cortex-m4 -std=gnu11 -g3 -DDEBUG -DUSE_HAL_DRIVER -DSTM32F411xE -c -I../Core/Inc -I../Drivers/STM32F4xx_HAL_Driver/Inc -I../Drivers/STM32F4xx_HAL_Driver/Inc/Legacy -I../Drivers/CMSIS/Device/ST/STM32F4xx/Include -I../Drivers/CMSIS/Include -I../USB_DEVICE/App -I../USB_DEVICE/Target -I../Middlewares/ST/STM32_USB_Device_Library/Core/Inc -I../Middlewares/ST/STM32_USB_Device_Library/Class/CDC/Inc -O0 -ffunction-sections -fdata-sections -Wall -fstack-usage -fcyclomatic-complexity -MMD -MP -MF"Core/Src/system_stm32f4xx.d" -MT"Core/Src/system_stm32f4xx.o" --specs=nano.specs -mfpu=fpv4-sp-d16 -mfloat-abi=hard -mthumb -o "Core/Src/system_stm32f4xx.o"
../Core/Src/system_stm32f4xx.c: In function 'SystemInit':
../Core/Src/system_stm32f4xx.c:182:1: error: unknown type name 'e'
  182 | e first 3 }
      | ^
../Core/Src/system_stm32f4xx.c:182:9: error: expected '=', ',', ';', 'asm' or '__attribute__' before numeric constant
  182 | e first 3 }
      |         ^
../Core/Src/system_stm32f4xx.c:266:1: error: expected declaration or statement at end of input
  266 | }
      | ^
../Core/Src/system_stm32f4xx.c: At top level:
../Core/Src/system_stm32f4xx.c:220:6: warning: 'SystemCoreClockUpdate' defined but not used [-Wunused-function]
  220 | void SystemCoreClockUpdate(void)
      |      ^~~~~~~~~~~~~~~~~~~~~
make: *** [Core/Src/subdir.mk:49: Core/Src/system_stm32f4xx.o] Error 1
make: *** Waiting for unfinished jobs....
../Core/Src/main.c: In function 'main':
../Core/Src/main.c:164:3: error: unknown type name 'string'; did you mean 'stdin'?
  164 |   string poem[] = "1111111111111111111111111111111111111111" ;
      |   ^~~~~~
      |   stdin
../Core/Src/main.c:164:19: error: array of inappropriate type initialized from string constant
  164 |   string poem[] = "1111111111111111111111111111111111111111" ;
      |                   ^~~~~~~~~~~~~~~~~~~~~~~~~~~~~~~~~~~~~~~~~~
../Core/Src/main.c:165:40: warning: passing argument 3 of 'sx126x_write_buffer' from incompatible pointer type [-Wincompatible-pointer-types]
  165 |   sx126x_write_buffer(&transmitter, 0, poem, 40);
      |                                        ^~~~
      |                                        |
      |                                        int *
In file included from ../Core/Inc/sx126x_lr_fhss.h:44,
                 from ../Core/Src/main.c:31:
../Core/Inc/sx126x.h:1024:96: note: expected 'const uint8_t *' {aka 'const unsigned char *'} but argument is of type 'int *'
 1024 | sx126x_status_t sx126x_write_buffer( const void* context, const uint8_t offset, const uint8_t* buffer,
      |                                                                                 ~~~~~~~~~~~~~~~^~~~~~
../Core/Src/main.c:179:66: warning: passing argument 3 of 'sx126x_write_buffer' from incompatible pointer type [-Wincompatible-pointer-types]
  179 |                         sx126x_write_buffer(&transmitter, (i-1), poem, 1);
      |                                                                  ^~~~
      |                                                                  |
      |                                                                  int *
../Core/Inc/sx126x.h:1024:96: note: expected 'const uint8_t *' {aka 'const unsigned char *'} but argument is of type 'int *'
 1024 | sx126x_status_t sx126x_write_buffer( const void* context, const uint8_t offset, const uint8_t* buffer,
      |                                                                                 ~~~~~~~~~~~~~~~^~~~~~
make: *** [Core/Src/subdir.mk:49: Core/Src/main.o] Error 1
"make -j3 all" terminated with exit code 2. Build might be incomplete.
22:22:40 **** Incremental Build of configuration Debug for project SRAD_Telemetry ****
make -j3 all 
arm-none-eabi-gcc "../Core/Src/main.c" -mcpu=cortex-m4 -std=gnu11 -g3 -DDEBUG -DUSE_HAL_DRIVER -DSTM32F411xE -c -I../Core/Inc -I../Drivers/STM32F4xx_HAL_Driver/Inc -I../Drivers/STM32F4xx_HAL_Driver/Inc/Legacy -I../Drivers/CMSIS/Device/ST/STM32F4xx/Include -I../Drivers/CMSIS/Include -I../USB_DEVICE/App -I../USB_DEVICE/Target -I../Middlewares/ST/STM32_USB_Device_Library/Core/Inc -I../Middlewares/ST/STM32_USB_Device_Library/Class/CDC/Inc -O0 -ffunction-sections -fdata-sections -Wall -fstack-usage -fcyclomatic-complexity -MMD -MP -MF"Core/Src/main.d" -MT"Core/Src/main.o" --specs=nano.specs -mfpu=fpv4-sp-d16 -mfloat-abi=hard -mthumb -o "Core/Src/main.o"
arm-none-eabi-gcc "../Core/Src/system_stm32f4xx.c" -mcpu=cortex-m4 -std=gnu11 -g3 -DDEBUG -DUSE_HAL_DRIVER -DSTM32F411xE -c -I../Core/Inc -I../Drivers/STM32F4xx_HAL_Driver/Inc -I../Drivers/STM32F4xx_HAL_Driver/Inc/Legacy -I../Drivers/CMSIS/Device/ST/STM32F4xx/Include -I../Drivers/CMSIS/Include -I../USB_DEVICE/App -I../USB_DEVICE/Target -I../Middlewares/ST/STM32_USB_Device_Library/Core/Inc -I../Middlewares/ST/STM32_USB_Device_Library/Class/CDC/Inc -O0 -ffunction-sections -fdata-sections -Wall -fstack-usage -fcyclomatic-complexity -MMD -MP -MF"Core/Src/system_stm32f4xx.d" -MT"Core/Src/system_stm32f4xx.o" --specs=nano.specs -mfpu=fpv4-sp-d16 -mfloat-abi=hard -mthumb -o "Core/Src/system_stm32f4xx.o"
../Core/Src/system_stm32f4xx.c: In function 'SystemInit':
../Core/Src/system_stm32f4xx.c:182:1: error: unknown type name 'e'
  182 | e first 3 }
      | ^
../Core/Src/system_stm32f4xx.c:182:9: error: expected '=', ',', ';', 'asm' or '__attribute__' before numeric constant
  182 | e first 3 }
      |         ^
../Core/Src/system_stm32f4xx.c:266:1: error: expected declaration or statement at end of input
  266 | }
      | ^
../Core/Src/system_stm32f4xx.c: At top level:
../Core/Src/system_stm32f4xx.c:220:6: warning: 'SystemCoreClockUpdate' defined but not used [-Wunused-function]
  220 | void SystemCoreClockUpdate(void)
      |      ^~~~~~~~~~~~~~~~~~~~~
make: *** [Core/Src/subdir.mk:49: Core/Src/system_stm32f4xx.o] Error 1
make: *** Waiting for unfinished jobs....
../Core/Src/main.c: In function 'main':
../Core/Src/main.c:164:16: error: array of inappropriate type initialized from string constant
  164 |   int poem[] = "1111111111111111111111111111111111111111" ;
      |                ^~~~~~~~~~~~~~~~~~~~~~~~~~~~~~~~~~~~~~~~~~
../Core/Src/main.c:165:40: warning: passing argument 3 of 'sx126x_write_buffer' from incompatible pointer type [-Wincompatible-pointer-types]
  165 |   sx126x_write_buffer(&transmitter, 0, poem, 40);
      |                                        ^~~~
      |                                        |
      |                                        int *
In file included from ../Core/Inc/sx126x_lr_fhss.h:44,
                 from ../Core/Src/main.c:31:
../Core/Inc/sx126x.h:1024:96: note: expected 'const uint8_t *' {aka 'const unsigned char *'} but argument is of type 'int *'
 1024 | sx126x_status_t sx126x_write_buffer( const void* context, const uint8_t offset, const uint8_t* buffer,
      |                                                                                 ~~~~~~~~~~~~~~~^~~~~~
../Core/Src/main.c:179:66: warning: passing argument 3 of 'sx126x_write_buffer' from incompatible pointer type [-Wincompatible-pointer-types]
  179 |                         sx126x_write_buffer(&transmitter, (i-1), poem, 1);
      |                                                                  ^~~~
      |                                                                  |
      |                                                                  int *
../Core/Inc/sx126x.h:1024:96: note: expected 'const uint8_t *' {aka 'const unsigned char *'} but argument is of type 'int *'
 1024 | sx126x_status_t sx126x_write_buffer( const void* context, const uint8_t offset, const uint8_t* buffer,
      |                                                                                 ~~~~~~~~~~~~~~~^~~~~~
make: *** [Core/Src/subdir.mk:49: Core/Src/main.o] Error 1
"make -j3 all" terminated with exit code 2. Build might be incomplete.
22:22:53 **** Incremental Build of configuration Debug for project SRAD_Telemetry ****
make -j3 all 
arm-none-eabi-gcc "../Core/Src/main.c" -mcpu=cortex-m4 -std=gnu11 -g3 -DDEBUG -DUSE_HAL_DRIVER -DSTM32F411xE -c -I../Core/Inc -I../Drivers/STM32F4xx_HAL_Driver/Inc -I../Drivers/STM32F4xx_HAL_Driver/Inc/Legacy -I../Drivers/CMSIS/Device/ST/STM32F4xx/Include -I../Drivers/CMSIS/Include -I../USB_DEVICE/App -I../USB_DEVICE/Target -I../Middlewares/ST/STM32_USB_Device_Library/Core/Inc -I../Middlewares/ST/STM32_USB_Device_Library/Class/CDC/Inc -O0 -ffunction-sections -fdata-sections -Wall -fstack-usage -fcyclomatic-complexity -MMD -MP -MF"Core/Src/main.d" -MT"Core/Src/main.o" --specs=nano.specs -mfpu=fpv4-sp-d16 -mfloat-abi=hard -mthumb -o "Core/Src/main.o"
arm-none-eabi-gcc "../Core/Src/system_stm32f4xx.c" -mcpu=cortex-m4 -std=gnu11 -g3 -DDEBUG -DUSE_HAL_DRIVER -DSTM32F411xE -c -I../Core/Inc -I../Drivers/STM32F4xx_HAL_Driver/Inc -I../Drivers/STM32F4xx_HAL_Driver/Inc/Legacy -I../Drivers/CMSIS/Device/ST/STM32F4xx/Include -I../Drivers/CMSIS/Include -I../USB_DEVICE/App -I../USB_DEVICE/Target -I../Middlewares/ST/STM32_USB_Device_Library/Core/Inc -I../Middlewares/ST/STM32_USB_Device_Library/Class/CDC/Inc -O0 -ffunction-sections -fdata-sections -Wall -fstack-usage -fcyclomatic-complexity -MMD -MP -MF"Core/Src/system_stm32f4xx.d" -MT"Core/Src/system_stm32f4xx.o" --specs=nano.specs -mfpu=fpv4-sp-d16 -mfloat-abi=hard -mthumb -o "Core/Src/system_stm32f4xx.o"
../Core/Src/system_stm32f4xx.c: In function 'SystemInit':
../Core/Src/system_stm32f4xx.c:183:1: warning: "/*" within comment [-Wcomment]
  183 | /**
      |  
../Core/Src/system_stm32f4xx.c:265:1: error: expected declaration or statement at end of input
  265 | }
      | ^
../Core/Src/system_stm32f4xx.c: At top level:
../Core/Src/system_stm32f4xx.c:219:6: warning: 'SystemCoreClockUpdate' defined but not used [-Wunused-function]
  219 | void SystemCoreClockUpdate(void)
      |      ^~~~~~~~~~~~~~~~~~~~~
make: *** [Core/Src/subdir.mk:49: Core/Src/system_stm32f4xx.o] Error 1
make: *** Waiting for unfinished jobs....
../Core/Src/main.c: In function 'main':
../Core/Src/main.c:164:16: error: array of inappropriate type initialized from string constant
  164 |   int poem[] = "1111111111111111111111111111111111111111" ;
      |                ^~~~~~~~~~~~~~~~~~~~~~~~~~~~~~~~~~~~~~~~~~
../Core/Src/main.c:165:40: warning: passing argument 3 of 'sx126x_write_buffer' from incompatible pointer type [-Wincompatible-pointer-types]
  165 |   sx126x_write_buffer(&transmitter, 0, poem, 40);
      |                                        ^~~~
      |                                        |
      |                                        int *
In file included from ../Core/Inc/sx126x_lr_fhss.h:44,
                 from ../Core/Src/main.c:31:
../Core/Inc/sx126x.h:1024:96: note: expected 'const uint8_t *' {aka 'const unsigned char *'} but argument is of type 'int *'
 1024 | sx126x_status_t sx126x_write_buffer( const void* context, const uint8_t offset, const uint8_t* buffer,
      |                                                                                 ~~~~~~~~~~~~~~~^~~~~~
../Core/Src/main.c:179:66: warning: passing argument 3 of 'sx126x_write_buffer' from incompatible pointer type [-Wincompatible-pointer-types]
  179 |                         sx126x_write_buffer(&transmitter, (i-1), poem, 1);
      |                                                                  ^~~~
      |                                                                  |
      |                                                                  int *
../Core/Inc/sx126x.h:1024:96: note: expected 'const uint8_t *' {aka 'const unsigned char *'} but argument is of type 'int *'
 1024 | sx126x_status_t sx126x_write_buffer( const void* context, const uint8_t offset, const uint8_t* buffer,
      |                                                                                 ~~~~~~~~~~~~~~~^~~~~~
make: *** [Core/Src/subdir.mk:49: Core/Src/main.o] Error 1
"make -j3 all" terminated with exit code 2. Build might be incomplete.
22:23:06 **** Incremental Build of configuration Debug for project SRAD_Telemetry ****
make -j3 all 
arm-none-eabi-gcc "../Core/Src/main.c" -mcpu=cortex-m4 -std=gnu11 -g3 -DDEBUG -DUSE_HAL_DRIVER -DSTM32F411xE -c -I../Core/Inc -I../Drivers/STM32F4xx_HAL_Driver/Inc -I../Drivers/STM32F4xx_HAL_Driver/Inc/Legacy -I../Drivers/CMSIS/Device/ST/STM32F4xx/Include -I../Drivers/CMSIS/Include -I../USB_DEVICE/App -I../USB_DEVICE/Target -I../Middlewares/ST/STM32_USB_Device_Library/Core/Inc -I../Middlewares/ST/STM32_USB_Device_Library/Class/CDC/Inc -O0 -ffunction-sections -fdata-sections -Wall -fstack-usage -fcyclomatic-complexity -MMD -MP -MF"Core/Src/main.d" -MT"Core/Src/main.o" --specs=nano.specs -mfpu=fpv4-sp-d16 -mfloat-abi=hard -mthumb -o "Core/Src/main.o"
arm-none-eabi-gcc "../Core/Src/system_stm32f4xx.c" -mcpu=cortex-m4 -std=gnu11 -g3 -DDEBUG -DUSE_HAL_DRIVER -DSTM32F411xE -c -I../Core/Inc -I../Drivers/STM32F4xx_HAL_Driver/Inc -I../Drivers/STM32F4xx_HAL_Driver/Inc/Legacy -I../Drivers/CMSIS/Device/ST/STM32F4xx/Include -I../Drivers/CMSIS/Include -I../USB_DEVICE/App -I../USB_DEVICE/Target -I../Middlewares/ST/STM32_USB_Device_Library/Core/Inc -I../Middlewares/ST/STM32_USB_Device_Library/Class/CDC/Inc -O0 -ffunction-sections -fdata-sections -Wall -fstack-usage -fcyclomatic-complexity -MMD -MP -MF"Core/Src/system_stm32f4xx.d" -MT"Core/Src/system_stm32f4xx.o" --specs=nano.specs -mfpu=fpv4-sp-d16 -mfloat-abi=hard -mthumb -o "Core/Src/system_stm32f4xx.o"
../Core/Src/system_stm32f4xx.c: In function 'SystemInit':
../Core/Src/system_stm32f4xx.c:266:1: error: expected declaration or statement at end of input
  266 | }
      | ^
../Core/Src/system_stm32f4xx.c: At top level:
../Core/Src/system_stm32f4xx.c:220:6: warning: 'SystemCoreClockUpdate' defined but not used [-Wunused-function]
  220 | void SystemCoreClockUpdate(void)
      |      ^~~~~~~~~~~~~~~~~~~~~
make: *** [Core/Src/subdir.mk:49: Core/Src/system_stm32f4xx.o] Error 1
make: *** Waiting for unfinished jobs....
../Core/Src/main.c: In function 'main':
../Core/Src/main.c:164:16: error: array of inappropriate type initialized from string constant
  164 |   int poem[] = "1111111111111111111111111111111111111111" ;
      |                ^~~~~~~~~~~~~~~~~~~~~~~~~~~~~~~~~~~~~~~~~~
../Core/Src/main.c:165:40: warning: passing argument 3 of 'sx126x_write_buffer' from incompatible pointer type [-Wincompatible-pointer-types]
  165 |   sx126x_write_buffer(&transmitter, 0, poem, 40);
      |                                        ^~~~
      |                                        |
      |                                        int *
In file included from ../Core/Inc/sx126x_lr_fhss.h:44,
                 from ../Core/Src/main.c:31:
../Core/Inc/sx126x.h:1024:96: note: expected 'const uint8_t *' {aka 'const unsigned char *'} but argument is of type 'int *'
 1024 | sx126x_status_t sx126x_write_buffer( const void* context, const uint8_t offset, const uint8_t* buffer,
      |                                                                                 ~~~~~~~~~~~~~~~^~~~~~
../Core/Src/main.c:179:66: warning: passing argument 3 of 'sx126x_write_buffer' from incompatible pointer type [-Wincompatible-pointer-types]
  179 |                         sx126x_write_buffer(&transmitter, (i-1), poem, 1);
      |                                                                  ^~~~
      |                                                                  |
      |                                                                  int *
../Core/Inc/sx126x.h:1024:96: note: expected 'const uint8_t *' {aka 'const unsigned char *'} but argument is of type 'int *'
 1024 | sx126x_status_t sx126x_write_buffer( const void* context, const uint8_t offset, const uint8_t* buffer,
      |                                                                                 ~~~~~~~~~~~~~~~^~~~~~
make: *** [Core/Src/subdir.mk:49: Core/Src/main.o] Error 1
"make -j3 all" terminated with exit code 2. Build might be incomplete.
22:23:24 **** Incremental Build of configuration Debug for project SRAD_Telemetry ****
make -j3 all 
arm-none-eabi-gcc "../Core/Src/main.c" -mcpu=cortex-m4 -std=gnu11 -g3 -DDEBUG -DUSE_HAL_DRIVER -DSTM32F411xE -c -I../Core/Inc -I../Drivers/STM32F4xx_HAL_Driver/Inc -I../Drivers/STM32F4xx_HAL_Driver/Inc/Legacy -I../Drivers/CMSIS/Device/ST/STM32F4xx/Include -I../Drivers/CMSIS/Include -I../USB_DEVICE/App -I../USB_DEVICE/Target -I../Middlewares/ST/STM32_USB_Device_Library/Core/Inc -I../Middlewares/ST/STM32_USB_Device_Library/Class/CDC/Inc -O0 -ffunction-sections -fdata-sections -Wall -fstack-usage -fcyclomatic-complexity -MMD -MP -MF"Core/Src/main.d" -MT"Core/Src/main.o" --specs=nano.specs -mfpu=fpv4-sp-d16 -mfloat-abi=hard -mthumb -o "Core/Src/main.o"
arm-none-eabi-gcc "../Core/Src/system_stm32f4xx.c" -mcpu=cortex-m4 -std=gnu11 -g3 -DDEBUG -DUSE_HAL_DRIVER -DSTM32F411xE -c -I../Core/Inc -I../Drivers/STM32F4xx_HAL_Driver/Inc -I../Drivers/STM32F4xx_HAL_Driver/Inc/Legacy -I../Drivers/CMSIS/Device/ST/STM32F4xx/Include -I../Drivers/CMSIS/Include -I../USB_DEVICE/App -I../USB_DEVICE/Target -I../Middlewares/ST/STM32_USB_Device_Library/Core/Inc -I../Middlewares/ST/STM32_USB_Device_Library/Class/CDC/Inc -O0 -ffunction-sections -fdata-sections -Wall -fstack-usage -fcyclomatic-complexity -MMD -MP -MF"Core/Src/system_stm32f4xx.d" -MT"Core/Src/system_stm32f4xx.o" --specs=nano.specs -mfpu=fpv4-sp-d16 -mfloat-abi=hard -mthumb -o "Core/Src/system_stm32f4xx.o"
../Core/Src/system_stm32f4xx.c: In function 'SystemInit':
../Core/Src/system_stm32f4xx.c:266:1: error: expected declaration or statement at end of input
  266 | }
      | ^
../Core/Src/system_stm32f4xx.c: At top level:
../Core/Src/system_stm32f4xx.c:220:6: warning: 'SystemCoreClockUpdate' defined but not used [-Wunused-function]
  220 | void SystemCoreClockUpdate(void)
      |      ^~~~~~~~~~~~~~~~~~~~~
make: *** [Core/Src/subdir.mk:49: Core/Src/system_stm32f4xx.o] Error 1
make: *** Waiting for unfinished jobs....
../Core/Src/main.c: In function 'main':
../Core/Src/main.c:164:16: error: array of inappropriate type initialized from string constant
  164 |   int poem[] = "1111111111111111111111111111111111111111" ;
      |                ^~~~~~~~~~~~~~~~~~~~~~~~~~~~~~~~~~~~~~~~~~
../Core/Src/main.c:165:40: warning: passing argument 3 of 'sx126x_write_buffer' from incompatible pointer type [-Wincompatible-pointer-types]
  165 |   sx126x_write_buffer(&transmitter, 0, poem, 40);
      |                                        ^~~~
      |                                        |
      |                                        int *
In file included from ../Core/Inc/sx126x_lr_fhss.h:44,
                 from ../Core/Src/main.c:31:
../Core/Inc/sx126x.h:1024:96: note: expected 'const uint8_t *' {aka 'const unsigned char *'} but argument is of type 'int *'
 1024 | sx126x_status_t sx126x_write_buffer( const void* context, const uint8_t offset, const uint8_t* buffer,
      |                                                                                 ~~~~~~~~~~~~~~~^~~~~~
../Core/Src/main.c:179:66: warning: passing argument 3 of 'sx126x_write_buffer' from incompatible pointer type [-Wincompatible-pointer-types]
  179 |                         sx126x_write_buffer(&transmitter, (i-1), poem, 1);
      |                                                                  ^~~~
      |                                                                  |
      |                                                                  int *
../Core/Inc/sx126x.h:1024:96: note: expected 'const uint8_t *' {aka 'const unsigned char *'} but argument is of type 'int *'
 1024 | sx126x_status_t sx126x_write_buffer( const void* context, const uint8_t offset, const uint8_t* buffer,
      |                                                                                 ~~~~~~~~~~~~~~~^~~~~~
make: *** [Core/Src/subdir.mk:49: Core/Src/main.o] Error 1
"make -j3 all" terminated with exit code 2. Build might be incomplete.
22:23:32 **** Incremental Build of configuration Debug for project SRAD_Telemetry ****
make -j3 all 
arm-none-eabi-gcc "../Core/Src/main.c" -mcpu=cortex-m4 -std=gnu11 -g3 -DDEBUG -DUSE_HAL_DRIVER -DSTM32F411xE -c -I../Core/Inc -I../Drivers/STM32F4xx_HAL_Driver/Inc -I../Drivers/STM32F4xx_HAL_Driver/Inc/Legacy -I../Drivers/CMSIS/Device/ST/STM32F4xx/Include -I../Drivers/CMSIS/Include -I../USB_DEVICE/App -I../USB_DEVICE/Target -I../Middlewares/ST/STM32_USB_Device_Library/Core/Inc -I../Middlewares/ST/STM32_USB_Device_Library/Class/CDC/Inc -O0 -ffunction-sections -fdata-sections -Wall -fstack-usage -fcyclomatic-complexity -MMD -MP -MF"Core/Src/main.d" -MT"Core/Src/main.o" --specs=nano.specs -mfpu=fpv4-sp-d16 -mfloat-abi=hard -mthumb -o "Core/Src/main.o"
arm-none-eabi-gcc "../Core/Src/system_stm32f4xx.c" -mcpu=cortex-m4 -std=gnu11 -g3 -DDEBUG -DUSE_HAL_DRIVER -DSTM32F411xE -c -I../Core/Inc -I../Drivers/STM32F4xx_HAL_Driver/Inc -I../Drivers/STM32F4xx_HAL_Driver/Inc/Legacy -I../Drivers/CMSIS/Device/ST/STM32F4xx/Include -I../Drivers/CMSIS/Include -I../USB_DEVICE/App -I../USB_DEVICE/Target -I../Middlewares/ST/STM32_USB_Device_Library/Core/Inc -I../Middlewares/ST/STM32_USB_Device_Library/Class/CDC/Inc -O0 -ffunction-sections -fdata-sections -Wall -fstack-usage -fcyclomatic-complexity -MMD -MP -MF"Core/Src/system_stm32f4xx.d" -MT"Core/Src/system_stm32f4xx.o" --specs=nano.specs -mfpu=fpv4-sp-d16 -mfloat-abi=hard -mthumb -o "Core/Src/system_stm32f4xx.o"
../Core/Src/system_stm32f4xx.c: In function 'SystemInit':
../Core/Src/system_stm32f4xx.c:266:1: error: expected declaration or statement at end of input
  266 | }
      | ^
../Core/Src/system_stm32f4xx.c: At top level:
../Core/Src/system_stm32f4xx.c:220:6: warning: 'SystemCoreClockUpdate' defined but not used [-Wunused-function]
  220 | void SystemCoreClockUpdate(void)
      |      ^~~~~~~~~~~~~~~~~~~~~
make: *** [Core/Src/subdir.mk:49: Core/Src/system_stm32f4xx.o] Error 1
make: *** Waiting for unfinished jobs....
../Core/Src/main.c: In function 'main':
../Core/Src/main.c:165:40: warning: pointer targets in passing argument 3 of 'sx126x_write_buffer' differ in signedness [-Wpointer-sign]
  165 |   sx126x_write_buffer(&transmitter, 0, poem, 40);
      |                                        ^~~~
      |                                        |
      |                                        char *
In file included from ../Core/Inc/sx126x_lr_fhss.h:44,
                 from ../Core/Src/main.c:31:
../Core/Inc/sx126x.h:1024:96: note: expected 'const uint8_t *' {aka 'const unsigned char *'} but argument is of type 'char *'
 1024 | sx126x_status_t sx126x_write_buffer( const void* context, const uint8_t offset, const uint8_t* buffer,
      |                                                                                 ~~~~~~~~~~~~~~~^~~~~~
../Core/Src/main.c:179:66: warning: pointer targets in passing argument 3 of 'sx126x_write_buffer' differ in signedness [-Wpointer-sign]
  179 |                         sx126x_write_buffer(&transmitter, (i-1), poem, 1);
      |                                                                  ^~~~
      |                                                                  |
      |                                                                  char *
../Core/Inc/sx126x.h:1024:96: note: expected 'const uint8_t *' {aka 'const unsigned char *'} but argument is of type 'char *'
 1024 | sx126x_status_t sx126x_write_buffer( const void* context, const uint8_t offset, const uint8_t* buffer,
      |                                                                                 ~~~~~~~~~~~~~~~^~~~~~
"make -j3 all" terminated with exit code 2. Build might be incomplete.
22:24:02 **** Incremental Build of configuration Debug for project SRAD_Telemetry ****
make -j3 all 
arm-none-eabi-gcc "../Core/Src/system_stm32f4xx.c" -mcpu=cortex-m4 -std=gnu11 -g3 -DDEBUG -DUSE_HAL_DRIVER -DSTM32F411xE -c -I../Core/Inc -I../Drivers/STM32F4xx_HAL_Driver/Inc -I../Drivers/STM32F4xx_HAL_Driver/Inc/Legacy -I../Drivers/CMSIS/Device/ST/STM32F4xx/Include -I../Drivers/CMSIS/Include -I../USB_DEVICE/App -I../USB_DEVICE/Target -I../Middlewares/ST/STM32_USB_Device_Library/Core/Inc -I../Middlewares/ST/STM32_USB_Device_Library/Class/CDC/Inc -O0 -ffunction-sections -fdata-sections -Wall -fstack-usage -fcyclomatic-complexity -MMD -MP -MF"Core/Src/system_stm32f4xx.d" -MT"Core/Src/system_stm32f4xx.o" --specs=nano.specs -mfpu=fpv4-sp-d16 -mfloat-abi=hard -mthumb -o "Core/Src/system_stm32f4xx.o"
../Core/Src/system_stm32f4xx.c: In function 'SystemInit':
../Core/Src/system_stm32f4xx.c:266:1: error: expected declaration or statement at end of input
  266 | }
      | ^
../Core/Src/system_stm32f4xx.c: At top level:
../Core/Src/system_stm32f4xx.c:220:6: warning: 'SystemCoreClockUpdate' defined but not used [-Wunused-function]
  220 | void SystemCoreClockUpdate(void)
      |      ^~~~~~~~~~~~~~~~~~~~~
make: *** [Core/Src/subdir.mk:49: Core/Src/system_stm32f4xx.o] Error 1
"make -j3 all" terminated with exit code 2. Build might be incomplete.
22:24:31 **** Incremental Build of configuration Debug for project SRAD_Telemetry ****
make -j3 all 
arm-none-eabi-gcc "../Core/Src/system_stm32f4xx.c" -mcpu=cortex-m4 -std=gnu11 -g3 -DDEBUG -DUSE_HAL_DRIVER -DSTM32F411xE -c -I../Core/Inc -I../Drivers/STM32F4xx_HAL_Driver/Inc -I../Drivers/STM32F4xx_HAL_Driver/Inc/Legacy -I../Drivers/CMSIS/Device/ST/STM32F4xx/Include -I../Drivers/CMSIS/Include -I../USB_DEVICE/App -I../USB_DEVICE/Target -I../Middlewares/ST/STM32_USB_Device_Library/Core/Inc -I../Middlewares/ST/STM32_USB_Device_Library/Class/CDC/Inc -O0 -ffunction-sections -fdata-sections -Wall -fstack-usage -fcyclomatic-complexity -MMD -MP -MF"Core/Src/system_stm32f4xx.d" -MT"Core/Src/system_stm32f4xx.o" --specs=nano.specs -mfpu=fpv4-sp-d16 -mfloat-abi=hard -mthumb -o "Core/Src/system_stm32f4xx.o"
arm-none-eabi-gcc -o "SRAD_Telemetry.elf" @"objects.list"   -mcpu=cortex-m4 -T"/Users/Zarina/STM32CubeIDE/workspace_1.16.1/SRAD_Telemetry/STM32F411CEUX_FLASH.ld" --specs=nosys.specs -Wl,-Map="SRAD_Telemetry.map" -Wl,--gc-sections -static --specs=nano.specs -mfpu=fpv4-sp-d16 -mfloat-abi=hard -mthumb -Wl,--start-group -lc -lm -Wl,--end-group
Finished building target: SRAD_Telemetry.elf
 
arm-none-eabi-size  SRAD_Telemetry.elf 
arm-none-eabi-objdump -h -S SRAD_Telemetry.elf  > "SRAD_Telemetry.list"
   text	   data	    bss	    dec	    hex	filename
  40380	    252	   8964	  49596	   c1bc	SRAD_Telemetry.elf
Finished building: default.size.stdout
 
Finished building: SRAD_Telemetry.list
 
22:25:15 **** Incremental Build of configuration Debug for project SRAD_Telemetry ****
make -j3 all 
arm-none-eabi-size  SRAD_Telemetry.elf 
   text	   data	    bss	    dec	    hex	filename
  40380	    252	   8964	  49596	   c1bc	SRAD_Telemetry.elf
Finished building: default.size.stdout
 
22:28:04 **** Incremental Build of configuration Debug for project SRAD_Telemetry ****
make -j3 all 
arm-none-eabi-gcc "../Core/Src/main.c" -mcpu=cortex-m4 -std=gnu11 -g3 -DDEBUG -DUSE_HAL_DRIVER -DSTM32F411xE -c -I../Core/Inc -I../Drivers/STM32F4xx_HAL_Driver/Inc -I../Drivers/STM32F4xx_HAL_Driver/Inc/Legacy -I../Drivers/CMSIS/Device/ST/STM32F4xx/Include -I../Drivers/CMSIS/Include -I../USB_DEVICE/App -I../USB_DEVICE/Target -I../Middlewares/ST/STM32_USB_Device_Library/Core/Inc -I../Middlewares/ST/STM32_USB_Device_Library/Class/CDC/Inc -O0 -ffunction-sections -fdata-sections -Wall -fstack-usage -fcyclomatic-complexity -MMD -MP -MF"Core/Src/main.d" -MT"Core/Src/main.o" --specs=nano.specs -mfpu=fpv4-sp-d16 -mfloat-abi=hard -mthumb -o "Core/Src/main.o"
../Core/Src/main.c: In function 'main':
../Core/Src/main.c:165:40: warning: pointer targets in passing argument 3 of 'sx126x_write_buffer' differ in signedness [-Wpointer-sign]
  165 |   sx126x_write_buffer(&transmitter, 0, poem, 40);
      |                                        ^~~~
      |                                        |
      |                                        char *
In file included from ../Core/Inc/sx126x_lr_fhss.h:44,
                 from ../Core/Src/main.c:31:
../Core/Inc/sx126x.h:1024:96: note: expected 'const uint8_t *' {aka 'const unsigned char *'} but argument is of type 'char *'
 1024 | sx126x_status_t sx126x_write_buffer( const void* context, const uint8_t offset, const uint8_t* buffer,
      |                                                                                 ~~~~~~~~~~~~~~~^~~~~~
../Core/Src/main.c:179:66: warning: pointer targets in passing argument 3 of 'sx126x_write_buffer' differ in signedness [-Wpointer-sign]
  179 |                         sx126x_write_buffer(&transmitter, (i-1), poem, 1);
      |                                                                  ^~~~
      |                                                                  |
      |                                                                  char *
../Core/Inc/sx126x.h:1024:96: note: expected 'const uint8_t *' {aka 'const unsigned char *'} but argument is of type 'char *'
 1024 | sx126x_status_t sx126x_write_buffer( const void* context, const uint8_t offset, const uint8_t* buffer,
      |                                                                                 ~~~~~~~~~~~~~~~^~~~~~
arm-none-eabi-gcc -o "SRAD_Telemetry.elf" @"objects.list"   -mcpu=cortex-m4 -T"/Users/Zarina/STM32CubeIDE/workspace_1.16.1/SRAD_Telemetry/STM32F411CEUX_FLASH.ld" --specs=nosys.specs -Wl,-Map="SRAD_Telemetry.map" -Wl,--gc-sections -static --specs=nano.specs -mfpu=fpv4-sp-d16 -mfloat-abi=hard -mthumb -Wl,--start-group -lc -lm -Wl,--end-group
Finished building target: SRAD_Telemetry.elf
 
arm-none-eabi-size  SRAD_Telemetry.elf 
arm-none-eabi-objdump -h -S SRAD_Telemetry.elf  > "SRAD_Telemetry.list"
   text	   data	    bss	    dec	    hex	filename
  40296	    252	   8964	  49512	   c168	SRAD_Telemetry.elf
Finished building: default.size.stdout
 
Finished building: SRAD_Telemetry.list
 
22:29:38 **** Incremental Build of configuration Debug for project SRAD_Telemetry ****
make -j3 all 
arm-none-eabi-gcc "../Core/Src/main.c" -mcpu=cortex-m4 -std=gnu11 -g3 -DDEBUG -DUSE_HAL_DRIVER -DSTM32F411xE -c -I../Core/Inc -I../Drivers/STM32F4xx_HAL_Driver/Inc -I../Drivers/STM32F4xx_HAL_Driver/Inc/Legacy -I../Drivers/CMSIS/Device/ST/STM32F4xx/Include -I../Drivers/CMSIS/Include -I../USB_DEVICE/App -I../USB_DEVICE/Target -I../Middlewares/ST/STM32_USB_Device_Library/Core/Inc -I../Middlewares/ST/STM32_USB_Device_Library/Class/CDC/Inc -O0 -ffunction-sections -fdata-sections -Wall -fstack-usage -fcyclomatic-complexity -MMD -MP -MF"Core/Src/main.d" -MT"Core/Src/main.o" --specs=nano.specs -mfpu=fpv4-sp-d16 -mfloat-abi=hard -mthumb -o "Core/Src/main.o"
../Core/Src/main.c: In function 'main':
../Core/Src/main.c:165:40: warning: pointer targets in passing argument 3 of 'sx126x_write_buffer' differ in signedness [-Wpointer-sign]
  165 |   sx126x_write_buffer(&transmitter, 0, poem, 40);
      |                                        ^~~~
      |                                        |
      |                                        char *
In file included from ../Core/Inc/sx126x_lr_fhss.h:44,
                 from ../Core/Src/main.c:31:
../Core/Inc/sx126x.h:1024:96: note: expected 'const uint8_t *' {aka 'const unsigned char *'} but argument is of type 'char *'
 1024 | sx126x_status_t sx126x_write_buffer( const void* context, const uint8_t offset, const uint8_t* buffer,
      |                                                                                 ~~~~~~~~~~~~~~~^~~~~~
../Core/Src/main.c:179:66: warning: pointer targets in passing argument 3 of 'sx126x_write_buffer' differ in signedness [-Wpointer-sign]
  179 |                         sx126x_write_buffer(&transmitter, (i-1), poem, 1);
      |                                                                  ^~~~
      |                                                                  |
      |                                                                  char *
../Core/Inc/sx126x.h:1024:96: note: expected 'const uint8_t *' {aka 'const unsigned char *'} but argument is of type 'char *'
 1024 | sx126x_status_t sx126x_write_buffer( const void* context, const uint8_t offset, const uint8_t* buffer,
      |                                                                                 ~~~~~~~~~~~~~~~^~~~~~
arm-none-eabi-gcc -o "SRAD_Telemetry.elf" @"objects.list"   -mcpu=cortex-m4 -T"/Users/Zarina/STM32CubeIDE/workspace_1.16.1/SRAD_Telemetry/STM32F411CEUX_FLASH.ld" --specs=nosys.specs -Wl,-Map="SRAD_Telemetry.map" -Wl,--gc-sections -static --specs=nano.specs -mfpu=fpv4-sp-d16 -mfloat-abi=hard -mthumb -Wl,--start-group -lc -lm -Wl,--end-group
Finished building target: SRAD_Telemetry.elf
 
arm-none-eabi-size  SRAD_Telemetry.elf 
arm-none-eabi-objdump -h -S SRAD_Telemetry.elf  > "SRAD_Telemetry.list"
   text	   data	    bss	    dec	    hex	filename
  40296	    252	   8964	  49512	   c168	SRAD_Telemetry.elf
Finished building: default.size.stdout
 
Finished building: SRAD_Telemetry.list
 
22:30:26 **** Incremental Build of configuration Debug for project SRAD_Telemetry ****
make -j3 all 
arm-none-eabi-gcc "../Core/Src/main.c" -mcpu=cortex-m4 -std=gnu11 -g3 -DDEBUG -DUSE_HAL_DRIVER -DSTM32F411xE -c -I../Core/Inc -I../Drivers/STM32F4xx_HAL_Driver/Inc -I../Drivers/STM32F4xx_HAL_Driver/Inc/Legacy -I../Drivers/CMSIS/Device/ST/STM32F4xx/Include -I../Drivers/CMSIS/Include -I../USB_DEVICE/App -I../USB_DEVICE/Target -I../Middlewares/ST/STM32_USB_Device_Library/Core/Inc -I../Middlewares/ST/STM32_USB_Device_Library/Class/CDC/Inc -O0 -ffunction-sections -fdata-sections -Wall -fstack-usage -fcyclomatic-complexity -MMD -MP -MF"Core/Src/main.d" -MT"Core/Src/main.o" --specs=nano.specs -mfpu=fpv4-sp-d16 -mfloat-abi=hard -mthumb -o "Core/Src/main.o"
../Core/Src/main.c: In function 'main':
[...]
arm-none-eabi-gcc -o "SRAD_Telemetry.elf" @"objects.list"   -mcpu=cortex-m4 -T"/Users/Zarina/STM32CubeIDE/workspace_1.16.1/SRAD_Telemetry/STM32F411CEUX_FLASH.ld" --specs=nosys.specs -Wl,-Map="SRAD_Telemetry.map" -Wl,--gc-sections -static --specs=nano.specs -mfpu=fpv4-sp-d16 -mfloat-abi=hard -mthumb -Wl,--start-group -lc -lm -Wl,--end-group
Finished building target: SRAD_Telemetry.elf
 
arm-none-eabi-size  SRAD_Telemetry.elf 
arm-none-eabi-objdump -h -S SRAD_Telemetry.elf  > "SRAD_Telemetry.list"
   text	   data	    bss	    dec	    hex	filename
  40928	    332	   9412	  50672	   c5f0	SRAD_Telemetry.elf
Finished building: default.size.stdout
 
Finished building: SRAD_Telemetry.list
 
02:10:57 **** Incremental Build of configuration Debug for project SRAD_Telemetry ****
make -j3 all 
arm-none-eabi-gcc "../Core/Src/main.c" -mcpu=cortex-m4 -std=gnu11 -g3 -DDEBUG -DUSE_HAL_DRIVER -DSTM32F411xE -c -I../Core/Inc -I../Drivers/STM32F4xx_HAL_Driver/Inc -I../Drivers/STM32F4xx_HAL_Driver/Inc/Legacy -I../Drivers/CMSIS/Device/ST/STM32F4xx/Include -I../Drivers/CMSIS/Include -I../USB_DEVICE/App -I../USB_DEVICE/Target -I../Middlewares/ST/STM32_USB_Device_Library/Core/Inc -I../Middlewares/ST/STM32_USB_Device_Library/Class/CDC/Inc -O0 -ffunction-sections -fdata-sections -Wall -fstack-usage -fcyclomatic-complexity -MMD -MP -MF"Core/Src/main.d" -MT"Core/Src/main.o" --specs=nano.specs -mfpu=fpv4-sp-d16 -mfloat-abi=hard -mthumb -o "Core/Src/main.o"
arm-none-eabi-gcc -o "SRAD_Telemetry.elf" @"objects.list"   -mcpu=cortex-m4 -T"/Users/Zarina/STM32CubeIDE/workspace_1.16.1/SRAD_Telemetry/STM32F411CEUX_FLASH.ld" --specs=nosys.specs -Wl,-Map="SRAD_Telemetry.map" -Wl,--gc-sections -static --specs=nano.specs -mfpu=fpv4-sp-d16 -mfloat-abi=hard -mthumb -Wl,--start-group -lc -lm -Wl,--end-group
Finished building target: SRAD_Telemetry.elf
 
arm-none-eabi-size  SRAD_Telemetry.elf 
arm-none-eabi-objdump -h -S SRAD_Telemetry.elf  > "SRAD_Telemetry.list"
   text	   data	    bss	    dec	    hex	filename
  40928	    332	   9412	  50672	   c5f0	SRAD_Telemetry.elf
Finished building: default.size.stdout
 
Finished building: SRAD_Telemetry.list
 
02:12:11 **** Incremental Build of configuration Debug for project SRAD_Telemetry ****
make -j3 all 
arm-none-eabi-gcc "../Core/Src/main.c" -mcpu=cortex-m4 -std=gnu11 -g3 -DDEBUG -DUSE_HAL_DRIVER -DSTM32F411xE -c -I../Core/Inc -I../Drivers/STM32F4xx_HAL_Driver/Inc -I../Drivers/STM32F4xx_HAL_Driver/Inc/Legacy -I../Drivers/CMSIS/Device/ST/STM32F4xx/Include -I../Drivers/CMSIS/Include -I../USB_DEVICE/App -I../USB_DEVICE/Target -I../Middlewares/ST/STM32_USB_Device_Library/Core/Inc -I../Middlewares/ST/STM32_USB_Device_Library/Class/CDC/Inc -O0 -ffunction-sections -fdata-sections -Wall -fstack-usage -fcyclomatic-complexity -MMD -MP -MF"Core/Src/main.d" -MT"Core/Src/main.o" --specs=nano.specs -mfpu=fpv4-sp-d16 -mfloat-abi=hard -mthumb -o "Core/Src/main.o"
arm-none-eabi-gcc -o "SRAD_Telemetry.elf" @"objects.list"   -mcpu=cortex-m4 -T"/Users/Zarina/STM32CubeIDE/workspace_1.16.1/SRAD_Telemetry/STM32F411CEUX_FLASH.ld" --specs=nosys.specs -Wl,-Map="SRAD_Telemetry.map" -Wl,--gc-sections -static --specs=nano.specs -mfpu=fpv4-sp-d16 -mfloat-abi=hard -mthumb -Wl,--start-group -lc -lm -Wl,--end-group
Finished building target: SRAD_Telemetry.elf
 
arm-none-eabi-size  SRAD_Telemetry.elf 
arm-none-eabi-objdump -h -S SRAD_Telemetry.elf  > "SRAD_Telemetry.list"
   text	   data	    bss	    dec	    hex	filename
  41080	    332	   9412	  50824	   c688	SRAD_Telemetry.elf
Finished building: default.size.stdout
 
Finished building: SRAD_Telemetry.list
 
02:13:50 **** Incremental Build of configuration Debug for project SRAD_Telemetry ****
make -j3 all 
arm-none-eabi-gcc "../Core/Src/main.c" -mcpu=cortex-m4 -std=gnu11 -g3 -DDEBUG -DUSE_HAL_DRIVER -DSTM32F411xE -c -I../Core/Inc -I../Drivers/STM32F4xx_HAL_Driver/Inc -I../Drivers/STM32F4xx_HAL_Driver/Inc/Legacy -I../Drivers/CMSIS/Device/ST/STM32F4xx/Include -I../Drivers/CMSIS/Include -I../USB_DEVICE/App -I../USB_DEVICE/Target -I../Middlewares/ST/STM32_USB_Device_Library/Core/Inc -I../Middlewares/ST/STM32_USB_Device_Library/Class/CDC/Inc -O0 -ffunction-sections -fdata-sections -Wall -fstack-usage -fcyclomatic-complexity -MMD -MP -MF"Core/Src/main.d" -MT"Core/Src/main.o" --specs=nano.specs -mfpu=fpv4-sp-d16 -mfloat-abi=hard -mthumb -o "Core/Src/main.o"
arm-none-eabi-gcc -o "SRAD_Telemetry.elf" @"objects.list"   -mcpu=cortex-m4 -T"/Users/Zarina/STM32CubeIDE/workspace_1.16.1/SRAD_Telemetry/STM32F411CEUX_FLASH.ld" --specs=nosys.specs -Wl,-Map="SRAD_Telemetry.map" -Wl,--gc-sections -static --specs=nano.specs -mfpu=fpv4-sp-d16 -mfloat-abi=hard -mthumb -Wl,--start-group -lc -lm -Wl,--end-group
Finished building target: SRAD_Telemetry.elf
 
arm-none-eabi-size  SRAD_Telemetry.elf 
arm-none-eabi-objdump -h -S SRAD_Telemetry.elf  > "SRAD_Telemetry.list"
   text	   data	    bss	    dec	    hex	filename
  41084	    332	   9412	  50828	   c68c	SRAD_Telemetry.elf
Finished building: default.size.stdout
 
Finished building: SRAD_Telemetry.list
 
02:15:29 **** Incremental Build of configuration Debug for project SRAD_Telemetry ****
make -j3 all 
arm-none-eabi-gcc "../Core/Src/main.c" -mcpu=cortex-m4 -std=gnu11 -g3 -DDEBUG -DUSE_HAL_DRIVER -DSTM32F411xE -c -I../Core/Inc -I../Drivers/STM32F4xx_HAL_Driver/Inc -I../Drivers/STM32F4xx_HAL_Driver/Inc/Legacy -I../Drivers/CMSIS/Device/ST/STM32F4xx/Include -I../Drivers/CMSIS/Include -I../USB_DEVICE/App -I../USB_DEVICE/Target -I../Middlewares/ST/STM32_USB_Device_Library/Core/Inc -I../Middlewares/ST/STM32_USB_Device_Library/Class/CDC/Inc -O0 -ffunction-sections -fdata-sections -Wall -fstack-usage -fcyclomatic-complexity -MMD -MP -MF"Core/Src/main.d" -MT"Core/Src/main.o" --specs=nano.specs -mfpu=fpv4-sp-d16 -mfloat-abi=hard -mthumb -o "Core/Src/main.o"
arm-none-eabi-gcc -o "SRAD_Telemetry.elf" @"objects.list"   -mcpu=cortex-m4 -T"/Users/Zarina/STM32CubeIDE/workspace_1.16.1/SRAD_Telemetry/STM32F411CEUX_FLASH.ld" --specs=nosys.specs -Wl,-Map="SRAD_Telemetry.map" -Wl,--gc-sections -static --specs=nano.specs -mfpu=fpv4-sp-d16 -mfloat-abi=hard -mthumb -Wl,--start-group -lc -lm -Wl,--end-group
Finished building target: SRAD_Telemetry.elf
 
arm-none-eabi-size  SRAD_Telemetry.elf 
arm-none-eabi-objdump -h -S SRAD_Telemetry.elf  > "SRAD_Telemetry.list"
   text	   data	    bss	    dec	    hex	filename
  41084	    332	   9412	  50828	   c68c	SRAD_Telemetry.elf
Finished building: default.size.stdout
 
Finished building: SRAD_Telemetry.list
 
02:16:18 **** Incremental Build of configuration Debug for project SRAD_Telemetry ****
make -j3 all 
arm-none-eabi-gcc "../Core/Src/main.c" -mcpu=cortex-m4 -std=gnu11 -g3 -DDEBUG -DUSE_HAL_DRIVER -DSTM32F411xE -c -I../Core/Inc -I../Drivers/STM32F4xx_HAL_Driver/Inc -I../Drivers/STM32F4xx_HAL_Driver/Inc/Legacy -I../Drivers/CMSIS/Device/ST/STM32F4xx/Include -I../Drivers/CMSIS/Include -I../USB_DEVICE/App -I../USB_DEVICE/Target -I../Middlewares/ST/STM32_USB_Device_Library/Core/Inc -I../Middlewares/ST/STM32_USB_Device_Library/Class/CDC/Inc -O0 -ffunction-sections -fdata-sections -Wall -fstack-usage -fcyclomatic-complexity -MMD -MP -MF"Core/Src/main.d" -MT"Core/Src/main.o" --specs=nano.specs -mfpu=fpv4-sp-d16 -mfloat-abi=hard -mthumb -o "Core/Src/main.o"
arm-none-eabi-gcc -o "SRAD_Telemetry.elf" @"objects.list"   -mcpu=cortex-m4 -T"/Users/Zarina/STM32CubeIDE/workspace_1.16.1/SRAD_Telemetry/STM32F411CEUX_FLASH.ld" --specs=nosys.specs -Wl,-Map="SRAD_Telemetry.map" -Wl,--gc-sections -static --specs=nano.specs -mfpu=fpv4-sp-d16 -mfloat-abi=hard -mthumb -Wl,--start-group -lc -lm -Wl,--end-group
Finished building target: SRAD_Telemetry.elf
 
arm-none-eabi-size  SRAD_Telemetry.elf 
arm-none-eabi-objdump -h -S SRAD_Telemetry.elf  > "SRAD_Telemetry.list"
   text	   data	    bss	    dec	    hex	filename
  41084	    332	   9412	  50828	   c68c	SRAD_Telemetry.elf
Finished building: default.size.stdout
 
Finished building: SRAD_Telemetry.list
 
02:16:48 **** Incremental Build of configuration Debug for project SRAD_Telemetry ****
make -j3 all 
arm-none-eabi-gcc "../Core/Src/main.c" -mcpu=cortex-m4 -std=gnu11 -g3 -DDEBUG -DUSE_HAL_DRIVER -DSTM32F411xE -c -I../Core/Inc -I../Drivers/STM32F4xx_HAL_Driver/Inc -I../Drivers/STM32F4xx_HAL_Driver/Inc/Legacy -I../Drivers/CMSIS/Device/ST/STM32F4xx/Include -I../Drivers/CMSIS/Include -I../USB_DEVICE/App -I../USB_DEVICE/Target -I../Middlewares/ST/STM32_USB_Device_Library/Core/Inc -I../Middlewares/ST/STM32_USB_Device_Library/Class/CDC/Inc -O0 -ffunction-sections -fdata-sections -Wall -fstack-usage -fcyclomatic-complexity -MMD -MP -MF"Core/Src/main.d" -MT"Core/Src/main.o" --specs=nano.specs -mfpu=fpv4-sp-d16 -mfloat-abi=hard -mthumb -o "Core/Src/main.o"
arm-none-eabi-gcc -o "SRAD_Telemetry.elf" @"objects.list"   -mcpu=cortex-m4 -T"/Users/Zarina/STM32CubeIDE/workspace_1.16.1/SRAD_Telemetry/STM32F411CEUX_FLASH.ld" --specs=nosys.specs -Wl,-Map="SRAD_Telemetry.map" -Wl,--gc-sections -static --specs=nano.specs -mfpu=fpv4-sp-d16 -mfloat-abi=hard -mthumb -Wl,--start-group -lc -lm -Wl,--end-group
Finished building target: SRAD_Telemetry.elf
 
arm-none-eabi-size  SRAD_Telemetry.elf 
arm-none-eabi-objdump -h -S SRAD_Telemetry.elf  > "SRAD_Telemetry.list"
   text	   data	    bss	    dec	    hex	filename
  41084	    332	   9412	  50828	   c68c	SRAD_Telemetry.elf
Finished building: default.size.stdout
 
Finished building: SRAD_Telemetry.list
 
02:17:30 **** Incremental Build of configuration Debug for project SRAD_Telemetry ****
make -j3 all 
arm-none-eabi-gcc "../Core/Src/main.c" -mcpu=cortex-m4 -std=gnu11 -g3 -DDEBUG -DUSE_HAL_DRIVER -DSTM32F411xE -c -I../Core/Inc -I../Drivers/STM32F4xx_HAL_Driver/Inc -I../Drivers/STM32F4xx_HAL_Driver/Inc/Legacy -I../Drivers/CMSIS/Device/ST/STM32F4xx/Include -I../Drivers/CMSIS/Include -I../USB_DEVICE/App -I../USB_DEVICE/Target -I../Middlewares/ST/STM32_USB_Device_Library/Core/Inc -I../Middlewares/ST/STM32_USB_Device_Library/Class/CDC/Inc -O0 -ffunction-sections -fdata-sections -Wall -fstack-usage -fcyclomatic-complexity -MMD -MP -MF"Core/Src/main.d" -MT"Core/Src/main.o" --specs=nano.specs -mfpu=fpv4-sp-d16 -mfloat-abi=hard -mthumb -o "Core/Src/main.o"
arm-none-eabi-gcc -o "SRAD_Telemetry.elf" @"objects.list"   -mcpu=cortex-m4 -T"/Users/Zarina/STM32CubeIDE/workspace_1.16.1/SRAD_Telemetry/STM32F411CEUX_FLASH.ld" --specs=nosys.specs -Wl,-Map="SRAD_Telemetry.map" -Wl,--gc-sections -static --specs=nano.specs -mfpu=fpv4-sp-d16 -mfloat-abi=hard -mthumb -Wl,--start-group -lc -lm -Wl,--end-group
Finished building target: SRAD_Telemetry.elf
 
arm-none-eabi-size  SRAD_Telemetry.elf 
arm-none-eabi-objdump -h -S SRAD_Telemetry.elf  > "SRAD_Telemetry.list"
   text	   data	    bss	    dec	    hex	filename
  41084	    332	   9412	  50828	   c68c	SRAD_Telemetry.elf
Finished building: default.size.stdout
 
Finished building: SRAD_Telemetry.list
 
02:18:14 **** Incremental Build of configuration Debug for project SRAD_Telemetry ****
make -j3 all 
arm-none-eabi-gcc "../Core/Src/main.c" -mcpu=cortex-m4 -std=gnu11 -g3 -DDEBUG -DUSE_HAL_DRIVER -DSTM32F411xE -c -I../Core/Inc -I../Drivers/STM32F4xx_HAL_Driver/Inc -I../Drivers/STM32F4xx_HAL_Driver/Inc/Legacy -I../Drivers/CMSIS/Device/ST/STM32F4xx/Include -I../Drivers/CMSIS/Include -I../USB_DEVICE/App -I../USB_DEVICE/Target -I../Middlewares/ST/STM32_USB_Device_Library/Core/Inc -I../Middlewares/ST/STM32_USB_Device_Library/Class/CDC/Inc -O0 -ffunction-sections -fdata-sections -Wall -fstack-usage -fcyclomatic-complexity -MMD -MP -MF"Core/Src/main.d" -MT"Core/Src/main.o" --specs=nano.specs -mfpu=fpv4-sp-d16 -mfloat-abi=hard -mthumb -o "Core/Src/main.o"
arm-none-eabi-gcc -o "SRAD_Telemetry.elf" @"objects.list"   -mcpu=cortex-m4 -T"/Users/Zarina/STM32CubeIDE/workspace_1.16.1/SRAD_Telemetry/STM32F411CEUX_FLASH.ld" --specs=nosys.specs -Wl,-Map="SRAD_Telemetry.map" -Wl,--gc-sections -static --specs=nano.specs -mfpu=fpv4-sp-d16 -mfloat-abi=hard -mthumb -Wl,--start-group -lc -lm -Wl,--end-group
Finished building target: SRAD_Telemetry.elf
 
arm-none-eabi-size  SRAD_Telemetry.elf 
arm-none-eabi-objdump -h -S SRAD_Telemetry.elf  > "SRAD_Telemetry.list"
   text	   data	    bss	    dec	    hex	filename
  40936	    332	   9412	  50680	   c5f8	SRAD_Telemetry.elf
Finished building: default.size.stdout
 
Finished building: SRAD_Telemetry.list
 
02:20:33 **** Incremental Build of configuration Debug for project SRAD_Telemetry ****
make -j3 all 
arm-none-eabi-gcc "../Core/Src/main.c" -mcpu=cortex-m4 -std=gnu11 -g3 -DDEBUG -DUSE_HAL_DRIVER -DSTM32F411xE -c -I../Core/Inc -I../Drivers/STM32F4xx_HAL_Driver/Inc -I../Drivers/STM32F4xx_HAL_Driver/Inc/Legacy -I../Drivers/CMSIS/Device/ST/STM32F4xx/Include -I../Drivers/CMSIS/Include -I../USB_DEVICE/App -I../USB_DEVICE/Target -I../Middlewares/ST/STM32_USB_Device_Library/Core/Inc -I../Middlewares/ST/STM32_USB_Device_Library/Class/CDC/Inc -O0 -ffunction-sections -fdata-sections -Wall -fstack-usage -fcyclomatic-complexity -MMD -MP -MF"Core/Src/main.d" -MT"Core/Src/main.o" --specs=nano.specs -mfpu=fpv4-sp-d16 -mfloat-abi=hard -mthumb -o "Core/Src/main.o"
arm-none-eabi-gcc -o "SRAD_Telemetry.elf" @"objects.list"   -mcpu=cortex-m4 -T"/Users/Zarina/STM32CubeIDE/workspace_1.16.1/SRAD_Telemetry/STM32F411CEUX_FLASH.ld" --specs=nosys.specs -Wl,-Map="SRAD_Telemetry.map" -Wl,--gc-sections -static --specs=nano.specs -mfpu=fpv4-sp-d16 -mfloat-abi=hard -mthumb -Wl,--start-group -lc -lm -Wl,--end-group
Finished building target: SRAD_Telemetry.elf
 
arm-none-eabi-size  SRAD_Telemetry.elf 
arm-none-eabi-objdump -h -S SRAD_Telemetry.elf  > "SRAD_Telemetry.list"
   text	   data	    bss	    dec	    hex	filename
  41156	    332	   9412	  50900	   c6d4	SRAD_Telemetry.elf
Finished building: default.size.stdout
 
Finished building: SRAD_Telemetry.list
 
02:21:21 **** Incremental Build of configuration Debug for project SRAD_Telemetry ****
make -j3 all 
arm-none-eabi-gcc "../Core/Src/main.c" -mcpu=cortex-m4 -std=gnu11 -g3 -DDEBUG -DUSE_HAL_DRIVER -DSTM32F411xE -c -I../Core/Inc -I../Drivers/STM32F4xx_HAL_Driver/Inc -I../Drivers/STM32F4xx_HAL_Driver/Inc/Legacy -I../Drivers/CMSIS/Device/ST/STM32F4xx/Include -I../Drivers/CMSIS/Include -I../USB_DEVICE/App -I../USB_DEVICE/Target -I../Middlewares/ST/STM32_USB_Device_Library/Core/Inc -I../Middlewares/ST/STM32_USB_Device_Library/Class/CDC/Inc -O0 -ffunction-sections -fdata-sections -Wall -fstack-usage -fcyclomatic-complexity -MMD -MP -MF"Core/Src/main.d" -MT"Core/Src/main.o" --specs=nano.specs -mfpu=fpv4-sp-d16 -mfloat-abi=hard -mthumb -o "Core/Src/main.o"
arm-none-eabi-gcc -o "SRAD_Telemetry.elf" @"objects.list"   -mcpu=cortex-m4 -T"/Users/Zarina/STM32CubeIDE/workspace_1.16.1/SRAD_Telemetry/STM32F411CEUX_FLASH.ld" --specs=nosys.specs -Wl,-Map="SRAD_Telemetry.map" -Wl,--gc-sections -static --specs=nano.specs -mfpu=fpv4-sp-d16 -mfloat-abi=hard -mthumb -Wl,--start-group -lc -lm -Wl,--end-group
Finished building target: SRAD_Telemetry.elf
 
arm-none-eabi-size  SRAD_Telemetry.elf 
arm-none-eabi-objdump -h -S SRAD_Telemetry.elf  > "SRAD_Telemetry.list"
   text	   data	    bss	    dec	    hex	filename
  41008	    332	   9412	  50752	   c640	SRAD_Telemetry.elf
Finished building: default.size.stdout
 
Finished building: SRAD_Telemetry.list
 
02:29:33 **** Incremental Build of configuration Debug for project SRAD_Telemetry ****
make -j3 all 
arm-none-eabi-gcc "../Core/Src/main.c" -mcpu=cortex-m4 -std=gnu11 -g3 -DDEBUG -DUSE_HAL_DRIVER -DSTM32F411xE -c -I../Core/Inc -I../Drivers/STM32F4xx_HAL_Driver/Inc -I../Drivers/STM32F4xx_HAL_Driver/Inc/Legacy -I../Drivers/CMSIS/Device/ST/STM32F4xx/Include -I../Drivers/CMSIS/Include -I../USB_DEVICE/App -I../USB_DEVICE/Target -I../Middlewares/ST/STM32_USB_Device_Library/Core/Inc -I../Middlewares/ST/STM32_USB_Device_Library/Class/CDC/Inc -O0 -ffunction-sections -fdata-sections -Wall -fstack-usage -fcyclomatic-complexity -MMD -MP -MF"Core/Src/main.d" -MT"Core/Src/main.o" --specs=nano.specs -mfpu=fpv4-sp-d16 -mfloat-abi=hard -mthumb -o "Core/Src/main.o"
../Core/Src/main.c: In function 'main':
../Core/Src/main.c:203:47: error: 'transmiterRx' undeclared (first use in this function); did you mean 'transmitterRx'?
  203 |           sx126x_read_buffer(&transmitter, 0, transmiterRx, 17);
      |                                               ^~~~~~~~~~~~
      |                                               transmitterRx
../Core/Src/main.c:203:47: note: each undeclared identifier is reported only once for each function it appears in
../Core/Src/main.c:186:11: warning: unused variable 'transmitterRx' [-Wunused-variable]
  186 |   uint8_t transmitterRx[20];
      |           ^~~~~~~~~~~~~
make: *** [Core/Src/subdir.mk:49: Core/Src/main.o] Error 1
"make -j3 all" terminated with exit code 2. Build might be incomplete.
02:29:43 **** Incremental Build of configuration Debug for project SRAD_Telemetry ****
make -j3 all 
arm-none-eabi-gcc "../Core/Src/main.c" -mcpu=cortex-m4 -std=gnu11 -g3 -DDEBUG -DUSE_HAL_DRIVER -DSTM32F411xE -c -I../Core/Inc -I../Drivers/STM32F4xx_HAL_Driver/Inc -I../Drivers/STM32F4xx_HAL_Driver/Inc/Legacy -I../Drivers/CMSIS/Device/ST/STM32F4xx/Include -I../Drivers/CMSIS/Include -I../USB_DEVICE/App -I../USB_DEVICE/Target -I../Middlewares/ST/STM32_USB_Device_Library/Core/Inc -I../Middlewares/ST/STM32_USB_Device_Library/Class/CDC/Inc -O0 -ffunction-sections -fdata-sections -Wall -fstack-usage -fcyclomatic-complexity -MMD -MP -MF"Core/Src/main.d" -MT"Core/Src/main.o" --specs=nano.specs -mfpu=fpv4-sp-d16 -mfloat-abi=hard -mthumb -o "Core/Src/main.o"
arm-none-eabi-gcc -o "SRAD_Telemetry.elf" @"objects.list"   -mcpu=cortex-m4 -T"/Users/Zarina/STM32CubeIDE/workspace_1.16.1/SRAD_Telemetry/STM32F411CEUX_FLASH.ld" --specs=nosys.specs -Wl,-Map="SRAD_Telemetry.map" -Wl,--gc-sections -static --specs=nano.specs -mfpu=fpv4-sp-d16 -mfloat-abi=hard -mthumb -Wl,--start-group -lc -lm -Wl,--end-group
Finished building target: SRAD_Telemetry.elf
 
arm-none-eabi-size  SRAD_Telemetry.elf 
arm-none-eabi-objdump -h -S SRAD_Telemetry.elf  > "SRAD_Telemetry.list"
   text	   data	    bss	    dec	    hex	filename
  41008	    332	   9412	  50752	   c640	SRAD_Telemetry.elf
Finished building: default.size.stdout
 
Finished building: SRAD_Telemetry.list
 
02:33:42 **** Incremental Build of configuration Debug for project SRAD_Telemetry ****
make -j3 all 
arm-none-eabi-gcc "../Core/Src/main.c" -mcpu=cortex-m4 -std=gnu11 -g3 -DDEBUG -DUSE_HAL_DRIVER -DSTM32F411xE -c -I../Core/Inc -I../Drivers/STM32F4xx_HAL_Driver/Inc -I../Drivers/STM32F4xx_HAL_Driver/Inc/Legacy -I../Drivers/CMSIS/Device/ST/STM32F4xx/Include -I../Drivers/CMSIS/Include -I../USB_DEVICE/App -I../USB_DEVICE/Target -I../Middlewares/ST/STM32_USB_Device_Library/Core/Inc -I../Middlewares/ST/STM32_USB_Device_Library/Class/CDC/Inc -O0 -ffunction-sections -fdata-sections -Wall -fstack-usage -fcyclomatic-complexity -MMD -MP -MF"Core/Src/main.d" -MT"Core/Src/main.o" --specs=nano.specs -mfpu=fpv4-sp-d16 -mfloat-abi=hard -mthumb -o "Core/Src/main.o"
arm-none-eabi-gcc -o "SRAD_Telemetry.elf" @"objects.list"   -mcpu=cortex-m4 -T"/Users/Zarina/STM32CubeIDE/workspace_1.16.1/SRAD_Telemetry/STM32F411CEUX_FLASH.ld" --specs=nosys.specs -Wl,-Map="SRAD_Telemetry.map" -Wl,--gc-sections -static --specs=nano.specs -mfpu=fpv4-sp-d16 -mfloat-abi=hard -mthumb -Wl,--start-group -lc -lm -Wl,--end-group
Finished building target: SRAD_Telemetry.elf
 
arm-none-eabi-size  SRAD_Telemetry.elf 
arm-none-eabi-objdump -h -S SRAD_Telemetry.elf  > "SRAD_Telemetry.list"
   text	   data	    bss	    dec	    hex	filename
  41008	    332	   9412	  50752	   c640	SRAD_Telemetry.elf
Finished building: default.size.stdout
 
Finished building: SRAD_Telemetry.list
 
02:33:52 **** Incremental Build of configuration Debug for project SRAD_Telemetry ****
make -j3 all 
arm-none-eabi-size  SRAD_Telemetry.elf 
   text	   data	    bss	    dec	    hex	filename
  41008	    332	   9412	  50752	   c640	SRAD_Telemetry.elf
Finished building: default.size.stdout
 
