22:27:25 **** Incremental Build of configuration Debug for project SRAD_Telemetry ****
make -j3 all 
arm-none-eabi-gcc "../Core/Src/main.c" -mcpu=cortex-m4 -std=gnu11 -g3 -DDEBUG -DUSE_HAL_DRIVER -DSTM32F411xE -c -I../Core/Inc -I../Drivers/STM32F4xx_HAL_Driver/Inc -I../Drivers/STM32F4xx_HAL_Driver/Inc/Legacy -I../Drivers/CMSIS/Device/ST/STM32F4xx/Include -I../Drivers/CMSIS/Include -I../USB_DEVICE/App -I../USB_DEVICE/Target -I../Middlewares/ST/STM32_USB_Device_Library/Core/Inc -I../Middlewares/ST/STM32_USB_Device_Library/Class/CDC/Inc -O0 -ffunction-sections -fdata-sections -Wall -fstack-usage -fcyclomatic-complexity -MMD -MP -MF"Core/Src/main.d" -MT"Core/Src/main.o" --specs=nano.specs -mfpu=fpv4-sp-d16 -mfloat-abi=hard -mthumb -o "Core/Src/main.o"
../Core/Src/main.c: In function 'HAL_GPIO_EXTI_Callback':
../Core/Src/main.c:400:8: error: 'tx_done' undeclared (first use in this function); did you mean 'txDone'?
  400 |        tx_done = 1; //turn on flag
      |        ^~~~~~~
      |        txDone
../Core/Src/main.c:400:8: note: each undeclared identifier is reported only once for each function it appears in
../Core/Src/main.c: In function 'HAL_SPI_RxCpltCallback':
../Core/Src/main.c:410:17: warning: unused variable 'received_data' [-Wunused-variable]
  410 |         uint8_t received_data = SPI1->DR; // Read data, clearing RXNE
      |                 ^~~~~~~~~~~~~
make: *** [Core/Src/subdir.mk:49: Core/Src/main.o] Error 1
"make -j3 all" terminated with exit code 2. Build might be incomplete.
22:27:44 **** Incremental Build of configuration Debug for project SRAD_Telemetry ****
make -j3 all 
arm-none-eabi-gcc "../Core/Src/main.c" -mcpu=cortex-m4 -std=gnu11 -g3 -DDEBUG -DUSE_HAL_DRIVER -DSTM32F411xE -c -I../Core/Inc -I../Drivers/STM32F4xx_HAL_Driver/Inc -I../Drivers/STM32F4xx_HAL_Driver/Inc/Legacy -I../Drivers/CMSIS/Device/ST/STM32F4xx/Include -I../Drivers/CMSIS/Include -I../USB_DEVICE/App -I../USB_DEVICE/Target -I../Middlewares/ST/STM32_USB_Device_Library/Core/Inc -I../Middlewares/ST/STM32_USB_Device_Library/Class/CDC/Inc -O0 -ffunction-sections -fdata-sections -Wall -fstack-usage -fcyclomatic-complexity -MMD -MP -MF"Core/Src/main.d" -MT"Core/Src/main.o" --specs=nano.specs -mfpu=fpv4-sp-d16 -mfloat-abi=hard -mthumb -o "Core/Src/main.o"
../Core/Src/main.c: In function 'HAL_SPI_RxCpltCallback':
../Core/Src/main.c:410:17: warning: unused variable 'received_data' [-Wunused-variable]
  410 |         uint8_t received_data = SPI1->DR; // Read data, clearing RXNE
      |                 ^~~~~~~~~~~~~
arm-none-eabi-gcc -o "SRAD_Telemetry.elf" @"objects.list"   -mcpu=cortex-m4 -T"/Users/Zarina/STM32CubeIDE/workspace_1.16.1/SRAD_Telemetry/STM32F411CEUX_FLASH.ld" --specs=nosys.specs -Wl,-Map="SRAD_Telemetry.map" -Wl,--gc-sections -static --specs=nano.specs -mfpu=fpv4-sp-d16 -mfloat-abi=hard -mthumb -Wl,--start-group -lc -lm -Wl,--end-group
Finished building target: SRAD_Telemetry.elf
 
arm-none-eabi-size  SRAD_Telemetry.elf 
arm-none-eabi-objdump -h -S SRAD_Telemetry.elf  > "SRAD_Telemetry.list"
   text	   data	    bss	    dec	    hex	filename
  37448	    252	   8876	  46576	   b5f0	SRAD_Telemetry.elf
Finished building: default.size.stdout
 
Finished building: SRAD_Telemetry.list
 
22:32:09 **** Incremental Build of configuration Debug for project SRAD_Telemetry ****
make -j3 all 
arm-none-eabi-gcc "../Core/Src/main.c" -mcpu=cortex-m4 -std=gnu11 -g3 -DDEBUG -DUSE_HAL_DRIVER -DSTM32F411xE -c -I../Core/Inc -I../Drivers/STM32F4xx_HAL_Driver/Inc -I../Drivers/STM32F4xx_HAL_Driver/Inc/Legacy -I../Drivers/CMSIS/Device/ST/STM32F4xx/Include -I../Drivers/CMSIS/Include -I../USB_DEVICE/App -I../USB_DEVICE/Target -I../Middlewares/ST/STM32_USB_Device_Library/Core/Inc -I../Middlewares/ST/STM32_USB_Device_Library/Class/CDC/Inc -O0 -ffunction-sections -fdata-sections -Wall -fstack-usage -fcyclomatic-complexity -MMD -MP -MF"Core/Src/main.d" -MT"Core/Src/main.o" --specs=nano.specs -mfpu=fpv4-sp-d16 -mfloat-abi=hard -mthumb -o "Core/Src/main.o"
../Core/Src/main.c: In function 'HAL_SPI_RxCpltCallback':
../Core/Src/main.c:411:17: warning: unused variable 'transmit_rx' [-Wunused-variable]
  411 |         uint8_t transmit_rx = SPI1->DR; // Read data, clearing RXNE
      |                 ^~~~~~~~~~~
../Core/Src/main.c:415:36: error: 'transmit_buff' undeclared (first use in this function); did you mean 'transmit_rx'?
  415 |         HAL_SPI_Receive_IT(&hspi1, transmit_buff, 1);
      |                                    ^~~~~~~~~~~~~
      |                                    transmit_rx
../Core/Src/main.c:415:36: note: each undeclared identifier is reported only once for each function it appears in
make: *** [Core/Src/subdir.mk:49: Core/Src/main.o] Error 1
"make -j3 all" terminated with exit code 2. Build might be incomplete.
22:32:13 **** Incremental Build of configuration Debug for project SRAD_Telemetry ****
make -j3 all 
arm-none-eabi-gcc "../Core/Src/main.c" -mcpu=cortex-m4 -std=gnu11 -g3 -DDEBUG -DUSE_HAL_DRIVER -DSTM32F411xE -c -I../Core/Inc -I../Drivers/STM32F4xx_HAL_Driver/Inc -I../Drivers/STM32F4xx_HAL_Driver/Inc/Legacy -I../Drivers/CMSIS/Device/ST/STM32F4xx/Include -I../Drivers/CMSIS/Include -I../USB_DEVICE/App -I../USB_DEVICE/Target -I../Middlewares/ST/STM32_USB_Device_Library/Core/Inc -I../Middlewares/ST/STM32_USB_Device_Library/Class/CDC/Inc -O0 -ffunction-sections -fdata-sections -Wall -fstack-usage -fcyclomatic-complexity -MMD -MP -MF"Core/Src/main.d" -MT"Core/Src/main.o" --specs=nano.specs -mfpu=fpv4-sp-d16 -mfloat-abi=hard -mthumb -o "Core/Src/main.o"
../Core/Src/main.c: In function 'HAL_SPI_RxCpltCallback':
../Core/Src/main.c:411:17: warning: unused variable 'transmit_rx' [-Wunused-variable]
  411 |         uint8_t transmit_rx = SPI1->DR; // Read data, clearing RXNE
      |                 ^~~~~~~~~~~
../Core/Src/main.c:415:36: error: 'transmit_buff' undeclared (first use in this function); did you mean 'transmit_rx'?
  415 |         HAL_SPI_Receive_IT(&hspi1, transmit_buff, 1);
      |                                    ^~~~~~~~~~~~~
      |                                    transmit_rx
../Core/Src/main.c:415:36: note: each undeclared identifier is reported only once for each function it appears in
make: *** [Core/Src/subdir.mk:49: Core/Src/main.o] Error 1
"make -j3 all" terminated with exit code 2. Build might be incomplete.
22:32:19 **** Incremental Build of configuration Debug for project SRAD_Telemetry ****
make -j3 all 
arm-none-eabi-gcc "../Core/Src/main.c" -mcpu=cortex-m4 -std=gnu11 -g3 -DDEBUG -DUSE_HAL_DRIVER -DSTM32F411xE -c -I../Core/Inc -I../Drivers/STM32F4xx_HAL_Driver/Inc -I../Drivers/STM32F4xx_HAL_Driver/Inc/Legacy -I../Drivers/CMSIS/Device/ST/STM32F4xx/Include -I../Drivers/CMSIS/Include -I../USB_DEVICE/App -I../USB_DEVICE/Target -I../Middlewares/ST/STM32_USB_Device_Library/Core/Inc -I../Middlewares/ST/STM32_USB_Device_Library/Class/CDC/Inc -O0 -ffunction-sections -fdata-sections -Wall -fstack-usage -fcyclomatic-complexity -MMD -MP -MF"Core/Src/main.d" -MT"Core/Src/main.o" --specs=nano.specs -mfpu=fpv4-sp-d16 -mfloat-abi=hard -mthumb -o "Core/Src/main.o"
../Core/Src/main.c: In function 'HAL_SPI_RxCpltCallback':
../Core/Src/main.c:411:17: warning: unused variable 'transmit_rx' [-Wunused-variable]
  411 |         uint8_t transmit_rx = SPI1->DR; // Read data, clearing RXNE
      |                 ^~~~~~~~~~~
../Core/Src/main.c:415:36: error: 'transmit_buff' undeclared (first use in this function); did you mean 'transmit_rx'?
  415 |         HAL_SPI_Receive_IT(&hspi1, transmit_buff, 1);
      |                                    ^~~~~~~~~~~~~
      |                                    transmit_rx
../Core/Src/main.c:415:36: note: each undeclared identifier is reported only once for each function it appears in
make: *** [Core/Src/subdir.mk:49: Core/Src/main.o] Error 1
"make -j3 all" terminated with exit code 2. Build might be incomplete.
22:32:27 **** Incremental Build of configuration Debug for project SRAD_Telemetry ****
make -j3 all 
arm-none-eabi-gcc "../Core/Src/main.c" -mcpu=cortex-m4 -std=gnu11 -g3 -DDEBUG -DUSE_HAL_DRIVER -DSTM32F411xE -c -I../Core/Inc -I../Drivers/STM32F4xx_HAL_Driver/Inc -I../Drivers/STM32F4xx_HAL_Driver/Inc/Legacy -I../Drivers/CMSIS/Device/ST/STM32F4xx/Include -I../Drivers/CMSIS/Include -I../USB_DEVICE/App -I../USB_DEVICE/Target -I../Middlewares/ST/STM32_USB_Device_Library/Core/Inc -I../Middlewares/ST/STM32_USB_Device_Library/Class/CDC/Inc -O0 -ffunction-sections -fdata-sections -Wall -fstack-usage -fcyclomatic-complexity -MMD -MP -MF"Core/Src/main.d" -MT"Core/Src/main.o" --specs=nano.specs -mfpu=fpv4-sp-d16 -mfloat-abi=hard -mthumb -o "Core/Src/main.o"
../Core/Src/main.c: In function 'HAL_SPI_RxCpltCallback':
../Core/Src/main.c:411:17: warning: unused variable 'transmit_rx' [-Wunused-variable]
  411 |         uint8_t transmit_rx = SPI1->DR; // Read data, clearing RXNE
      |                 ^~~~~~~~~~~
../Core/Src/main.c:415:36: warning: passing argument 2 of 'HAL_SPI_Receive_IT' makes pointer from integer without a cast [-Wint-conversion]
  415 |         HAL_SPI_Receive_IT(&hspi1, transmit_rx, 1);
      |                                    ^~~~~~~~~~~
      |                                    |
      |                                    uint8_t {aka unsigned char}
In file included from ../Core/Inc/stm32f4xx_hal_conf.h:403,
                 from ../Drivers/STM32F4xx_HAL_Driver/Inc/stm32f4xx_hal.h:29,
                 from ../Core/Inc/main.h:30,
                 from ../Core/Src/main.c:20:
../Drivers/STM32F4xx_HAL_Driver/Inc/stm32f4xx_hal_spi.h:675:72: note: expected 'uint8_t *' {aka 'unsigned char *'} but argument is of type 'uint8_t' {aka 'unsigned char'}
  675 | HAL_StatusTypeDef HAL_SPI_Receive_IT(SPI_HandleTypeDef *hspi, uint8_t *pData, uint16_t Size);
      |                                                               ~~~~~~~~~^~~~~
arm-none-eabi-gcc -o "SRAD_Telemetry.elf" @"objects.list"   -mcpu=cortex-m4 -T"/Users/Zarina/STM32CubeIDE/workspace_1.16.1/SRAD_Telemetry/STM32F411CEUX_FLASH.ld" --specs=nosys.specs -Wl,-Map="SRAD_Telemetry.map" -Wl,--gc-sections -static --specs=nano.specs -mfpu=fpv4-sp-d16 -mfloat-abi=hard -mthumb -Wl,--start-group -lc -lm -Wl,--end-group
Finished building target: SRAD_Telemetry.elf
 
arm-none-eabi-size  SRAD_Telemetry.elf 
arm-none-eabi-objdump -h -S SRAD_Telemetry.elf  > "SRAD_Telemetry.list"
   text	   data	    bss	    dec	    hex	filename
  37868	    252	   8956	  47076	   b7e4	SRAD_Telemetry.elf
Finished building: default.size.stdout
 
Finished building: SRAD_Telemetry.list
 
22:37:50 **** Incremental Build of configuration Debug for project SRAD_Telemetry ****
make -j3 all 
arm-none-eabi-gcc "../Core/Src/main.c" -mcpu=cortex-m4 -std=gnu11 -g3 -DDEBUG -DUSE_HAL_DRIVER -DSTM32F411xE -c -I../Core/Inc -I../Drivers/STM32F4xx_HAL_Driver/Inc -I../Drivers/STM32F4xx_HAL_Driver/Inc/Legacy -I../Drivers/CMSIS/Device/ST/STM32F4xx/Include -I../Drivers/CMSIS/Include -I../USB_DEVICE/App -I../USB_DEVICE/Target -I../Middlewares/ST/STM32_USB_Device_Library/Core/Inc -I../Middlewares/ST/STM32_USB_Device_Library/Class/CDC/Inc -O0 -ffunction-sections -fdata-sections -Wall -fstack-usage -fcyclomatic-complexity -MMD -MP -MF"Core/Src/main.d" -MT"Core/Src/main.o" --specs=nano.specs -mfpu=fpv4-sp-d16 -mfloat-abi=hard -mthumb -o "Core/Src/main.o"
../Core/Src/main.c: In function 'HAL_SPI_RxCpltCallback':
../Core/Src/main.c:411:17: warning: unused variable 'transmit_rx' [-Wunused-variable]
  411 |         uint8_t transmit_rx = SPI1->DR; // Read data, clearing RXNE
      |                 ^~~~~~~~~~~
arm-none-eabi-gcc -o "SRAD_Telemetry.elf" @"objects.list"   -mcpu=cortex-m4 -T"/Users/Zarina/STM32CubeIDE/workspace_1.16.1/SRAD_Telemetry/STM32F411CEUX_FLASH.ld" --specs=nosys.specs -Wl,-Map="SRAD_Telemetry.map" -Wl,--gc-sections -static --specs=nano.specs -mfpu=fpv4-sp-d16 -mfloat-abi=hard -mthumb -Wl,--start-group -lc -lm -Wl,--end-group
Finished building target: SRAD_Telemetry.elf
 
arm-none-eabi-size  SRAD_Telemetry.elf 
arm-none-eabi-objdump -h -S SRAD_Telemetry.elf  > "SRAD_Telemetry.list"
   text	   data	    bss	    dec	    hex	filename
  37868	    252	   8956	  47076	   b7e4	SRAD_Telemetry.elf
Finished building: default.size.stdout
 
Finished building: SRAD_Telemetry.list
 
23:20:47 **** Incremental Build of configuration Debug for project SRAD_Telemetry ****
make -j3 all 
arm-none-eabi-gcc "../Core/Src/main.c" -mcpu=cortex-m4 -std=gnu11 -g3 -DDEBUG -DUSE_HAL_DRIVER -DSTM32F411xE -c -I../Core/Inc -I../Drivers/STM32F4xx_HAL_Driver/Inc -I../Drivers/STM32F4xx_HAL_Driver/Inc/Legacy -I../Drivers/CMSIS/Device/ST/STM32F4xx/Include -I../Drivers/CMSIS/Include -I../USB_DEVICE/App -I../USB_DEVICE/Target -I../Middlewares/ST/STM32_USB_Device_Library/Core/Inc -I../Middlewares/ST/STM32_USB_Device_Library/Class/CDC/Inc -O0 -ffunction-sections -fdata-sections -Wall -fstack-usage -fcyclomatic-complexity -MMD -MP -MF"Core/Src/main.d" -MT"Core/Src/main.o" --specs=nano.specs -mfpu=fpv4-sp-d16 -mfloat-abi=hard -mthumb -o "Core/Src/main.o"
../Core/Src/main.c: In function 'main':
../Core/Src/main.c:147:51: error: 'transmit_buff' undeclared (first use in this function); did you mean 'transmit_rx'?
  147 |   HAL_SPI_Receive_IT(&hspi1, &transmit_rx, sizeof(transmit_buff));
      |                                                   ^~~~~~~~~~~~~
      |                                                   transmit_rx
../Core/Src/main.c:147:51: note: each undeclared identifier is reported only once for each function it appears in
../Core/Src/main.c: In function 'HAL_SPI_RxCpltCallback':
../Core/Src/main.c:411:17: warning: unused variable 'transmit_rx' [-Wunused-variable]
  411 |         uint8_t transmit_rx = SPI1->DR; // Read data, clearing RXNE
      |                 ^~~~~~~~~~~
make: *** [Core/Src/subdir.mk:49: Core/Src/main.o] Error 1
"make -j3 all" terminated with exit code 2. Build might be incomplete.
23:21:27 **** Incremental Build of configuration Debug for project SRAD_Telemetry ****
make -j3 all 
arm-none-eabi-gcc "../Core/Src/main.c" -mcpu=cortex-m4 -std=gnu11 -g3 -DDEBUG -DUSE_HAL_DRIVER -DSTM32F411xE -c -I../Core/Inc -I../Drivers/STM32F4xx_HAL_Driver/Inc -I../Drivers/STM32F4xx_HAL_Driver/Inc/Legacy -I../Drivers/CMSIS/Device/ST/STM32F4xx/Include -I../Drivers/CMSIS/Include -I../USB_DEVICE/App -I../USB_DEVICE/Target -I../Middlewares/ST/STM32_USB_Device_Library/Core/Inc -I../Middlewares/ST/STM32_USB_Device_Library/Class/CDC/Inc -O0 -ffunction-sections -fdata-sections -Wall -fstack-usage -fcyclomatic-complexity -MMD -MP -MF"Core/Src/main.d" -MT"Core/Src/main.o" --specs=nano.specs -mfpu=fpv4-sp-d16 -mfloat-abi=hard -mthumb -o "Core/Src/main.o"
../Core/Src/main.c: In function 'HAL_SPI_RxCpltCallback':
../Core/Src/main.c:411:17: warning: unused variable 'transmit_rx' [-Wunused-variable]
  411 |         uint8_t transmit_rx = SPI1->DR; // Read data, clearing RXNE
      |                 ^~~~~~~~~~~
arm-none-eabi-gcc -o "SRAD_Telemetry.elf" @"objects.list"   -mcpu=cortex-m4 -T"/Users/Zarina/STM32CubeIDE/workspace_1.16.1/SRAD_Telemetry/STM32F411CEUX_FLASH.ld" --specs=nosys.specs -Wl,-Map="SRAD_Telemetry.map" -Wl,--gc-sections -static --specs=nano.specs -mfpu=fpv4-sp-d16 -mfloat-abi=hard -mthumb -Wl,--start-group -lc -lm -Wl,--end-group
Finished building target: SRAD_Telemetry.elf
 
arm-none-eabi-size  SRAD_Telemetry.elf 
arm-none-eabi-objdump -h -S SRAD_Telemetry.elf  > "SRAD_Telemetry.list"
   text	   data	    bss	    dec	    hex	filename
  39456	    252	   8956	  48664	   be18	SRAD_Telemetry.elf
Finished building: default.size.stdout
 
Finished building: SRAD_Telemetry.list
 
23:21:34 **** Incremental Build of configuration Debug for project SRAD_Telemetry ****
make -j3 all 
arm-none-eabi-gcc "../Core/Src/main.c" -mcpu=cortex-m4 -std=gnu11 -g3 -DDEBUG -DUSE_HAL_DRIVER -DSTM32F411xE -c -I../Core/Inc -I../Drivers/STM32F4xx_HAL_Driver/Inc -I../Drivers/STM32F4xx_HAL_Driver/Inc/Legacy -I../Drivers/CMSIS/Device/ST/STM32F4xx/Include -I../Drivers/CMSIS/Include -I../USB_DEVICE/App -I../USB_DEVICE/Target -I../Middlewares/ST/STM32_USB_Device_Library/Core/Inc -I../Middlewares/ST/STM32_USB_Device_Library/Class/CDC/Inc -O0 -ffunction-sections -fdata-sections -Wall -fstack-usage -fcyclomatic-complexity -MMD -MP -MF"Core/Src/main.d" -MT"Core/Src/main.o" --specs=nano.specs -mfpu=fpv4-sp-d16 -mfloat-abi=hard -mthumb -o "Core/Src/main.o"
../Core/Src/main.c: In function 'HAL_SPI_RxCpltCallback':
../Core/Src/main.c:411:17: warning: unused variable 'transmit_rx' [-Wunused-variable]
  411 |         uint8_t transmit_rx = SPI1->DR; // Read data, clearing RXNE
      |                 ^~~~~~~~~~~
arm-none-eabi-gcc -o "SRAD_Telemetry.elf" @"objects.list"   -mcpu=cortex-m4 -T"/Users/Zarina/STM32CubeIDE/workspace_1.16.1/SRAD_Telemetry/STM32F411CEUX_FLASH.ld" --specs=nosys.specs -Wl,-Map="SRAD_Telemetry.map" -Wl,--gc-sections -static --specs=nano.specs -mfpu=fpv4-sp-d16 -mfloat-abi=hard -mthumb -Wl,--start-group -lc -lm -Wl,--end-group
Finished building target: SRAD_Telemetry.elf
 
arm-none-eabi-size  SRAD_Telemetry.elf 
arm-none-eabi-objdump -h -S SRAD_Telemetry.elf  > "SRAD_Telemetry.list"
   text	   data	    bss	    dec	    hex	filename
  39456	    252	   8956	  48664	   be18	SRAD_Telemetry.elf
Finished building: default.size.stdout
 
Finished building: SRAD_Telemetry.list
 
23:21:46 **** Incremental Build of configuration Debug for project SRAD_Telemetry ****
make -j3 all 
arm-none-eabi-size  SRAD_Telemetry.elf 
   text	   data	    bss	    dec	    hex	filename
  39456	    252	   8956	  48664	   be18	SRAD_Telemetry.elf
Finished building: default.size.stdout
 
23:28:57 **** Incremental Build of configuration Debug for project SRAD_Telemetry ****
make -j3 all 
arm-none-eabi-gcc "../Core/Src/main.c" -mcpu=cortex-m4 -std=gnu11 -g3 -DDEBUG -DUSE_HAL_DRIVER -DSTM32F411xE -c -I../Core/Inc -I../Drivers/STM32F4xx_HAL_Driver/Inc -I../Drivers/STM32F4xx_HAL_Driver/Inc/Legacy -I../Drivers/CMSIS/Device/ST/STM32F4xx/Include -I../Drivers/CMSIS/Include -I../USB_DEVICE/App -I../USB_DEVICE/Target -I../Middlewares/ST/STM32_USB_Device_Library/Core/Inc -I../Middlewares/ST/STM32_USB_Device_Library/Class/CDC/Inc -O0 -ffunction-sections -fdata-sections -Wall -fstack-usage -fcyclomatic-complexity -MMD -MP -MF"Core/Src/main.d" -MT"Core/Src/main.o" --specs=nano.specs -mfpu=fpv4-sp-d16 -mfloat-abi=hard -mthumb -o "Core/Src/main.o"
../Core/Src/main.c: In function 'main':
../Core/Src/main.c:94:11: warning: unused variable 'transmitter' [-Wunused-variable]
   94 |  e22trans transmitter = {
      |           ^~~~~~~~~~~
../Core/Src/main.c: In function 'HAL_SPI_RxCpltCallback':
../Core/Src/main.c:411:17: warning: unused variable 'transmit_rx' [-Wunused-variable]
  411 |         uint8_t transmit_rx = SPI1->DR; // Read data, clearing RXNE
      |                 ^~~~~~~~~~~
arm-none-eabi-gcc -o "SRAD_Telemetry.elf" @"objects.list"   -mcpu=cortex-m4 -T"/Users/Zarina/STM32CubeIDE/workspace_1.16.1/SRAD_Telemetry/STM32F411CEUX_FLASH.ld" --specs=nosys.specs -Wl,-Map="SRAD_Telemetry.map" -Wl,--gc-sections -static --specs=nano.specs -mfpu=fpv4-sp-d16 -mfloat-abi=hard -mthumb -Wl,--start-group -lc -lm -Wl,--end-group
Finished building target: SRAD_Telemetry.elf
 
arm-none-eabi-size  SRAD_Telemetry.elf 
arm-none-eabi-objdump -h -S SRAD_Telemetry.elf  > "SRAD_Telemetry.list"
   text	   data	    bss	    dec	    hex	filename
  33708	    252	   8956	  42916	   a7a4	SRAD_Telemetry.elf
Finished building: default.size.stdout
 
Finished building: SRAD_Telemetry.list
 
23:45:47 **** Incremental Build of configuration Debug for project SRAD_Telemetry ****
make -j3 all 
arm-none-eabi-gcc "../Core/Src/main.c" -mcpu=cortex-m4 -std=gnu11 -g3 -DDEBUG -DUSE_HAL_DRIVER -DSTM32F411xE -c -I../Core/Inc -I../Drivers/STM32F4xx_HAL_Driver/Inc -I../Drivers/STM32F4xx_HAL_Driver/Inc/Legacy -I../Drivers/CMSIS/Device/ST/STM32F4xx/Include -I../Drivers/CMSIS/Include -I../USB_DEVICE/App -I../USB_DEVICE/Target -I../Middlewares/ST/STM32_USB_Device_Library/Core/Inc -I../Middlewares/ST/STM32_USB_Device_Library/Class/CDC/Inc -O0 -ffunction-sections -fdata-sections -Wall -fstack-usage -fcyclomatic-complexity -MMD -MP -MF"Core/Src/main.d" -MT"Core/Src/main.o" --specs=nano.specs -mfpu=fpv4-sp-d16 -mfloat-abi=hard -mthumb -o "Core/Src/main.o"
../Core/Src/main.c: In function 'main':
../Core/Src/main.c:147:48: error: 'gps_buff' undeclared (first use in this function); did you mean 'gpsBuff'?
  147 |   HAL_UART_Receive_IT(&huart2, gpsBuff, sizeof(gps_buff));
      |                                                ^~~~~~~~
      |                                                gpsBuff
../Core/Src/main.c:147:48: note: each undeclared identifier is reported only once for each function it appears in
../Core/Src/main.c:95:11: warning: unused variable 'transmitter' [-Wunused-variable]
   95 |  e22trans transmitter = {
      |           ^~~~~~~~~~~
../Core/Src/main.c: In function 'HAL_SPI_RxCpltCallback':
../Core/Src/main.c:412:17: warning: unused variable 'transmit_rx' [-Wunused-variable]
  412 |         uint8_t transmit_rx = SPI1->DR; // Read data, clearing RXNE
      |                 ^~~~~~~~~~~
../Core/Src/main.c:416:37: error: 'transmit_rx' undeclared (first use in this function); did you mean 'transmitIndex'?
  416 |         HAL_SPI_Receive_IT(&hspi1, &transmit_rx, 1);
      |                                     ^~~~~~~~~~~
      |                                     transmitIndex
../Core/Src/main.c: In function 'HAL_UART_RxCpltCallback':
../Core/Src/main.c:425:54: error: 'gps_buff' undeclared (first use in this function); did you mean 'gpsBuff'?
  425 |         HAL_UART_Receive_IT(&huart2, gpsBuff, sizeof(gps_buff)); // 10 bytes or your buffer size
      |                                                      ^~~~~~~~
      |                                                      gpsBuff
make: *** [Core/Src/subdir.mk:49: Core/Src/main.o] Error 1
"make -j3 all" terminated with exit code 2. Build might be incomplete.
23:46:52 **** Incremental Build of configuration Debug for project SRAD_Telemetry ****
make -j3 all 
arm-none-eabi-gcc "../Core/Src/main.c" -mcpu=cortex-m4 -std=gnu11 -g3 -DDEBUG -DUSE_HAL_DRIVER -DSTM32F411xE -c -I../Core/Inc -I../Drivers/STM32F4xx_HAL_Driver/Inc -I../Drivers/STM32F4xx_HAL_Driver/Inc/Legacy -I../Drivers/CMSIS/Device/ST/STM32F4xx/Include -I../Drivers/CMSIS/Include -I../USB_DEVICE/App -I../USB_DEVICE/Target -I../Middlewares/ST/STM32_USB_Device_Library/Core/Inc -I../Middlewares/ST/STM32_USB_Device_Library/Class/CDC/Inc -O0 -ffunction-sections -fdata-sections -Wall -fstack-usage -fcyclomatic-complexity -MMD -MP -MF"Core/Src/main.d" -MT"Core/Src/main.o" --specs=nano.specs -mfpu=fpv4-sp-d16 -mfloat-abi=hard -mthumb -o "Core/Src/main.o"
../Core/Src/main.c: In function 'main':
../Core/Src/main.c:95:11: warning: unused variable 'transmitter' [-Wunused-variable]
   95 |  e22trans transmitter = {
      |           ^~~~~~~~~~~
../Core/Src/main.c: In function 'HAL_SPI_RxCpltCallback':
../Core/Src/main.c:412:17: warning: unused variable 'transmit_rx' [-Wunused-variable]
  412 |         uint8_t transmit_rx = SPI1->DR; // Read data, clearing RXNE
      |                 ^~~~~~~~~~~
../Core/Src/main.c:416:37: error: 'transmit_rx' undeclared (first use in this function); did you mean 'transmitIndex'?
  416 |         HAL_SPI_Receive_IT(&hspi1, &transmit_rx, 1);
      |                                     ^~~~~~~~~~~
      |                                     transmitIndex
../Core/Src/main.c:416:37: note: each undeclared identifier is reported only once for each function it appears in
make: *** [Core/Src/subdir.mk:49: Core/Src/main.o] Error 1
"make -j3 all" terminated with exit code 2. Build might be incomplete.
23:47:18 **** Incremental Build of configuration Debug for project SRAD_Telemetry ****
make -j3 all 
arm-none-eabi-gcc "../Core/Src/main.c" -mcpu=cortex-m4 -std=gnu11 -g3 -DDEBUG -DUSE_HAL_DRIVER -DSTM32F411xE -c -I../Core/Inc -I../Drivers/STM32F4xx_HAL_Driver/Inc -I../Drivers/STM32F4xx_HAL_Driver/Inc/Legacy -I../Drivers/CMSIS/Device/ST/STM32F4xx/Include -I../Drivers/CMSIS/Include -I../USB_DEVICE/App -I../USB_DEVICE/Target -I../Middlewares/ST/STM32_USB_Device_Library/Core/Inc -I../Middlewares/ST/STM32_USB_Device_Library/Class/CDC/Inc -O0 -ffunction-sections -fdata-sections -Wall -fstack-usage -fcyclomatic-complexity -MMD -MP -MF"Core/Src/main.d" -MT"Core/Src/main.o" --specs=nano.specs -mfpu=fpv4-sp-d16 -mfloat-abi=hard -mthumb -o "Core/Src/main.o"
../Core/Src/main.c: In function 'main':
../Core/Src/main.c:95:11: warning: unused variable 'transmitter' [-Wunused-variable]
   95 |  e22trans transmitter = {
      |           ^~~~~~~~~~~
arm-none-eabi-gcc -o "SRAD_Telemetry.elf" @"objects.list"   -mcpu=cortex-m4 -T"/Users/Zarina/STM32CubeIDE/workspace_1.16.1/SRAD_Telemetry/STM32F411CEUX_FLASH.ld" --specs=nosys.specs -Wl,-Map="SRAD_Telemetry.map" -Wl,--gc-sections -static --specs=nano.specs -mfpu=fpv4-sp-d16 -mfloat-abi=hard -mthumb -Wl,--start-group -lc -lm -Wl,--end-group
Finished building target: SRAD_Telemetry.elf
 
arm-none-eabi-size  SRAD_Telemetry.elf 
arm-none-eabi-objdump -h -S SRAD_Telemetry.elf  > "SRAD_Telemetry.list"
   text	   data	    bss	    dec	    hex	filename
  33708	    252	   8972	  42932	   a7b4	SRAD_Telemetry.elf
Finished building: default.size.stdout
 
Finished building: SRAD_Telemetry.list
 
23:48:49 **** Incremental Build of configuration Debug for project SRAD_Telemetry ****
make -j3 all 
arm-none-eabi-gcc "../Core/Src/main.c" -mcpu=cortex-m4 -std=gnu11 -g3 -DDEBUG -DUSE_HAL_DRIVER -DSTM32F411xE -c -I../Core/Inc -I../Drivers/STM32F4xx_HAL_Driver/Inc -I../Drivers/STM32F4xx_HAL_Driver/Inc/Legacy -I../Drivers/CMSIS/Device/ST/STM32F4xx/Include -I../Drivers/CMSIS/Include -I../USB_DEVICE/App -I../USB_DEVICE/Target -I../Middlewares/ST/STM32_USB_Device_Library/Core/Inc -I../Middlewares/ST/STM32_USB_Device_Library/Class/CDC/Inc -O0 -ffunction-sections -fdata-sections -Wall -fstack-usage -fcyclomatic-complexity -MMD -MP -MF"Core/Src/main.d" -MT"Core/Src/main.o" --specs=nano.specs -mfpu=fpv4-sp-d16 -mfloat-abi=hard -mthumb -o "Core/Src/main.o"
../Core/Src/main.c: In function 'main':
../Core/Src/main.c:95:11: warning: unused variable 'transmitter' [-Wunused-variable]
   95 |  e22trans transmitter = {
      |           ^~~~~~~~~~~
../Core/Src/main.c: In function 'HAL_UART_RxCpltCallback':
../Core/Src/main.c:439:21: warning: implicit declaration of function 'ProcessGpsSentence' [-Wimplicit-function-declaration]
  439 |                     ProcessGpsSentence(gpsBuff);
      |                     ^~~~~~~~~~~~~~~~~~
../Core/Src/main.c:442:21: error: 'gps_index' undeclared (first use in this function); did you mean 'gpsIndex'?
  442 |                     gps_index = 0;
      |                     ^~~~~~~~~
      |                     gpsIndex
../Core/Src/main.c:442:21: note: each undeclared identifier is reported only once for each function it appears in
../Core/Src/main.c:448:38: error: 'MAX_GPS_BUFFER_SIZE' undeclared (first use in this function); did you mean 'IS_DMA_BUFFER_SIZE'?
  448 |                     if (gps_index >= MAX_GPS_BUFFER_SIZE)
      |                                      ^~~~~~~~~~~~~~~~~~~
      |                                      IS_DMA_BUFFER_SIZE
../Core/Src/main.c:456:45: error: 'gps_buffer' undeclared (first use in this function); did you mean 'gpsBuff'?
  456 |                 HAL_UART_Receive_IT(huart, &gps_buffer[gps_index], 1);
      |                                             ^~~~~~~~~~
      |                                             gpsBuff
make: *** [Core/Src/subdir.mk:49: Core/Src/main.o] Error 1
"make -j3 all" terminated with exit code 2. Build might be incomplete.
23:49:19 **** Incremental Build of configuration Debug for project SRAD_Telemetry ****
make -j3 all 
arm-none-eabi-gcc "../Core/Src/main.c" -mcpu=cortex-m4 -std=gnu11 -g3 -DDEBUG -DUSE_HAL_DRIVER -DSTM32F411xE -c -I../Core/Inc -I../Drivers/STM32F4xx_HAL_Driver/Inc -I../Drivers/STM32F4xx_HAL_Driver/Inc/Legacy -I../Drivers/CMSIS/Device/ST/STM32F4xx/Include -I../Drivers/CMSIS/Include -I../USB_DEVICE/App -I../USB_DEVICE/Target -I../Middlewares/ST/STM32_USB_Device_Library/Core/Inc -I../Middlewares/ST/STM32_USB_Device_Library/Class/CDC/Inc -O0 -ffunction-sections -fdata-sections -Wall -fstack-usage -fcyclomatic-complexity -MMD -MP -MF"Core/Src/main.d" -MT"Core/Src/main.o" --specs=nano.specs -mfpu=fpv4-sp-d16 -mfloat-abi=hard -mthumb -o "Core/Src/main.o"
../Core/Src/main.c: In function 'main':
../Core/Src/main.c:95:11: warning: unused variable 'transmitter' [-Wunused-variable]
   95 |  e22trans transmitter = {
      |           ^~~~~~~~~~~
../Core/Src/main.c: In function 'HAL_UART_RxCpltCallback':
../Core/Src/main.c:439:21: warning: implicit declaration of function 'ProcessGpsSentence' [-Wimplicit-function-declaration]
  439 |                     ProcessGpsSentence(gpsBuff);
      |                     ^~~~~~~~~~~~~~~~~~
../Core/Src/main.c:451:25: error: 'gps_index' undeclared (first use in this function); did you mean 'gpsIndex'?
  451 |                         gps_index = 0;  // Reset buffer index or handle error
      |                         ^~~~~~~~~
      |                         gpsIndex
../Core/Src/main.c:451:25: note: each undeclared identifier is reported only once for each function it appears in
../Core/Src/main.c:456:45: error: 'gps_buffer' undeclared (first use in this function); did you mean 'gpsBuff'?
  456 |                 HAL_UART_Receive_IT(huart, &gps_buffer[gps_index], 1);
      |                                             ^~~~~~~~~~
      |                                             gpsBuff
make: *** [Core/Src/subdir.mk:49: Core/Src/main.o] Error 1
"make -j3 all" terminated with exit code 2. Build might be incomplete.
23:49:39 **** Incremental Build of configuration Debug for project SRAD_Telemetry ****
make -j3 all 
arm-none-eabi-gcc "../Core/Src/main.c" -mcpu=cortex-m4 -std=gnu11 -g3 -DDEBUG -DUSE_HAL_DRIVER -DSTM32F411xE -c -I../Core/Inc -I../Drivers/STM32F4xx_HAL_Driver/Inc -I../Drivers/STM32F4xx_HAL_Driver/Inc/Legacy -I../Drivers/CMSIS/Device/ST/STM32F4xx/Include -I../Drivers/CMSIS/Include -I../USB_DEVICE/App -I../USB_DEVICE/Target -I../Middlewares/ST/STM32_USB_Device_Library/Core/Inc -I../Middlewares/ST/STM32_USB_Device_Library/Class/CDC/Inc -O0 -ffunction-sections -fdata-sections -Wall -fstack-usage -fcyclomatic-complexity -MMD -MP -MF"Core/Src/main.d" -MT"Core/Src/main.o" --specs=nano.specs -mfpu=fpv4-sp-d16 -mfloat-abi=hard -mthumb -o "Core/Src/main.o"
../Core/Src/main.c: In function 'main':
../Core/Src/main.c:95:11: warning: unused variable 'transmitter' [-Wunused-variable]
   95 |  e22trans transmitter = {
      |           ^~~~~~~~~~~
../Core/Src/main.c: In function 'HAL_UART_RxCpltCallback':
../Core/Src/main.c:439:21: warning: implicit declaration of function 'ProcessGpsSentence' [-Wimplicit-function-declaration]
  439 |                     ProcessGpsSentence(gpsBuff);
      |                     ^~~~~~~~~~~~~~~~~~
../Core/Src/main.c:456:45: error: 'gpsBuffer' undeclared (first use in this function); did you mean 'gpsBuff'?
  456 |                 HAL_UART_Receive_IT(huart, &gpsBuffer[gpsIndex], 1);
      |                                             ^~~~~~~~~
      |                                             gpsBuff
../Core/Src/main.c:456:45: note: each undeclared identifier is reported only once for each function it appears in
make: *** [Core/Src/subdir.mk:49: Core/Src/main.o] Error 1
"make -j3 all" terminated with exit code 2. Build might be incomplete.
23:49:47 **** Incremental Build of configuration Debug for project SRAD_Telemetry ****
make -j3 all 
arm-none-eabi-gcc "../Core/Src/main.c" -mcpu=cortex-m4 -std=gnu11 -g3 -DDEBUG -DUSE_HAL_DRIVER -DSTM32F411xE -c -I../Core/Inc -I../Drivers/STM32F4xx_HAL_Driver/Inc -I../Drivers/STM32F4xx_HAL_Driver/Inc/Legacy -I../Drivers/CMSIS/Device/ST/STM32F4xx/Include -I../Drivers/CMSIS/Include -I../USB_DEVICE/App -I../USB_DEVICE/Target -I../Middlewares/ST/STM32_USB_Device_Library/Core/Inc -I../Middlewares/ST/STM32_USB_Device_Library/Class/CDC/Inc -O0 -ffunction-sections -fdata-sections -Wall -fstack-usage -fcyclomatic-complexity -MMD -MP -MF"Core/Src/main.d" -MT"Core/Src/main.o" --specs=nano.specs -mfpu=fpv4-sp-d16 -mfloat-abi=hard -mthumb -o "Core/Src/main.o"
../Core/Src/main.c: In function 'main':
../Core/Src/main.c:95:11: warning: unused variable 'transmitter' [-Wunused-variable]
   95 |  e22trans transmitter = {
      |           ^~~~~~~~~~~
../Core/Src/main.c: In function 'HAL_UART_RxCpltCallback':
../Core/Src/main.c:439:21: warning: implicit declaration of function 'ProcessGpsSentence' [-Wimplicit-function-declaration]
  439 |                     ProcessGpsSentence(gpsBuff);
      |                     ^~~~~~~~~~~~~~~~~~
../Core/Src/main.c:456:37: error: 'huart1' undeclared (first use in this function); did you mean 'huart'?
  456 |                 HAL_UART_Receive_IT(huart1, &gpsBuffer[gpsIndex], 1);
      |                                     ^~~~~~
      |                                     huart
../Core/Src/main.c:456:37: note: each undeclared identifier is reported only once for each function it appears in
../Core/Src/main.c:456:46: error: 'gpsBuffer' undeclared (first use in this function); did you mean 'gpsBuff'?
  456 |                 HAL_UART_Receive_IT(huart1, &gpsBuffer[gpsIndex], 1);
      |                                              ^~~~~~~~~
      |                                              gpsBuff
make: *** [Core/Src/subdir.mk:49: Core/Src/main.o] Error 1
"make -j3 all" terminated with exit code 2. Build might be incomplete.
23:50:42 **** Incremental Build of configuration Debug for project SRAD_Telemetry ****
make -j3 all 
arm-none-eabi-gcc "../Core/Src/main.c" -mcpu=cortex-m4 -std=gnu11 -g3 -DDEBUG -DUSE_HAL_DRIVER -DSTM32F411xE -c -I../Core/Inc -I../Drivers/STM32F4xx_HAL_Driver/Inc -I../Drivers/STM32F4xx_HAL_Driver/Inc/Legacy -I../Drivers/CMSIS/Device/ST/STM32F4xx/Include -I../Drivers/CMSIS/Include -I../USB_DEVICE/App -I../USB_DEVICE/Target -I../Middlewares/ST/STM32_USB_Device_Library/Core/Inc -I../Middlewares/ST/STM32_USB_Device_Library/Class/CDC/Inc -O0 -ffunction-sections -fdata-sections -Wall -fstack-usage -fcyclomatic-complexity -MMD -MP -MF"Core/Src/main.d" -MT"Core/Src/main.o" --specs=nano.specs -mfpu=fpv4-sp-d16 -mfloat-abi=hard -mthumb -o "Core/Src/main.o"
../Core/Src/main.c: In function 'main':
../Core/Src/main.c:95:11: warning: unused variable 'transmitter' [-Wunused-variable]
   95 |  e22trans transmitter = {
      |           ^~~~~~~~~~~
../Core/Src/main.c: In function 'HAL_UART_RxCpltCallback':
../Core/Src/main.c:439:21: warning: implicit declaration of function 'ProcessGpsSentence' [-Wimplicit-function-declaration]
  439 |                     ProcessGpsSentence(gpsBuff);
      |                     ^~~~~~~~~~~~~~~~~~
../Core/Src/main.c:456:45: error: 'gpsBuffer' undeclared (first use in this function); did you mean 'gpsBuff'?
  456 |                 HAL_UART_Receive_IT(huart2, gpsBuffer, sizeof(gpsBuffer));
      |                                             ^~~~~~~~~
      |                                             gpsBuff
../Core/Src/main.c:456:45: note: each undeclared identifier is reported only once for each function it appears in
../Core/Src/main.c:456:37: error: incompatible type for argument 1 of 'HAL_UART_Receive_IT'
  456 |                 HAL_UART_Receive_IT(huart2, gpsBuffer, sizeof(gpsBuffer));
      |                                     ^~~~~~
      |                                     |
      |                                     UART_HandleTypeDef {aka struct __UART_HandleTypeDef}
In file included from ../Core/Inc/stm32f4xx_hal_conf.h:411,
                 from ../Drivers/STM32F4xx_HAL_Driver/Inc/stm32f4xx_hal.h:29,
                 from ../Core/Inc/main.h:30,
                 from ../Core/Src/main.c:20:
../Drivers/STM32F4xx_HAL_Driver/Inc/stm32f4xx_hal_uart.h:748:59: note: expected 'UART_HandleTypeDef *' {aka 'struct __UART_HandleTypeDef *'} but argument is of type 'UART_HandleTypeDef' {aka 'struct __UART_HandleTypeDef'}
  748 | HAL_StatusTypeDef HAL_UART_Receive_IT(UART_HandleTypeDef *huart, uint8_t *pData, uint16_t Size);
      |                                       ~~~~~~~~~~~~~~~~~~~~^~~~~
make: *** [Core/Src/subdir.mk:49: Core/Src/main.o] Error 1
"make -j3 all" terminated with exit code 2. Build might be incomplete.
23:50:47 **** Incremental Build of configuration Debug for project SRAD_Telemetry ****
make -j3 all 
arm-none-eabi-gcc "../Core/Src/main.c" -mcpu=cortex-m4 -std=gnu11 -g3 -DDEBUG -DUSE_HAL_DRIVER -DSTM32F411xE -c -I../Core/Inc -I../Drivers/STM32F4xx_HAL_Driver/Inc -I../Drivers/STM32F4xx_HAL_Driver/Inc/Legacy -I../Drivers/CMSIS/Device/ST/STM32F4xx/Include -I../Drivers/CMSIS/Include -I../USB_DEVICE/App -I../USB_DEVICE/Target -I../Middlewares/ST/STM32_USB_Device_Library/Core/Inc -I../Middlewares/ST/STM32_USB_Device_Library/Class/CDC/Inc -O0 -ffunction-sections -fdata-sections -Wall -fstack-usage -fcyclomatic-complexity -MMD -MP -MF"Core/Src/main.d" -MT"Core/Src/main.o" --specs=nano.specs -mfpu=fpv4-sp-d16 -mfloat-abi=hard -mthumb -o "Core/Src/main.o"
../Core/Src/main.c: In function 'main':
../Core/Src/main.c:95:11: warning: unused variable 'transmitter' [-Wunused-variable]
   95 |  e22trans transmitter = {
      |           ^~~~~~~~~~~
../Core/Src/main.c: In function 'HAL_UART_RxCpltCallback':
../Core/Src/main.c:439:21: warning: implicit declaration of function 'ProcessGpsSentence' [-Wimplicit-function-declaration]
  439 |                     ProcessGpsSentence(gpsBuff);
      |                     ^~~~~~~~~~~~~~~~~~
../Core/Src/main.c:456:45: error: 'gpsBuffer' undeclared (first use in this function); did you mean 'gpsBuff'?
  456 |                 HAL_UART_Receive_IT(huart2, gpsBuffer, sizeof(gpsBuffer));
      |                                             ^~~~~~~~~
      |                                             gpsBuff
../Core/Src/main.c:456:45: note: each undeclared identifier is reported only once for each function it appears in
../Core/Src/main.c:456:37: error: incompatible type for argument 1 of 'HAL_UART_Receive_IT'
  456 |                 HAL_UART_Receive_IT(huart2, gpsBuffer, sizeof(gpsBuffer));
      |                                     ^~~~~~
      |                                     |
      |                                     UART_HandleTypeDef {aka struct __UART_HandleTypeDef}
In file included from ../Core/Inc/stm32f4xx_hal_conf.h:411,
                 from ../Drivers/STM32F4xx_HAL_Driver/Inc/stm32f4xx_hal.h:29,
                 from ../Core/Inc/main.h:30,
                 from ../Core/Src/main.c:20:
../Drivers/STM32F4xx_HAL_Driver/Inc/stm32f4xx_hal_uart.h:748:59: note: expected 'UART_HandleTypeDef *' {aka 'struct __UART_HandleTypeDef *'} but argument is of type 'UART_HandleTypeDef' {aka 'struct __UART_HandleTypeDef'}
  748 | HAL_StatusTypeDef HAL_UART_Receive_IT(UART_HandleTypeDef *huart, uint8_t *pData, uint16_t Size);
      |                                       ~~~~~~~~~~~~~~~~~~~~^~~~~
make: *** [Core/Src/subdir.mk:49: Core/Src/main.o] Error 1
"make -j3 all" terminated with exit code 2. Build might be incomplete.
23:50:59 **** Incremental Build of configuration Debug for project SRAD_Telemetry ****
make -j3 all 
arm-none-eabi-gcc "../Core/Src/main.c" -mcpu=cortex-m4 -std=gnu11 -g3 -DDEBUG -DUSE_HAL_DRIVER -DSTM32F411xE -c -I../Core/Inc -I../Drivers/STM32F4xx_HAL_Driver/Inc -I../Drivers/STM32F4xx_HAL_Driver/Inc/Legacy -I../Drivers/CMSIS/Device/ST/STM32F4xx/Include -I../Drivers/CMSIS/Include -I../USB_DEVICE/App -I../USB_DEVICE/Target -I../Middlewares/ST/STM32_USB_Device_Library/Core/Inc -I../Middlewares/ST/STM32_USB_Device_Library/Class/CDC/Inc -O0 -ffunction-sections -fdata-sections -Wall -fstack-usage -fcyclomatic-complexity -MMD -MP -MF"Core/Src/main.d" -MT"Core/Src/main.o" --specs=nano.specs -mfpu=fpv4-sp-d16 -mfloat-abi=hard -mthumb -o "Core/Src/main.o"
../Core/Src/main.c: In function 'main':
../Core/Src/main.c:95:11: warning: unused variable 'transmitter' [-Wunused-variable]
   95 |  e22trans transmitter = {
      |           ^~~~~~~~~~~
../Core/Src/main.c: In function 'HAL_UART_RxCpltCallback':
../Core/Src/main.c:439:21: warning: implicit declaration of function 'ProcessGpsSentence' [-Wimplicit-function-declaration]
  439 |                     ProcessGpsSentence(gpsBuff);
      |                     ^~~~~~~~~~~~~~~~~~
../Core/Src/main.c:456:46: error: 'gpsBuffer' undeclared (first use in this function); did you mean 'gpsBuff'?
  456 |                 HAL_UART_Receive_IT(&huart2, gpsBuffer, sizeof(gpsBuffer));
      |                                              ^~~~~~~~~
      |                                              gpsBuff
../Core/Src/main.c:456:46: note: each undeclared identifier is reported only once for each function it appears in
make: *** [Core/Src/subdir.mk:49: Core/Src/main.o] Error 1
"make -j3 all" terminated with exit code 2. Build might be incomplete.
23:51:03 **** Incremental Build of configuration Debug for project SRAD_Telemetry ****
make -j3 all 
arm-none-eabi-gcc "../Core/Src/main.c" -mcpu=cortex-m4 -std=gnu11 -g3 -DDEBUG -DUSE_HAL_DRIVER -DSTM32F411xE -c -I../Core/Inc -I../Drivers/STM32F4xx_HAL_Driver/Inc -I../Drivers/STM32F4xx_HAL_Driver/Inc/Legacy -I../Drivers/CMSIS/Device/ST/STM32F4xx/Include -I../Drivers/CMSIS/Include -I../USB_DEVICE/App -I../USB_DEVICE/Target -I../Middlewares/ST/STM32_USB_Device_Library/Core/Inc -I../Middlewares/ST/STM32_USB_Device_Library/Class/CDC/Inc -O0 -ffunction-sections -fdata-sections -Wall -fstack-usage -fcyclomatic-complexity -MMD -MP -MF"Core/Src/main.d" -MT"Core/Src/main.o" --specs=nano.specs -mfpu=fpv4-sp-d16 -mfloat-abi=hard -mthumb -o "Core/Src/main.o"
../Core/Src/main.c: In function 'main':
../Core/Src/main.c:95:11: warning: unused variable 'transmitter' [-Wunused-variable]
   95 |  e22trans transmitter = {
      |           ^~~~~~~~~~~
../Core/Src/main.c: In function 'HAL_UART_RxCpltCallback':
../Core/Src/main.c:439:21: warning: implicit declaration of function 'ProcessGpsSentence' [-Wimplicit-function-declaration]
  439 |                     ProcessGpsSentence(gpsBuff);
      |                     ^~~~~~~~~~~~~~~~~~
../Core/Src/main.c:456:46: error: 'gpsBuffer' undeclared (first use in this function); did you mean 'gpsBuff'?
  456 |                 HAL_UART_Receive_IT(&huart2, gpsBuffer, sizeof(gpsBuffer));
      |                                              ^~~~~~~~~
      |                                              gpsBuff
../Core/Src/main.c:456:46: note: each undeclared identifier is reported only once for each function it appears in
make: *** [Core/Src/subdir.mk:49: Core/Src/main.o] Error 1
"make -j3 all" terminated with exit code 2. Build might be incomplete.
23:51:17 **** Incremental Build of configuration Debug for project SRAD_Telemetry ****
make -j3 all 
arm-none-eabi-gcc "../Core/Src/main.c" -mcpu=cortex-m4 -std=gnu11 -g3 -DDEBUG -DUSE_HAL_DRIVER -DSTM32F411xE -c -I../Core/Inc -I../Drivers/STM32F4xx_HAL_Driver/Inc -I../Drivers/STM32F4xx_HAL_Driver/Inc/Legacy -I../Drivers/CMSIS/Device/ST/STM32F4xx/Include -I../Drivers/CMSIS/Include -I../USB_DEVICE/App -I../USB_DEVICE/Target -I../Middlewares/ST/STM32_USB_Device_Library/Core/Inc -I../Middlewares/ST/STM32_USB_Device_Library/Class/CDC/Inc -O0 -ffunction-sections -fdata-sections -Wall -fstack-usage -fcyclomatic-complexity -MMD -MP -MF"Core/Src/main.d" -MT"Core/Src/main.o" --specs=nano.specs -mfpu=fpv4-sp-d16 -mfloat-abi=hard -mthumb -o "Core/Src/main.o"
../Core/Src/main.c: In function 'main':
../Core/Src/main.c:95:11: warning: unused variable 'transmitter' [-Wunused-variable]
   95 |  e22trans transmitter = {
      |           ^~~~~~~~~~~
../Core/Src/main.c: In function 'HAL_UART_RxCpltCallback':
../Core/Src/main.c:439:21: warning: implicit declaration of function 'ProcessGpsSentence' [-Wimplicit-function-declaration]
  439 |                     ProcessGpsSentence(gpsBuff);
      |                     ^~~~~~~~~~~~~~~~~~
arm-none-eabi-gcc -o "SRAD_Telemetry.elf" @"objects.list"   -mcpu=cortex-m4 -T"/Users/Zarina/STM32CubeIDE/workspace_1.16.1/SRAD_Telemetry/STM32F411CEUX_FLASH.ld" --specs=nosys.specs -Wl,-Map="SRAD_Telemetry.map" -Wl,--gc-sections -static --specs=nano.specs -mfpu=fpv4-sp-d16 -mfloat-abi=hard -mthumb -Wl,--start-group -lc -lm -Wl,--end-group
/Applications/STM32CubeIDE.app/Contents/Eclipse/plugins/com.st.stm32cube.ide.mcu.externaltools.gnu-tools-for-stm32.12.3.rel1.macos64_1.0.200.202406191456/tools/bin/../lib/gcc/arm-none-eabi/12.3.1/../../../../arm-none-eabi/bin/ld: ./Core/Src/main.o: in function `HAL_UART_RxCpltCallback':
/Users/Zarina/STM32CubeIDE/workspace_1.16.1/SRAD_Telemetry/Debug/../Core/Src/main.c:439: undefined reference to `ProcessGpsSentence'
collect2: error: ld returned 1 exit status
make: *** [makefile:68: SRAD_Telemetry.elf] Error 1
"make -j3 all" terminated with exit code 2. Build might be incomplete.
00:01:30 **** Incremental Build of configuration Debug for project SRAD_Telemetry ****
make -j3 all 
arm-none-eabi-gcc "../Core/Src/main.c" -mcpu=cortex-m4 -std=gnu11 -g3 -DDEBUG -DUSE_HAL_DRIVER -DSTM32F411xE -c -I../Core/Inc -I../Drivers/STM32F4xx_HAL_Driver/Inc -I../Drivers/STM32F4xx_HAL_Driver/Inc/Legacy -I../Drivers/CMSIS/Device/ST/STM32F4xx/Include -I../Drivers/CMSIS/Include -I../USB_DEVICE/App -I../USB_DEVICE/Target -I../Middlewares/ST/STM32_USB_Device_Library/Core/Inc -I../Middlewares/ST/STM32_USB_Device_Library/Class/CDC/Inc -O0 -ffunction-sections -fdata-sections -Wall -fstack-usage -fcyclomatic-complexity -MMD -MP -MF"Core/Src/main.d" -MT"Core/Src/main.o" --specs=nano.specs -mfpu=fpv4-sp-d16 -mfloat-abi=hard -mthumb -o "Core/Src/main.o"
../Core/Src/main.c: In function 'main':
../Core/Src/main.c:159:18: error: 'sysFlag' undeclared (first use in this function)
  159 |           switch(sysFlag){
      |                  ^~~~~~~
../Core/Src/main.c:159:18: note: each undeclared identifier is reported only once for each function it appears in
../Core/Src/main.c:162:17: error: expected ':' or '...' before ';' token
  162 |           case 1; break;
      |                 ^
../Core/Src/main.c:95:11: warning: unused variable 'transmitter' [-Wunused-variable]
   95 |  e22trans transmitter = {
      |           ^~~~~~~~~~~
make: *** [Core/Src/subdir.mk:49: Core/Src/main.o] Error 1
"make -j3 all" terminated with exit code 2. Build might be incomplete.
00:01:53 **** Incremental Build of configuration Debug for project SRAD_Telemetry ****
make -j3 all 
arm-none-eabi-gcc "../Core/Src/main.c" -mcpu=cortex-m4 -std=gnu11 -g3 -DDEBUG -DUSE_HAL_DRIVER -DSTM32F411xE -c -I../Core/Inc -I../Drivers/STM32F4xx_HAL_Driver/Inc -I../Drivers/STM32F4xx_HAL_Driver/Inc/Legacy -I../Drivers/CMSIS/Device/ST/STM32F4xx/Include -I../Drivers/CMSIS/Include -I../USB_DEVICE/App -I../USB_DEVICE/Target -I../Middlewares/ST/STM32_USB_Device_Library/Core/Inc -I../Middlewares/ST/STM32_USB_Device_Library/Class/CDC/Inc -O0 -ffunction-sections -fdata-sections -Wall -fstack-usage -fcyclomatic-complexity -MMD -MP -MF"Core/Src/main.d" -MT"Core/Src/main.o" --specs=nano.specs -mfpu=fpv4-sp-d16 -mfloat-abi=hard -mthumb -o "Core/Src/main.o"
../Core/Src/main.c: In function 'main':
../Core/Src/main.c:161:17: error: expected ':' or '...' before ';' token
  161 |           case 1; break;
      |                 ^
../Core/Src/main.c:94:11: warning: unused variable 'transmitter' [-Wunused-variable]
   94 |  e22trans transmitter = {
      |           ^~~~~~~~~~~
../Core/Src/main.c: In function 'HAL_GPIO_EXTI_Callback':
../Core/Src/main.c:410:8: error: 'txDone' undeclared (first use in this function)
  410 |        txDone = true; //set flag
      |        ^~~~~~
../Core/Src/main.c:410:8: note: each undeclared identifier is reported only once for each function it appears in
make: *** [Core/Src/subdir.mk:49: Core/Src/main.o] Error 1
"make -j3 all" terminated with exit code 2. Build might be incomplete.
00:02:25 **** Incremental Build of configuration Debug for project SRAD_Telemetry ****
make -j3 all 
arm-none-eabi-gcc "../Core/Src/main.c" -mcpu=cortex-m4 -std=gnu11 -g3 -DDEBUG -DUSE_HAL_DRIVER -DSTM32F411xE -c -I../Core/Inc -I../Drivers/STM32F4xx_HAL_Driver/Inc -I../Drivers/STM32F4xx_HAL_Driver/Inc/Legacy -I../Drivers/CMSIS/Device/ST/STM32F4xx/Include -I../Drivers/CMSIS/Include -I../USB_DEVICE/App -I../USB_DEVICE/Target -I../Middlewares/ST/STM32_USB_Device_Library/Core/Inc -I../Middlewares/ST/STM32_USB_Device_Library/Class/CDC/Inc -O0 -ffunction-sections -fdata-sections -Wall -fstack-usage -fcyclomatic-complexity -MMD -MP -MF"Core/Src/main.d" -MT"Core/Src/main.o" --specs=nano.specs -mfpu=fpv4-sp-d16 -mfloat-abi=hard -mthumb -o "Core/Src/main.o"
../Core/Src/main.c: In function 'main':
../Core/Src/main.c:94:11: warning: unused variable 'transmitter' [-Wunused-variable]
   94 |  e22trans transmitter = {
      |           ^~~~~~~~~~~
../Core/Src/main.c: In function 'HAL_GPIO_EXTI_Callback':
../Core/Src/main.c:410:8: error: 'txDone' undeclared (first use in this function)
  410 |        txDone = true; //set flag
      |        ^~~~~~
../Core/Src/main.c:410:8: note: each undeclared identifier is reported only once for each function it appears in
make: *** [Core/Src/subdir.mk:49: Core/Src/main.o] Error 1
"make -j3 all" terminated with exit code 2. Build might be incomplete.
00:05:44 **** Incremental Build of configuration Debug for project SRAD_Telemetry ****
make -j3 all 
arm-none-eabi-gcc "../Core/Src/main.c" -mcpu=cortex-m4 -std=gnu11 -g3 -DDEBUG -DUSE_HAL_DRIVER -DSTM32F411xE -c -I../Core/Inc -I../Drivers/STM32F4xx_HAL_Driver/Inc -I../Drivers/STM32F4xx_HAL_Driver/Inc/Legacy -I../Drivers/CMSIS/Device/ST/STM32F4xx/Include -I../Drivers/CMSIS/Include -I../USB_DEVICE/App -I../USB_DEVICE/Target -I../Middlewares/ST/STM32_USB_Device_Library/Core/Inc -I../Middlewares/ST/STM32_USB_Device_Library/Class/CDC/Inc -O0 -ffunction-sections -fdata-sections -Wall -fstack-usage -fcyclomatic-complexity -MMD -MP -MF"Core/Src/main.d" -MT"Core/Src/main.o" --specs=nano.specs -mfpu=fpv4-sp-d16 -mfloat-abi=hard -mthumb -o "Core/Src/main.o"
../Core/Src/main.c: In function 'main':
../Core/Src/main.c:162:51: error: invalid type argument of '->' (have 'e22trans')
  162 |                   sx126x_write_buffer(&transmitter->hardwareConfig,0,gpsBuff,sizeof(gpsBuff));
      |                                                   ^~
../Core/Src/main.c: In function 'HAL_GPIO_EXTI_Callback':
../Core/Src/main.c:411:8: error: 'txDone' undeclared (first use in this function)
  411 |        txDone = true; //set flag
      |        ^~~~~~
../Core/Src/main.c:411:8: note: each undeclared identifier is reported only once for each function it appears in
make: *** [Core/Src/subdir.mk:49: Core/Src/main.o] Error 1
"make -j3 all" terminated with exit code 2. Build might be incomplete.
00:05:54 **** Incremental Build of configuration Debug for project SRAD_Telemetry ****
make -j3 all 
arm-none-eabi-gcc "../Core/Src/main.c" -mcpu=cortex-m4 -std=gnu11 -g3 -DDEBUG -DUSE_HAL_DRIVER -DSTM32F411xE -c -I../Core/Inc -I../Drivers/STM32F4xx_HAL_Driver/Inc -I../Drivers/STM32F4xx_HAL_Driver/Inc/Legacy -I../Drivers/CMSIS/Device/ST/STM32F4xx/Include -I../Drivers/CMSIS/Include -I../USB_DEVICE/App -I../USB_DEVICE/Target -I../Middlewares/ST/STM32_USB_Device_Library/Core/Inc -I../Middlewares/ST/STM32_USB_Device_Library/Class/CDC/Inc -O0 -ffunction-sections -fdata-sections -Wall -fstack-usage -fcyclomatic-complexity -MMD -MP -MF"Core/Src/main.d" -MT"Core/Src/main.o" --specs=nano.specs -mfpu=fpv4-sp-d16 -mfloat-abi=hard -mthumb -o "Core/Src/main.o"
../Core/Src/main.c: In function 'HAL_GPIO_EXTI_Callback':
../Core/Src/main.c:411:8: error: 'txDone' undeclared (first use in this function)
  411 |        txDone = true; //set flag
      |        ^~~~~~
../Core/Src/main.c:411:8: note: each undeclared identifier is reported only once for each function it appears in
make: *** [Core/Src/subdir.mk:49: Core/Src/main.o] Error 1
"make -j3 all" terminated with exit code 2. Build might be incomplete.
00:06:08 **** Incremental Build of configuration Debug for project SRAD_Telemetry ****
make -j3 all 
arm-none-eabi-gcc "../Core/Src/main.c" -mcpu=cortex-m4 -std=gnu11 -g3 -DDEBUG -DUSE_HAL_DRIVER -DSTM32F411xE -c -I../Core/Inc -I../Drivers/STM32F4xx_HAL_Driver/Inc -I../Drivers/STM32F4xx_HAL_Driver/Inc/Legacy -I../Drivers/CMSIS/Device/ST/STM32F4xx/Include -I../Drivers/CMSIS/Include -I../USB_DEVICE/App -I../USB_DEVICE/Target -I../Middlewares/ST/STM32_USB_Device_Library/Core/Inc -I../Middlewares/ST/STM32_USB_Device_Library/Class/CDC/Inc -O0 -ffunction-sections -fdata-sections -Wall -fstack-usage -fcyclomatic-complexity -MMD -MP -MF"Core/Src/main.d" -MT"Core/Src/main.o" --specs=nano.specs -mfpu=fpv4-sp-d16 -mfloat-abi=hard -mthumb -o "Core/Src/main.o"
../Core/Src/main.c: In function 'HAL_GPIO_EXTI_Callback':
../Core/Src/main.c:411:8: error: 'txDone' undeclared (first use in this function)
  411 |        txDone = true; //set flag
      |        ^~~~~~
../Core/Src/main.c:411:8: note: each undeclared identifier is reported only once for each function it appears in
make: *** [Core/Src/subdir.mk:49: Core/Src/main.o] Error 1
"make -j3 all" terminated with exit code 2. Build might be incomplete.
00:06:13 **** Incremental Build of configuration Debug for project SRAD_Telemetry ****
make -j3 all 
arm-none-eabi-gcc "../Core/Src/main.c" -mcpu=cortex-m4 -std=gnu11 -g3 -DDEBUG -DUSE_HAL_DRIVER -DSTM32F411xE -c -I../Core/Inc -I../Drivers/STM32F4xx_HAL_Driver/Inc -I../Drivers/STM32F4xx_HAL_Driver/Inc/Legacy -I../Drivers/CMSIS/Device/ST/STM32F4xx/Include -I../Drivers/CMSIS/Include -I../USB_DEVICE/App -I../USB_DEVICE/Target -I../Middlewares/ST/STM32_USB_Device_Library/Core/Inc -I../Middlewares/ST/STM32_USB_Device_Library/Class/CDC/Inc -O0 -ffunction-sections -fdata-sections -Wall -fstack-usage -fcyclomatic-complexity -MMD -MP -MF"Core/Src/main.d" -MT"Core/Src/main.o" --specs=nano.specs -mfpu=fpv4-sp-d16 -mfloat-abi=hard -mthumb -o "Core/Src/main.o"
../Core/Src/main.c: In function 'HAL_GPIO_EXTI_Callback':
../Core/Src/main.c:411:8: error: 'txDone' undeclared (first use in this function)
  411 |        txDone = true; //set flag
      |        ^~~~~~
../Core/Src/main.c:411:8: note: each undeclared identifier is reported only once for each function it appears in
make: *** [Core/Src/subdir.mk:49: Core/Src/main.o] Error 1
"make -j3 all" terminated with exit code 2. Build might be incomplete.
00:07:00 **** Incremental Build of configuration Debug for project SRAD_Telemetry ****
make -j3 all 
arm-none-eabi-gcc "../Core/Src/main.c" -mcpu=cortex-m4 -std=gnu11 -g3 -DDEBUG -DUSE_HAL_DRIVER -DSTM32F411xE -c -I../Core/Inc -I../Drivers/STM32F4xx_HAL_Driver/Inc -I../Drivers/STM32F4xx_HAL_Driver/Inc/Legacy -I../Drivers/CMSIS/Device/ST/STM32F4xx/Include -I../Drivers/CMSIS/Include -I../USB_DEVICE/App -I../USB_DEVICE/Target -I../Middlewares/ST/STM32_USB_Device_Library/Core/Inc -I../Middlewares/ST/STM32_USB_Device_Library/Class/CDC/Inc -O0 -ffunction-sections -fdata-sections -Wall -fstack-usage -fcyclomatic-complexity -MMD -MP -MF"Core/Src/main.d" -MT"Core/Src/main.o" --specs=nano.specs -mfpu=fpv4-sp-d16 -mfloat-abi=hard -mthumb -o "Core/Src/main.o"
../Core/Src/main.c: In function 'HAL_GPIO_EXTI_Callback':
../Core/Src/main.c:411:8: error: 'txDone' undeclared (first use in this function)
  411 |        txDone = true; //set flag
      |        ^~~~~~
../Core/Src/main.c:411:8: note: each undeclared identifier is reported only once for each function it appears in
make: *** [Core/Src/subdir.mk:49: Core/Src/main.o] Error 1
"make -j3 all" terminated with exit code 2. Build might be incomplete.
00:08:59 **** Incremental Build of configuration Debug for project SRAD_Telemetry ****
make -j3 all 
arm-none-eabi-gcc "../Core/Src/main.c" -mcpu=cortex-m4 -std=gnu11 -g3 -DDEBUG -DUSE_HAL_DRIVER -DSTM32F411xE -c -I../Core/Inc -I../Drivers/STM32F4xx_HAL_Driver/Inc -I../Drivers/STM32F4xx_HAL_Driver/Inc/Legacy -I../Drivers/CMSIS/Device/ST/STM32F4xx/Include -I../Drivers/CMSIS/Include -I../USB_DEVICE/App -I../USB_DEVICE/Target -I../Middlewares/ST/STM32_USB_Device_Library/Core/Inc -I../Middlewares/ST/STM32_USB_Device_Library/Class/CDC/Inc -O0 -ffunction-sections -fdata-sections -Wall -fstack-usage -fcyclomatic-complexity -MMD -MP -MF"Core/Src/main.d" -MT"Core/Src/main.o" --specs=nano.specs -mfpu=fpv4-sp-d16 -mfloat-abi=hard -mthumb -o "Core/Src/main.o"
arm-none-eabi-gcc -o "SRAD_Telemetry.elf" @"objects.list"   -mcpu=cortex-m4 -T"/Users/Zarina/STM32CubeIDE/workspace_1.16.1/SRAD_Telemetry/STM32F411CEUX_FLASH.ld" --specs=nosys.specs -Wl,-Map="SRAD_Telemetry.map" -Wl,--gc-sections -static --specs=nano.specs -mfpu=fpv4-sp-d16 -mfloat-abi=hard -mthumb -Wl,--start-group -lc -lm -Wl,--end-group
Finished building target: SRAD_Telemetry.elf
 
arm-none-eabi-size  SRAD_Telemetry.elf 
arm-none-eabi-objdump -h -S SRAD_Telemetry.elf  > "SRAD_Telemetry.list"
   text	   data	    bss	    dec	    hex	filename
  35040	    252	   8972	  44264	   ace8	SRAD_Telemetry.elf
Finished building: default.size.stdout
 
Finished building: SRAD_Telemetry.list
 
00:09:54 **** Incremental Build of configuration Debug for project SRAD_Telemetry ****
make -j3 all 
arm-none-eabi-gcc "../Core/Src/main.c" -mcpu=cortex-m4 -std=gnu11 -g3 -DDEBUG -DUSE_HAL_DRIVER -DSTM32F411xE -c -I../Core/Inc -I../Drivers/STM32F4xx_HAL_Driver/Inc -I../Drivers/STM32F4xx_HAL_Driver/Inc/Legacy -I../Drivers/CMSIS/Device/ST/STM32F4xx/Include -I../Drivers/CMSIS/Include -I../USB_DEVICE/App -I../USB_DEVICE/Target -I../Middlewares/ST/STM32_USB_Device_Library/Core/Inc -I../Middlewares/ST/STM32_USB_Device_Library/Class/CDC/Inc -O0 -ffunction-sections -fdata-sections -Wall -fstack-usage -fcyclomatic-complexity -MMD -MP -MF"Core/Src/main.d" -MT"Core/Src/main.o" --specs=nano.specs -mfpu=fpv4-sp-d16 -mfloat-abi=hard -mthumb -o "Core/Src/main.o"
arm-none-eabi-gcc -o "SRAD_Telemetry.elf" @"objects.list"   -mcpu=cortex-m4 -T"/Users/Zarina/STM32CubeIDE/workspace_1.16.1/SRAD_Telemetry/STM32F411CEUX_FLASH.ld" --specs=nosys.specs -Wl,-Map="SRAD_Telemetry.map" -Wl,--gc-sections -static --specs=nano.specs -mfpu=fpv4-sp-d16 -mfloat-abi=hard -mthumb -Wl,--start-group -lc -lm -Wl,--end-group
Finished building target: SRAD_Telemetry.elf
 
arm-none-eabi-size  SRAD_Telemetry.elf 
arm-none-eabi-objdump -h -S SRAD_Telemetry.elf  > "SRAD_Telemetry.list"
   text	   data	    bss	    dec	    hex	filename
  35032	    252	   8972	  44256	   ace0	SRAD_Telemetry.elf
Finished building: default.size.stdout
 
Finished building: SRAD_Telemetry.list
 
00:13:10 **** Incremental Build of configuration Debug for project SRAD_Telemetry ****
make -j3 all 
arm-none-eabi-gcc "../Core/Src/main.c" -mcpu=cortex-m4 -std=gnu11 -g3 -DDEBUG -DUSE_HAL_DRIVER -DSTM32F411xE -c -I../Core/Inc -I../Drivers/STM32F4xx_HAL_Driver/Inc -I../Drivers/STM32F4xx_HAL_Driver/Inc/Legacy -I../Drivers/CMSIS/Device/ST/STM32F4xx/Include -I../Drivers/CMSIS/Include -I../USB_DEVICE/App -I../USB_DEVICE/Target -I../Middlewares/ST/STM32_USB_Device_Library/Core/Inc -I../Middlewares/ST/STM32_USB_Device_Library/Class/CDC/Inc -O0 -ffunction-sections -fdata-sections -Wall -fstack-usage -fcyclomatic-complexity -MMD -MP -MF"Core/Src/main.d" -MT"Core/Src/main.o" --specs=nano.specs -mfpu=fpv4-sp-d16 -mfloat-abi=hard -mthumb -o "Core/Src/main.o"
../Core/Src/main.c: In function 'main':
../Core/Src/main.c:94:11: warning: unused variable 'transmitter' [-Wunused-variable]
   94 |  e22trans transmitter = {
      |           ^~~~~~~~~~~
../Core/Src/main.c: At top level:
../Core/Src/main.c:227:13: warning: 'MX_SPI1_Init' defined but not used [-Wunused-function]
  227 | static void MX_SPI1_Init(void)
      |             ^~~~~~~~~~~~
arm-none-eabi-gcc -o "SRAD_Telemetry.elf" @"objects.list"   -mcpu=cortex-m4 -T"/Users/Zarina/STM32CubeIDE/workspace_1.16.1/SRAD_Telemetry/STM32F411CEUX_FLASH.ld" --specs=nosys.specs -Wl,-Map="SRAD_Telemetry.map" -Wl,--gc-sections -static --specs=nano.specs -mfpu=fpv4-sp-d16 -mfloat-abi=hard -mthumb -Wl,--start-group -lc -lm -Wl,--end-group
Finished building target: SRAD_Telemetry.elf
 
arm-none-eabi-size  SRAD_Telemetry.elf 
arm-none-eabi-objdump -h -S SRAD_Telemetry.elf  > "SRAD_Telemetry.list"
   text	   data	    bss	    dec	    hex	filename
  33160	    252	   8972	  42384	   a590	SRAD_Telemetry.elf
Finished building: default.size.stdout
 
Finished building: SRAD_Telemetry.list
 
00:13:18 **** Incremental Build of configuration Debug for project SRAD_Telemetry ****
make -j3 all 
arm-none-eabi-size  SRAD_Telemetry.elf 
   text	   data	    bss	    dec	    hex	filename
  33160	    252	   8972	  42384	   a590	SRAD_Telemetry.elf
Finished building: default.size.stdout
 
00:13:44 **** Incremental Build of configuration Debug for project SRAD_Telemetry ****
make -j3 all 
arm-none-eabi-size  SRAD_Telemetry.elf 
   text	   data	    bss	    dec	    hex	filename
  33160	    252	   8972	  42384	   a590	SRAD_Telemetry.elf
Finished building: default.size.stdout
 
00:21:25 **** Incremental Build of configuration Debug for project SRAD_Telemetry ****
make -j3 all 
arm-none-eabi-gcc "../Core/Src/main.c" -mcpu=cortex-m4 -std=gnu11 -g3 -DDEBUG -DUSE_HAL_DRIVER -DSTM32F411xE -c -I../Core/Inc -I../Drivers/STM32F4xx_HAL_Driver/Inc -I../Drivers/STM32F4xx_HAL_Driver/Inc/Legacy -I../Drivers/CMSIS/Device/ST/STM32F4xx/Include -I../Drivers/CMSIS/Include -I../USB_DEVICE/App -I../USB_DEVICE/Target -I../Middlewares/ST/STM32_USB_Device_Library/Core/Inc -I../Middlewares/ST/STM32_USB_Device_Library/Class/CDC/Inc -O0 -ffunction-sections -fdata-sections -Wall -fstack-usage -fcyclomatic-complexity -MMD -MP -MF"Core/Src/main.d" -MT"Core/Src/main.o" --specs=nano.specs -mfpu=fpv4-sp-d16 -mfloat-abi=hard -mthumb -o "Core/Src/main.o"
../Core/Src/main.c: In function 'main':
../Core/Src/main.c:94:11: warning: unused variable 'transmitter' [-Wunused-variable]
   94 |  e22trans transmitter = {
      |           ^~~~~~~~~~~
../Core/Src/main.c: At top level:
../Core/Src/main.c:227:13: warning: 'MX_SPI1_Init' defined but not used [-Wunused-function]
  227 | static void MX_SPI1_Init(void)
      |             ^~~~~~~~~~~~
arm-none-eabi-gcc -o "SRAD_Telemetry.elf" @"objects.list"   -mcpu=cortex-m4 -T"/Users/Zarina/STM32CubeIDE/workspace_1.16.1/SRAD_Telemetry/STM32F411CEUX_FLASH.ld" --specs=nosys.specs -Wl,-Map="SRAD_Telemetry.map" -Wl,--gc-sections -static --specs=nano.specs -mfpu=fpv4-sp-d16 -mfloat-abi=hard -mthumb -Wl,--start-group -lc -lm -Wl,--end-group
Finished building target: SRAD_Telemetry.elf
 
arm-none-eabi-size  SRAD_Telemetry.elf 
arm-none-eabi-objdump -h -S SRAD_Telemetry.elf  > "SRAD_Telemetry.list"
   text	   data	    bss	    dec	    hex	filename
  33168	    252	   8972	  42392	   a598	SRAD_Telemetry.elf
Finished building: default.size.stdout
 
Finished building: SRAD_Telemetry.list
 
00:23:14 **** Incremental Build of configuration Debug for project SRAD_Telemetry ****
make -j3 all 
arm-none-eabi-gcc "../Core/Src/main.c" -mcpu=cortex-m4 -std=gnu11 -g3 -DDEBUG -DUSE_HAL_DRIVER -DSTM32F411xE -c -I../Core/Inc -I../Drivers/STM32F4xx_HAL_Driver/Inc -I../Drivers/STM32F4xx_HAL_Driver/Inc/Legacy -I../Drivers/CMSIS/Device/ST/STM32F4xx/Include -I../Drivers/CMSIS/Include -I../USB_DEVICE/App -I../USB_DEVICE/Target -I../Middlewares/ST/STM32_USB_Device_Library/Core/Inc -I../Middlewares/ST/STM32_USB_Device_Library/Class/CDC/Inc -O0 -ffunction-sections -fdata-sections -Wall -fstack-usage -fcyclomatic-complexity -MMD -MP -MF"Core/Src/main.d" -MT"Core/Src/main.o" --specs=nano.specs -mfpu=fpv4-sp-d16 -mfloat-abi=hard -mthumb -o "Core/Src/main.o"
../Core/Src/main.c: In function 'main':
../Core/Src/main.c:94:11: warning: unused variable 'transmitter' [-Wunused-variable]
   94 |  e22trans transmitter = {
      |           ^~~~~~~~~~~
../Core/Src/main.c: At top level:
../Core/Src/main.c:227:13: warning: 'MX_SPI1_Init' defined but not used [-Wunused-function]
  227 | static void MX_SPI1_Init(void)
      |             ^~~~~~~~~~~~
arm-none-eabi-gcc -o "SRAD_Telemetry.elf" @"objects.list"   -mcpu=cortex-m4 -T"/Users/Zarina/STM32CubeIDE/workspace_1.16.1/SRAD_Telemetry/STM32F411CEUX_FLASH.ld" --specs=nosys.specs -Wl,-Map="SRAD_Telemetry.map" -Wl,--gc-sections -static --specs=nano.specs -mfpu=fpv4-sp-d16 -mfloat-abi=hard -mthumb -Wl,--start-group -lc -lm -Wl,--end-group
Finished building target: SRAD_Telemetry.elf
 
arm-none-eabi-size  SRAD_Telemetry.elf 
arm-none-eabi-objdump -h -S SRAD_Telemetry.elf  > "SRAD_Telemetry.list"
   text	   data	    bss	    dec	    hex	filename
  33168	    252	   8972	  42392	   a598	SRAD_Telemetry.elf
Finished building: default.size.stdout
 
Finished building: SRAD_Telemetry.list
 
01:03:21 **** Incremental Build of configuration Debug for project SRAD_Telemetry ****
make -j3 all 
arm-none-eabi-gcc "../Core/Src/main.c" -mcpu=cortex-m4 -std=gnu11 -g3 -DDEBUG -DUSE_HAL_DRIVER -DSTM32F411xE -c -I../Core/Inc -I../Drivers/STM32F4xx_HAL_Driver/Inc -I../Drivers/STM32F4xx_HAL_Driver/Inc/Legacy -I../Drivers/CMSIS/Device/ST/STM32F4xx/Include -I../Drivers/CMSIS/Include -I../USB_DEVICE/App -I../USB_DEVICE/Target -I../Middlewares/ST/STM32_USB_Device_Library/Core/Inc -I../Middlewares/ST/STM32_USB_Device_Library/Class/CDC/Inc -O0 -ffunction-sections -fdata-sections -Wall -fstack-usage -fcyclomatic-complexity -MMD -MP -MF"Core/Src/main.d" -MT"Core/Src/main.o" --specs=nano.specs -mfpu=fpv4-sp-d16 -mfloat-abi=hard -mthumb -o "Core/Src/main.o"
../Core/Src/main.c:227:13: warning: 'MX_SPI1_Init' defined but not used [-Wunused-function]
  227 | static void MX_SPI1_Init(void)
      |             ^~~~~~~~~~~~
arm-none-eabi-gcc -o "SRAD_Telemetry.elf" @"objects.list"   -mcpu=cortex-m4 -T"/Users/Zarina/STM32CubeIDE/workspace_1.16.1/SRAD_Telemetry/STM32F411CEUX_FLASH.ld" --specs=nosys.specs -Wl,-Map="SRAD_Telemetry.map" -Wl,--gc-sections -static --specs=nano.specs -mfpu=fpv4-sp-d16 -mfloat-abi=hard -mthumb -Wl,--start-group -lc -lm -Wl,--end-group
Finished building target: SRAD_Telemetry.elf
 
arm-none-eabi-size  SRAD_Telemetry.elf 
arm-none-eabi-objdump -h -S SRAD_Telemetry.elf  > "SRAD_Telemetry.list"
   text	   data	    bss	    dec	    hex	filename
  34280	    252	   8972	  43504	   a9f0	SRAD_Telemetry.elf
Finished building: default.size.stdout
 
Finished building: SRAD_Telemetry.list
 
01:08:27 **** Incremental Build of configuration Debug for project SRAD_Telemetry ****
make -j3 all 
arm-none-eabi-gcc "../Core/Src/main.c" -mcpu=cortex-m4 -std=gnu11 -g3 -DDEBUG -DUSE_HAL_DRIVER -DSTM32F411xE -c -I../Core/Inc -I../Drivers/STM32F4xx_HAL_Driver/Inc -I../Drivers/STM32F4xx_HAL_Driver/Inc/Legacy -I../Drivers/CMSIS/Device/ST/STM32F4xx/Include -I../Drivers/CMSIS/Include -I../USB_DEVICE/App -I../USB_DEVICE/Target -I../Middlewares/ST/STM32_USB_Device_Library/Core/Inc -I../Middlewares/ST/STM32_USB_Device_Library/Class/CDC/Inc -O0 -ffunction-sections -fdata-sections -Wall -fstack-usage -fcyclomatic-complexity -MMD -MP -MF"Core/Src/main.d" -MT"Core/Src/main.o" --specs=nano.specs -mfpu=fpv4-sp-d16 -mfloat-abi=hard -mthumb -o "Core/Src/main.o"
../Core/Src/main.c:227:13: warning: 'MX_SPI1_Init' defined but not used [-Wunused-function]
  227 | static void MX_SPI1_Init(void)
      |             ^~~~~~~~~~~~
arm-none-eabi-gcc -o "SRAD_Telemetry.elf" @"objects.list"   -mcpu=cortex-m4 -T"/Users/Zarina/STM32CubeIDE/workspace_1.16.1/SRAD_Telemetry/STM32F411CEUX_FLASH.ld" --specs=nosys.specs -Wl,-Map="SRAD_Telemetry.map" -Wl,--gc-sections -static --specs=nano.specs -mfpu=fpv4-sp-d16 -mfloat-abi=hard -mthumb -Wl,--start-group -lc -lm -Wl,--end-group
Finished building target: SRAD_Telemetry.elf
 
arm-none-eabi-size  SRAD_Telemetry.elf 
arm-none-eabi-objdump -h -S SRAD_Telemetry.elf  > "SRAD_Telemetry.list"
   text	   data	    bss	    dec	    hex	filename
  34280	    252	   8972	  43504	   a9f0	SRAD_Telemetry.elf
Finished building: default.size.stdout
 
Finished building: SRAD_Telemetry.list
 
01:19:34 **** Incremental Build of configuration Debug for project SRAD_Telemetry ****
make -j3 all 
arm-none-eabi-size  SRAD_Telemetry.elf 
   text	   data	    bss	    dec	    hex	filename
  34280	    252	   8972	  43504	   a9f0	SRAD_Telemetry.elf
Finished building: default.size.stdout
 
01:31:41 **** Incremental Build of configuration Debug for project SRAD_Telemetry ****
make -j3 all 
arm-none-eabi-gcc "../Core/Src/main.c" -mcpu=cortex-m4 -std=gnu11 -g3 -DDEBUG -DUSE_HAL_DRIVER -DSTM32F411xE -c -I../Core/Inc -I../Drivers/STM32F4xx_HAL_Driver/Inc -I../Drivers/STM32F4xx_HAL_Driver/Inc/Legacy -I../Drivers/CMSIS/Device/ST/STM32F4xx/Include -I../Drivers/CMSIS/Include -I../USB_DEVICE/App -I../USB_DEVICE/Target -I../Middlewares/ST/STM32_USB_Device_Library/Core/Inc -I../Middlewares/ST/STM32_USB_Device_Library/Class/CDC/Inc -O0 -ffunction-sections -fdata-sections -Wall -fstack-usage -fcyclomatic-complexity -MMD -MP -MF"Core/Src/main.d" -MT"Core/Src/main.o" --specs=nano.specs -mfpu=fpv4-sp-d16 -mfloat-abi=hard -mthumb -o "Core/Src/main.o"
../Core/Src/main.c: In function 'main':
../Core/Src/main.c:163:37: error: expected statement before ')' token
  163 |                           if(txDone)){
      |                                     ^
../Core/Src/main.c:163:27: warning: this 'if' clause does not guard... [-Wmisleading-indentation]
  163 |                           if(txDone)){
      |                           ^~
../Core/Src/main.c:163:38: note: ...this statement, but the latter is misleadingly indented as if it were guarded by the 'if'
  163 |                           if(txDone)){
      |                                      ^
../Core/Src/main.c:164:61: error: invalid type argument of '->' (have 'e22trans')
  164 |                                   sx126x_set_tx(&transmitter->hardwareConfig,TIMEOUT);
      |                                                             ^~
../Core/Src/main.c: At top level:
../Core/Src/main.c:233:13: warning: 'MX_SPI1_Init' defined but not used [-Wunused-function]
  233 | static void MX_SPI1_Init(void)
      |             ^~~~~~~~~~~~
make: *** [Core/Src/subdir.mk:49: Core/Src/main.o] Error 1
"make -j3 all" terminated with exit code 2. Build might be incomplete.
01:32:01 **** Incremental Build of configuration Debug for project SRAD_Telemetry ****
make -j3 all 
arm-none-eabi-gcc "../Core/Src/main.c" -mcpu=cortex-m4 -std=gnu11 -g3 -DDEBUG -DUSE_HAL_DRIVER -DSTM32F411xE -c -I../Core/Inc -I../Drivers/STM32F4xx_HAL_Driver/Inc -I../Drivers/STM32F4xx_HAL_Driver/Inc/Legacy -I../Drivers/CMSIS/Device/ST/STM32F4xx/Include -I../Drivers/CMSIS/Include -I../USB_DEVICE/App -I../USB_DEVICE/Target -I../Middlewares/ST/STM32_USB_Device_Library/Core/Inc -I../Middlewares/ST/STM32_USB_Device_Library/Class/CDC/Inc -O0 -ffunction-sections -fdata-sections -Wall -fstack-usage -fcyclomatic-complexity -MMD -MP -MF"Core/Src/main.d" -MT"Core/Src/main.o" --specs=nano.specs -mfpu=fpv4-sp-d16 -mfloat-abi=hard -mthumb -o "Core/Src/main.o"
../Core/Src/main.c: In function 'main':
../Core/Src/main.c:163:37: error: expected statement before ')' token
  163 |                           if(txDone)){
      |                                     ^
../Core/Src/main.c:163:27: warning: this 'if' clause does not guard... [-Wmisleading-indentation]
  163 |                           if(txDone)){
      |                           ^~
../Core/Src/main.c:163:38: note: ...this statement, but the latter is misleadingly indented as if it were guarded by the 'if'
  163 |                           if(txDone)){
      |                                      ^
../Core/Src/main.c:164:61: error: invalid type argument of '->' (have 'e22trans')
  164 |                                   sx126x_set_tx(&transmitter->hardwareConfig,TIMEOUT);
      |                                                             ^~
../Core/Src/main.c:165:72: error: invalid type argument of '->' (have 'e22trans')
  165 |                                   sx126x_clear_irq_status( &transmitter->hardwareConfig, 1 );
      |                                                                        ^~
../Core/Src/main.c: At top level:
../Core/Src/main.c:233:13: warning: 'MX_SPI1_Init' defined but not used [-Wunused-function]
  233 | static void MX_SPI1_Init(void)
      |             ^~~~~~~~~~~~
make: *** [Core/Src/subdir.mk:49: Core/Src/main.o] Error 1
"make -j3 all" terminated with exit code 2. Build might be incomplete.
01:33:01 **** Incremental Build of configuration Debug for project SRAD_Telemetry ****
make -j3 all 
arm-none-eabi-gcc "../Core/Src/main.c" -mcpu=cortex-m4 -std=gnu11 -g3 -DDEBUG -DUSE_HAL_DRIVER -DSTM32F411xE -c -I../Core/Inc -I../Drivers/STM32F4xx_HAL_Driver/Inc -I../Drivers/STM32F4xx_HAL_Driver/Inc/Legacy -I../Drivers/CMSIS/Device/ST/STM32F4xx/Include -I../Drivers/CMSIS/Include -I../USB_DEVICE/App -I../USB_DEVICE/Target -I../Middlewares/ST/STM32_USB_Device_Library/Core/Inc -I../Middlewares/ST/STM32_USB_Device_Library/Class/CDC/Inc -O0 -ffunction-sections -fdata-sections -Wall -fstack-usage -fcyclomatic-complexity -MMD -MP -MF"Core/Src/main.d" -MT"Core/Src/main.o" --specs=nano.specs -mfpu=fpv4-sp-d16 -mfloat-abi=hard -mthumb -o "Core/Src/main.o"
../Core/Src/main.c: In function 'main':
../Core/Src/main.c:164:61: error: invalid type argument of '->' (have 'e22trans')
  164 |                                   sx126x_set_tx(&transmitter->hardwareConfig,TIMEOUT);
      |                                                             ^~
../Core/Src/main.c: At top level:
../Core/Src/main.c:233:13: warning: 'MX_SPI1_Init' defined but not used [-Wunused-function]
  233 | static void MX_SPI1_Init(void)
      |             ^~~~~~~~~~~~
make: *** [Core/Src/subdir.mk:49: Core/Src/main.o] Error 1
"make -j3 all" terminated with exit code 2. Build might be incomplete.
01:33:12 **** Incremental Build of configuration Debug for project SRAD_Telemetry ****
make -j3 all 
arm-none-eabi-gcc "../Core/Src/main.c" -mcpu=cortex-m4 -std=gnu11 -g3 -DDEBUG -DUSE_HAL_DRIVER -DSTM32F411xE -c -I../Core/Inc -I../Drivers/STM32F4xx_HAL_Driver/Inc -I../Drivers/STM32F4xx_HAL_Driver/Inc/Legacy -I../Drivers/CMSIS/Device/ST/STM32F4xx/Include -I../Drivers/CMSIS/Include -I../USB_DEVICE/App -I../USB_DEVICE/Target -I../Middlewares/ST/STM32_USB_Device_Library/Core/Inc -I../Middlewares/ST/STM32_USB_Device_Library/Class/CDC/Inc -O0 -ffunction-sections -fdata-sections -Wall -fstack-usage -fcyclomatic-complexity -MMD -MP -MF"Core/Src/main.d" -MT"Core/Src/main.o" --specs=nano.specs -mfpu=fpv4-sp-d16 -mfloat-abi=hard -mthumb -o "Core/Src/main.o"
../Core/Src/main.c:233:13: warning: 'MX_SPI1_Init' defined but not used [-Wunused-function]
  233 | static void MX_SPI1_Init(void)
      |             ^~~~~~~~~~~~
arm-none-eabi-gcc -o "SRAD_Telemetry.elf" @"objects.list"   -mcpu=cortex-m4 -T"/Users/Zarina/STM32CubeIDE/workspace_1.16.1/SRAD_Telemetry/STM32F411CEUX_FLASH.ld" --specs=nosys.specs -Wl,-Map="SRAD_Telemetry.map" -Wl,--gc-sections -static --specs=nano.specs -mfpu=fpv4-sp-d16 -mfloat-abi=hard -mthumb -Wl,--start-group -lc -lm -Wl,--end-group
Finished building target: SRAD_Telemetry.elf
 
arm-none-eabi-size  SRAD_Telemetry.elf 
arm-none-eabi-objdump -h -S SRAD_Telemetry.elf  > "SRAD_Telemetry.list"
   text	   data	    bss	    dec	    hex	filename
  34528	    256	   8976	  43760	   aaf0	SRAD_Telemetry.elf
Finished building: default.size.stdout
 
Finished building: SRAD_Telemetry.list
 
01:33:39 **** Incremental Build of configuration Debug for project SRAD_Telemetry ****
make -j3 all 
arm-none-eabi-size  SRAD_Telemetry.elf 
   text	   data	    bss	    dec	    hex	filename
  34528	    256	   8976	  43760	   aaf0	SRAD_Telemetry.elf
Finished building: default.size.stdout
 
18:08:02 **** Incremental Build of configuration Debug for project SRAD_Telemetry ****
make -j3 all 
arm-none-eabi-gcc "../Core/Src/main.c" -mcpu=cortex-m4 -std=gnu11 -g3 -DDEBUG -DUSE_HAL_DRIVER -DSTM32F411xE -c -I../Core/Inc -I../Drivers/STM32F4xx_HAL_Driver/Inc -I../Drivers/STM32F4xx_HAL_Driver/Inc/Legacy -I../Drivers/CMSIS/Device/ST/STM32F4xx/Include -I../Drivers/CMSIS/Include -I../USB_DEVICE/App -I../USB_DEVICE/Target -I../Middlewares/ST/STM32_USB_Device_Library/Core/Inc -I../Middlewares/ST/STM32_USB_Device_Library/Class/CDC/Inc -O0 -ffunction-sections -fdata-sections -Wall -fstack-usage -fcyclomatic-complexity -MMD -MP -MF"Core/Src/main.d" -MT"Core/Src/main.o" --specs=nano.specs -mfpu=fpv4-sp-d16 -mfloat-abi=hard -mthumb -o "Core/Src/main.o"
../Core/Src/main.c: In function 'main':
../Core/Src/main.c:146:31: error: 'transmit_rx' undeclared (first use in this function); did you mean 'transmitter'?
  146 |   HAL_SPI_Receive_IT(&hspi1, &transmit_rx, 1);
      |                               ^~~~~~~~~~~
      |                               transmitter
../Core/Src/main.c:146:31: note: each undeclared identifier is reported only once for each function it appears in
make: *** [Core/Src/subdir.mk:49: Core/Src/main.o] Error 1
"make -j3 all" terminated with exit code 2. Build might be incomplete.
18:08:57 **** Incremental Build of configuration Debug for project SRAD_Telemetry ****
make -j3 all 
arm-none-eabi-gcc "../Core/Src/main.c" -mcpu=cortex-m4 -std=gnu11 -g3 -DDEBUG -DUSE_HAL_DRIVER -DSTM32F411xE -c -I../Core/Inc -I../Drivers/STM32F4xx_HAL_Driver/Inc -I../Drivers/STM32F4xx_HAL_Driver/Inc/Legacy -I../Drivers/CMSIS/Device/ST/STM32F4xx/Include -I../Drivers/CMSIS/Include -I../USB_DEVICE/App -I../USB_DEVICE/Target -I../Middlewares/ST/STM32_USB_Device_Library/Core/Inc -I../Middlewares/ST/STM32_USB_Device_Library/Class/CDC/Inc -O0 -ffunction-sections -fdata-sections -Wall -fstack-usage -fcyclomatic-complexity -MMD -MP -MF"Core/Src/main.d" -MT"Core/Src/main.o" --specs=nano.specs -mfpu=fpv4-sp-d16 -mfloat-abi=hard -mthumb -o "Core/Src/main.o"
../Core/Src/main.c: In function 'main':
../Core/Src/main.c:147:30: warning: passing argument 2 of 'HAL_SPI_Receive_IT' from incompatible pointer type [-Wincompatible-pointer-types]
  147 |   HAL_SPI_Receive_IT(&hspi1, &transmitBuff, 1);
      |                              ^~~~~~~~~~~~~
      |                              |
      |                              uint8_t (*)[82] {aka unsigned char (*)[82]}
In file included from ../Core/Inc/stm32f4xx_hal_conf.h:403,
                 from ../Drivers/STM32F4xx_HAL_Driver/Inc/stm32f4xx_hal.h:29,
                 from ../Core/Inc/main.h:30,
                 from ../Core/Src/main.c:20:
../Drivers/STM32F4xx_HAL_Driver/Inc/stm32f4xx_hal_spi.h:675:72: note: expected 'uint8_t *' {aka 'unsigned char *'} but argument is of type 'uint8_t (*)[82]' {aka 'unsigned char (*)[82]'}
  675 | HAL_StatusTypeDef HAL_SPI_Receive_IT(SPI_HandleTypeDef *hspi, uint8_t *pData, uint16_t Size);
      |                                                               ~~~~~~~~~^~~~~
arm-none-eabi-gcc -o "SRAD_Telemetry.elf" @"objects.list"   -mcpu=cortex-m4 -T"/Users/Zarina/STM32CubeIDE/workspace_1.16.1/SRAD_Telemetry/STM32F411CEUX_FLASH.ld" --specs=nosys.specs -Wl,-Map="SRAD_Telemetry.map" -Wl,--gc-sections -static --specs=nano.specs -mfpu=fpv4-sp-d16 -mfloat-abi=hard -mthumb -Wl,--start-group -lc -lm -Wl,--end-group
Finished building target: SRAD_Telemetry.elf
 
arm-none-eabi-size  SRAD_Telemetry.elf 
arm-none-eabi-objdump -h -S SRAD_Telemetry.elf  > "SRAD_Telemetry.list"
   text	   data	    bss	    dec	    hex	filename
  39684	    256	   9040	  48980	   bf54	SRAD_Telemetry.elf
Finished building: default.size.stdout
 
Finished building: SRAD_Telemetry.list
 
18:09:00 **** Incremental Build of configuration Debug for project SRAD_Telemetry ****
make -j3 all 
[...]
make -j3 all 
arm-none-eabi-gcc "../Core/Src/main.c" -mcpu=cortex-m4 -std=gnu11 -g3 -DDEBUG -DUSE_HAL_DRIVER -DSTM32F411xE -c -I../Core/Inc -I../Drivers/STM32F4xx_HAL_Driver/Inc -I../Drivers/STM32F4xx_HAL_Driver/Inc/Legacy -I../Drivers/CMSIS/Device/ST/STM32F4xx/Include -I../Drivers/CMSIS/Include -I../USB_DEVICE/App -I../USB_DEVICE/Target -I../Middlewares/ST/STM32_USB_Device_Library/Core/Inc -I../Middlewares/ST/STM32_USB_Device_Library/Class/CDC/Inc -O0 -ffunction-sections -fdata-sections -Wall -fstack-usage -fcyclomatic-complexity -MMD -MP -MF"Core/Src/main.d" -MT"Core/Src/main.o" --specs=nano.specs -mfpu=fpv4-sp-d16 -mfloat-abi=hard -mthumb -o "Core/Src/main.o"
../Core/Src/main.c: In function 'sx126x_init':
../Core/Src/main.c:404:77: error: 'e22trans' has no member named 'gfskParams'
  404 |         sx126x_set_lora_mod_params(&transmitter->hardwareConfig,&transmitter->gfskParams);
      |                                                                             ^~
make: *** [Core/Src/subdir.mk:49: Core/Src/main.o] Error 1
"make -j3 all" terminated with exit code 2. Build might be incomplete.
15:30:33 **** Incremental Build of configuration Debug for project SRAD_Telemetry ****
make -j3 all 
arm-none-eabi-gcc "../Core/Src/main.c" -mcpu=cortex-m4 -std=gnu11 -g3 -DDEBUG -DUSE_HAL_DRIVER -DSTM32F411xE -c -I../Core/Inc -I../Drivers/STM32F4xx_HAL_Driver/Inc -I../Drivers/STM32F4xx_HAL_Driver/Inc/Legacy -I../Drivers/CMSIS/Device/ST/STM32F4xx/Include -I../Drivers/CMSIS/Include -I../USB_DEVICE/App -I../USB_DEVICE/Target -I../Middlewares/ST/STM32_USB_Device_Library/Core/Inc -I../Middlewares/ST/STM32_USB_Device_Library/Class/CDC/Inc -O0 -ffunction-sections -fdata-sections -Wall -fstack-usage -fcyclomatic-complexity -MMD -MP -MF"Core/Src/main.d" -MT"Core/Src/main.o" --specs=nano.specs -mfpu=fpv4-sp-d16 -mfloat-abi=hard -mthumb -o "Core/Src/main.o"
arm-none-eabi-gcc -o "SRAD_Telemetry.elf" @"objects.list"   -mcpu=cortex-m4 -T"/Users/Zarina/STM32CubeIDE/workspace_1.16.1/SRAD_Telemetry/STM32F411CEUX_FLASH.ld" --specs=nosys.specs -Wl,-Map="SRAD_Telemetry.map" -Wl,--gc-sections -static --specs=nano.specs -mfpu=fpv4-sp-d16 -mfloat-abi=hard -mthumb -Wl,--start-group -lc -lm -Wl,--end-group
Finished building target: SRAD_Telemetry.elf
 
arm-none-eabi-size  SRAD_Telemetry.elf 
arm-none-eabi-objdump -h -S SRAD_Telemetry.elf  > "SRAD_Telemetry.list"
   text	   data	    bss	    dec	    hex	filename
  40256	    256	   8968	  49480	   c148	SRAD_Telemetry.elf
Finished building: default.size.stdout
 
Finished building: SRAD_Telemetry.list
 
15:30:36 **** Incremental Build of configuration Debug for project SRAD_Telemetry ****
make -j3 all 
arm-none-eabi-size  SRAD_Telemetry.elf 
   text	   data	    bss	    dec	    hex	filename
  40256	    256	   8968	  49480	   c148	SRAD_Telemetry.elf
Finished building: default.size.stdout
 
15:32:20 **** Incremental Build of configuration Debug for project SRAD_Telemetry ****
make -j3 all 
arm-none-eabi-gcc "../Core/Src/main.c" -mcpu=cortex-m4 -std=gnu11 -g3 -DDEBUG -DUSE_HAL_DRIVER -DSTM32F411xE -c -I../Core/Inc -I../Drivers/STM32F4xx_HAL_Driver/Inc -I../Drivers/STM32F4xx_HAL_Driver/Inc/Legacy -I../Drivers/CMSIS/Device/ST/STM32F4xx/Include -I../Drivers/CMSIS/Include -I../USB_DEVICE/App -I../USB_DEVICE/Target -I../Middlewares/ST/STM32_USB_Device_Library/Core/Inc -I../Middlewares/ST/STM32_USB_Device_Library/Class/CDC/Inc -O0 -ffunction-sections -fdata-sections -Wall -fstack-usage -fcyclomatic-complexity -MMD -MP -MF"Core/Src/main.d" -MT"Core/Src/main.o" --specs=nano.specs -mfpu=fpv4-sp-d16 -mfloat-abi=hard -mthumb -o "Core/Src/main.o"
arm-none-eabi-gcc -o "SRAD_Telemetry.elf" @"objects.list"   -mcpu=cortex-m4 -T"/Users/Zarina/STM32CubeIDE/workspace_1.16.1/SRAD_Telemetry/STM32F411CEUX_FLASH.ld" --specs=nosys.specs -Wl,-Map="SRAD_Telemetry.map" -Wl,--gc-sections -static --specs=nano.specs -mfpu=fpv4-sp-d16 -mfloat-abi=hard -mthumb -Wl,--start-group -lc -lm -Wl,--end-group
Finished building target: SRAD_Telemetry.elf
 
arm-none-eabi-size  SRAD_Telemetry.elf 
arm-none-eabi-objdump -h -S SRAD_Telemetry.elf  > "SRAD_Telemetry.list"
   text	   data	    bss	    dec	    hex	filename
  40268	    256	   8968	  49492	   c154	SRAD_Telemetry.elf
Finished building: default.size.stdout
 
Finished building: SRAD_Telemetry.list
 
15:33:58 **** Incremental Build of configuration Debug for project SRAD_Telemetry ****
make -j3 all 
arm-none-eabi-gcc "../Core/Src/main.c" -mcpu=cortex-m4 -std=gnu11 -g3 -DDEBUG -DUSE_HAL_DRIVER -DSTM32F411xE -c -I../Core/Inc -I../Drivers/STM32F4xx_HAL_Driver/Inc -I../Drivers/STM32F4xx_HAL_Driver/Inc/Legacy -I../Drivers/CMSIS/Device/ST/STM32F4xx/Include -I../Drivers/CMSIS/Include -I../USB_DEVICE/App -I../USB_DEVICE/Target -I../Middlewares/ST/STM32_USB_Device_Library/Core/Inc -I../Middlewares/ST/STM32_USB_Device_Library/Class/CDC/Inc -O0 -ffunction-sections -fdata-sections -Wall -fstack-usage -fcyclomatic-complexity -MMD -MP -MF"Core/Src/main.d" -MT"Core/Src/main.o" --specs=nano.specs -mfpu=fpv4-sp-d16 -mfloat-abi=hard -mthumb -o "Core/Src/main.o"
arm-none-eabi-gcc -o "SRAD_Telemetry.elf" @"objects.list"   -mcpu=cortex-m4 -T"/Users/Zarina/STM32CubeIDE/workspace_1.16.1/SRAD_Telemetry/STM32F411CEUX_FLASH.ld" --specs=nosys.specs -Wl,-Map="SRAD_Telemetry.map" -Wl,--gc-sections -static --specs=nano.specs -mfpu=fpv4-sp-d16 -mfloat-abi=hard -mthumb -Wl,--start-group -lc -lm -Wl,--end-group
Finished building target: SRAD_Telemetry.elf
 
arm-none-eabi-size  SRAD_Telemetry.elf 
arm-none-eabi-objdump -h -S SRAD_Telemetry.elf  > "SRAD_Telemetry.list"
   text	   data	    bss	    dec	    hex	filename
  40268	    256	   8968	  49492	   c154	SRAD_Telemetry.elf
Finished building: default.size.stdout
 
Finished building: SRAD_Telemetry.list
 
15:34:44 **** Incremental Build of configuration Debug for project SRAD_Telemetry ****
make -j3 all 
arm-none-eabi-gcc "../Core/Src/main.c" -mcpu=cortex-m4 -std=gnu11 -g3 -DDEBUG -DUSE_HAL_DRIVER -DSTM32F411xE -c -I../Core/Inc -I../Drivers/STM32F4xx_HAL_Driver/Inc -I../Drivers/STM32F4xx_HAL_Driver/Inc/Legacy -I../Drivers/CMSIS/Device/ST/STM32F4xx/Include -I../Drivers/CMSIS/Include -I../USB_DEVICE/App -I../USB_DEVICE/Target -I../Middlewares/ST/STM32_USB_Device_Library/Core/Inc -I../Middlewares/ST/STM32_USB_Device_Library/Class/CDC/Inc -O0 -ffunction-sections -fdata-sections -Wall -fstack-usage -fcyclomatic-complexity -MMD -MP -MF"Core/Src/main.d" -MT"Core/Src/main.o" --specs=nano.specs -mfpu=fpv4-sp-d16 -mfloat-abi=hard -mthumb -o "Core/Src/main.o"
arm-none-eabi-gcc -o "SRAD_Telemetry.elf" @"objects.list"   -mcpu=cortex-m4 -T"/Users/Zarina/STM32CubeIDE/workspace_1.16.1/SRAD_Telemetry/STM32F411CEUX_FLASH.ld" --specs=nosys.specs -Wl,-Map="SRAD_Telemetry.map" -Wl,--gc-sections -static --specs=nano.specs -mfpu=fpv4-sp-d16 -mfloat-abi=hard -mthumb -Wl,--start-group -lc -lm -Wl,--end-group
Finished building target: SRAD_Telemetry.elf
 
arm-none-eabi-size  SRAD_Telemetry.elf 
arm-none-eabi-objdump -h -S SRAD_Telemetry.elf  > "SRAD_Telemetry.list"
   text	   data	    bss	    dec	    hex	filename
  40268	    256	   8968	  49492	   c154	SRAD_Telemetry.elf
Finished building: default.size.stdout
 
Finished building: SRAD_Telemetry.list
 
15:38:27 **** Incremental Build of configuration Debug for project SRAD_Telemetry ****
make -j3 all 
arm-none-eabi-gcc "../Core/Src/main.c" -mcpu=cortex-m4 -std=gnu11 -g3 -DDEBUG -DUSE_HAL_DRIVER -DSTM32F411xE -c -I../Core/Inc -I../Drivers/STM32F4xx_HAL_Driver/Inc -I../Drivers/STM32F4xx_HAL_Driver/Inc/Legacy -I../Drivers/CMSIS/Device/ST/STM32F4xx/Include -I../Drivers/CMSIS/Include -I../USB_DEVICE/App -I../USB_DEVICE/Target -I../Middlewares/ST/STM32_USB_Device_Library/Core/Inc -I../Middlewares/ST/STM32_USB_Device_Library/Class/CDC/Inc -O0 -ffunction-sections -fdata-sections -Wall -fstack-usage -fcyclomatic-complexity -MMD -MP -MF"Core/Src/main.d" -MT"Core/Src/main.o" --specs=nano.specs -mfpu=fpv4-sp-d16 -mfloat-abi=hard -mthumb -o "Core/Src/main.o"
../Core/Src/main.c: In function 'main':
../Core/Src/main.c:168:17: warning: implicit declaration of function 'HAL_delay'; did you mean 'HAL_Delay'? [-Wimplicit-function-declaration]
  168 |                 HAL_delay(1000);
      |                 ^~~~~~~~~
      |                 HAL_Delay
arm-none-eabi-gcc -o "SRAD_Telemetry.elf" @"objects.list"   -mcpu=cortex-m4 -T"/Users/Zarina/STM32CubeIDE/workspace_1.16.1/SRAD_Telemetry/STM32F411CEUX_FLASH.ld" --specs=nosys.specs -Wl,-Map="SRAD_Telemetry.map" -Wl,--gc-sections -static --specs=nano.specs -mfpu=fpv4-sp-d16 -mfloat-abi=hard -mthumb -Wl,--start-group -lc -lm -Wl,--end-group
/Applications/STM32CubeIDE.app/Contents/Eclipse/plugins/com.st.stm32cube.ide.mcu.externaltools.gnu-tools-for-stm32.12.3.rel1.macos64_1.0.200.202406191456/tools/bin/../lib/gcc/arm-none-eabi/12.3.1/../../../../arm-none-eabi/bin/ld: ./Core/Src/main.o: in function `main':
/Users/Zarina/STM32CubeIDE/workspace_1.16.1/SRAD_Telemetry/Debug/../Core/Src/main.c:168: undefined reference to `HAL_delay'
collect2: error: ld returned 1 exit status
make: *** [makefile:68: SRAD_Telemetry.elf] Error 1
"make -j3 all" terminated with exit code 2. Build might be incomplete.
15:38:48 **** Incremental Build of configuration Debug for project SRAD_Telemetry ****
make -j3 all 
arm-none-eabi-gcc "../Core/Src/main.c" -mcpu=cortex-m4 -std=gnu11 -g3 -DDEBUG -DUSE_HAL_DRIVER -DSTM32F411xE -c -I../Core/Inc -I../Drivers/STM32F4xx_HAL_Driver/Inc -I../Drivers/STM32F4xx_HAL_Driver/Inc/Legacy -I../Drivers/CMSIS/Device/ST/STM32F4xx/Include -I../Drivers/CMSIS/Include -I../USB_DEVICE/App -I../USB_DEVICE/Target -I../Middlewares/ST/STM32_USB_Device_Library/Core/Inc -I../Middlewares/ST/STM32_USB_Device_Library/Class/CDC/Inc -O0 -ffunction-sections -fdata-sections -Wall -fstack-usage -fcyclomatic-complexity -MMD -MP -MF"Core/Src/main.d" -MT"Core/Src/main.o" --specs=nano.specs -mfpu=fpv4-sp-d16 -mfloat-abi=hard -mthumb -o "Core/Src/main.o"
arm-none-eabi-gcc -o "SRAD_Telemetry.elf" @"objects.list"   -mcpu=cortex-m4 -T"/Users/Zarina/STM32CubeIDE/workspace_1.16.1/SRAD_Telemetry/STM32F411CEUX_FLASH.ld" --specs=nosys.specs -Wl,-Map="SRAD_Telemetry.map" -Wl,--gc-sections -static --specs=nano.specs -mfpu=fpv4-sp-d16 -mfloat-abi=hard -mthumb -Wl,--start-group -lc -lm -Wl,--end-group
Finished building target: SRAD_Telemetry.elf
 
arm-none-eabi-size  SRAD_Telemetry.elf 
arm-none-eabi-objdump -h -S SRAD_Telemetry.elf  > "SRAD_Telemetry.list"
   text	   data	    bss	    dec	    hex	filename
  40276	    256	   8968	  49500	   c15c	SRAD_Telemetry.elf
Finished building: default.size.stdout
 
Finished building: SRAD_Telemetry.list
 
15:38:54 **** Incremental Build of configuration Debug for project SRAD_Telemetry ****
make -j3 all 
arm-none-eabi-size  SRAD_Telemetry.elf 
   text	   data	    bss	    dec	    hex	filename
  40276	    256	   8968	  49500	   c15c	SRAD_Telemetry.elf
Finished building: default.size.stdout
 
16:00:36 **** Incremental Build of configuration Debug for project SRAD_Telemetry ****
make -j3 all 
arm-none-eabi-gcc "../Core/Src/main.c" -mcpu=cortex-m4 -std=gnu11 -g3 -DDEBUG -DUSE_HAL_DRIVER -DSTM32F411xE -c -I../Core/Inc -I../Drivers/STM32F4xx_HAL_Driver/Inc -I../Drivers/STM32F4xx_HAL_Driver/Inc/Legacy -I../Drivers/CMSIS/Device/ST/STM32F4xx/Include -I../Drivers/CMSIS/Include -I../USB_DEVICE/App -I../USB_DEVICE/Target -I../Middlewares/ST/STM32_USB_Device_Library/Core/Inc -I../Middlewares/ST/STM32_USB_Device_Library/Class/CDC/Inc -O0 -ffunction-sections -fdata-sections -Wall -fstack-usage -fcyclomatic-complexity -MMD -MP -MF"Core/Src/main.d" -MT"Core/Src/main.o" --specs=nano.specs -mfpu=fpv4-sp-d16 -mfloat-abi=hard -mthumb -o "Core/Src/main.o"
arm-none-eabi-gcc "../Core/Src/sx126x.c" -mcpu=cortex-m4 -std=gnu11 -g3 -DDEBUG -DUSE_HAL_DRIVER -DSTM32F411xE -c -I../Core/Inc -I../Drivers/STM32F4xx_HAL_Driver/Inc -I../Drivers/STM32F4xx_HAL_Driver/Inc/Legacy -I../Drivers/CMSIS/Device/ST/STM32F4xx/Include -I../Drivers/CMSIS/Include -I../USB_DEVICE/App -I../USB_DEVICE/Target -I../Middlewares/ST/STM32_USB_Device_Library/Core/Inc -I../Middlewares/ST/STM32_USB_Device_Library/Class/CDC/Inc -O0 -ffunction-sections -fdata-sections -Wall -fstack-usage -fcyclomatic-complexity -MMD -MP -MF"Core/Src/sx126x.d" -MT"Core/Src/sx126x.o" --specs=nano.specs -mfpu=fpv4-sp-d16 -mfloat-abi=hard -mthumb -o "Core/Src/sx126x.o"
../Core/Src/sx126x.c:668:73: warning: type defaults to 'int' in declaration of 'params' [-Wimplicit-int]
  668 | sx126x_status_t sx126x_set_lora_mod_params( const void* context, const* params )
      |                                                                         ^~~~~~
../Core/Src/sx126x.c:668:17: error: conflicting types for 'sx126x_set_lora_mod_params'; have 'sx126x_status_t(const void *, const int *)' {aka 'enum sx126x_status_e(const void *, const int *)'}
  668 | sx126x_status_t sx126x_set_lora_mod_params( const void* context, const* params )
      |                 ^~~~~~~~~~~~~~~~~~~~~~~~~~
In file included from ../Core/Src/sx126x.c:40:
../Core/Inc/sx126x.h:1230:17: note: previous declaration of 'sx126x_set_lora_mod_params' with type 'sx126x_status_t(const void *, const sx126x_mod_params_lora_t *)' {aka 'enum sx126x_status_e(const void *, const struct sx126x_mod_params_lora_s *)'}
 1230 | sx126x_status_t sx126x_set_lora_mod_params( const void* context, const sx126x_mod_params_lora_t* params );
      |                 ^~~~~~~~~~~~~~~~~~~~~~~~~~
../Core/Src/sx126x.c: In function 'sx126x_set_lora_mod_params':
../Core/Src/sx126x.c:671:58: error: request for member 'sf' in something not a structure or union
  671 |         SX126X_SET_MODULATION_PARAMS, ( uint8_t )( params->sf ), ( uint8_t )( params->bw ),
      |                                                          ^~
../Core/Src/sx126x.c:671:85: error: request for member 'bw' in something not a structure or union
  671 |         SX126X_SET_MODULATION_PARAMS, ( uint8_t )( params->sf ), ( uint8_t )( params->bw ),
      |                                                                                     ^~
../Core/Src/sx126x.c:672:28: error: request for member 'cr' in something not a structure or union
  672 |         ( uint8_t )( params->cr ),    params->ldro & 0x01,
      |                            ^~
../Core/Src/sx126x.c:672:45: error: request for member 'ldro' in something not a structure or union
  672 |         ( uint8_t )( params->cr ),    params->ldro & 0x01,
      |                                             ^~
../Core/Src/sx126x.c:681:88: error: request for member 'bw' in something not a structure or union
  681 |         status = sx126x_tx_modulation_workaround( context, SX126X_PKT_TYPE_LORA, params->bw );
      |                                                                                        ^~
make: *** [Core/Src/subdir.mk:49: Core/Src/sx126x.o] Error 1
make: *** Waiting for unfinished jobs....
"make -j3 all" terminated with exit code 2. Build might be incomplete.
16:00:41 **** Incremental Build of configuration Debug for project SRAD_Telemetry ****
make -j3 all 
arm-none-eabi-gcc "../Core/Src/sx126x.c" -mcpu=cortex-m4 -std=gnu11 -g3 -DDEBUG -DUSE_HAL_DRIVER -DSTM32F411xE -c -I../Core/Inc -I../Drivers/STM32F4xx_HAL_Driver/Inc -I../Drivers/STM32F4xx_HAL_Driver/Inc/Legacy -I../Drivers/CMSIS/Device/ST/STM32F4xx/Include -I../Drivers/CMSIS/Include -I../USB_DEVICE/App -I../USB_DEVICE/Target -I../Middlewares/ST/STM32_USB_Device_Library/Core/Inc -I../Middlewares/ST/STM32_USB_Device_Library/Class/CDC/Inc -O0 -ffunction-sections -fdata-sections -Wall -fstack-usage -fcyclomatic-complexity -MMD -MP -MF"Core/Src/sx126x.d" -MT"Core/Src/sx126x.o" --specs=nano.specs -mfpu=fpv4-sp-d16 -mfloat-abi=hard -mthumb -o "Core/Src/sx126x.o"
../Core/Src/sx126x.c:668:73: warning: type defaults to 'int' in declaration of 'params' [-Wimplicit-int]
  668 | sx126x_status_t sx126x_set_lora_mod_params( const void* context, const* params )
      |                                                                         ^~~~~~
../Core/Src/sx126x.c:668:17: error: conflicting types for 'sx126x_set_lora_mod_params'; have 'sx126x_status_t(const void *, const int *)' {aka 'enum sx126x_status_e(const void *, const int *)'}
  668 | sx126x_status_t sx126x_set_lora_mod_params( const void* context, const* params )
      |                 ^~~~~~~~~~~~~~~~~~~~~~~~~~
In file included from ../Core/Src/sx126x.c:40:
../Core/Inc/sx126x.h:1230:17: note: previous declaration of 'sx126x_set_lora_mod_params' with type 'sx126x_status_t(const void *, const sx126x_mod_params_lora_t *)' {aka 'enum sx126x_status_e(const void *, const struct sx126x_mod_params_lora_s *)'}
 1230 | sx126x_status_t sx126x_set_lora_mod_params( const void* context, const sx126x_mod_params_lora_t* params );
      |                 ^~~~~~~~~~~~~~~~~~~~~~~~~~
../Core/Src/sx126x.c: In function 'sx126x_set_lora_mod_params':
../Core/Src/sx126x.c:671:58: error: request for member 'sf' in something not a structure or union
  671 |         SX126X_SET_MODULATION_PARAMS, ( uint8_t )( params->sf ), ( uint8_t )( params->bw ),
      |                                                          ^~
../Core/Src/sx126x.c:671:85: error: request for member 'bw' in something not a structure or union
  671 |         SX126X_SET_MODULATION_PARAMS, ( uint8_t )( params->sf ), ( uint8_t )( params->bw ),
      |                                                                                     ^~
../Core/Src/sx126x.c:672:28: error: request for member 'cr' in something not a structure or union
  672 |         ( uint8_t )( params->cr ),    params->ldro & 0x01,
      |                            ^~
../Core/Src/sx126x.c:672:45: error: request for member 'ldro' in something not a structure or union
  672 |         ( uint8_t )( params->cr ),    params->ldro & 0x01,
      |                                             ^~
../Core/Src/sx126x.c:681:88: error: request for member 'bw' in something not a structure or union
  681 |         status = sx126x_tx_modulation_workaround( context, SX126X_PKT_TYPE_LORA, params->bw );
      |                                                                                        ^~
make: *** [Core/Src/subdir.mk:49: Core/Src/sx126x.o] Error 1
"make -j3 all" terminated with exit code 2. Build might be incomplete.
16:01:26 **** Incremental Build of configuration Debug for project SRAD_Telemetry ****
make -j3 all 
arm-none-eabi-gcc "../Core/Src/sx126x.c" -mcpu=cortex-m4 -std=gnu11 -g3 -DDEBUG -DUSE_HAL_DRIVER -DSTM32F411xE -c -I../Core/Inc -I../Drivers/STM32F4xx_HAL_Driver/Inc -I../Drivers/STM32F4xx_HAL_Driver/Inc/Legacy -I../Drivers/CMSIS/Device/ST/STM32F4xx/Include -I../Drivers/CMSIS/Include -I../USB_DEVICE/App -I../USB_DEVICE/Target -I../Middlewares/ST/STM32_USB_Device_Library/Core/Inc -I../Middlewares/ST/STM32_USB_Device_Library/Class/CDC/Inc -O0 -ffunction-sections -fdata-sections -Wall -fstack-usage -fcyclomatic-complexity -MMD -MP -MF"Core/Src/sx126x.d" -MT"Core/Src/sx126x.o" --specs=nano.specs -mfpu=fpv4-sp-d16 -mfloat-abi=hard -mthumb -o "Core/Src/sx126x.o"
arm-none-eabi-gcc -o "SRAD_Telemetry.elf" @"objects.list"   -mcpu=cortex-m4 -T"/Users/Zarina/STM32CubeIDE/workspace_1.16.1/SRAD_Telemetry/STM32F411CEUX_FLASH.ld" --specs=nosys.specs -Wl,-Map="SRAD_Telemetry.map" -Wl,--gc-sections -static --specs=nano.specs -mfpu=fpv4-sp-d16 -mfloat-abi=hard -mthumb -Wl,--start-group -lc -lm -Wl,--end-group
Finished building target: SRAD_Telemetry.elf
 
arm-none-eabi-size  SRAD_Telemetry.elf 
arm-none-eabi-objdump -h -S SRAD_Telemetry.elf  > "SRAD_Telemetry.list"
   text	   data	    bss	    dec	    hex	filename
  40276	    256	   8968	  49500	   c15c	SRAD_Telemetry.elf
Finished building: default.size.stdout
 
Finished building: SRAD_Telemetry.list
 
16:01:38 **** Incremental Build of configuration Debug for project SRAD_Telemetry ****
make -j3 all 
arm-none-eabi-size  SRAD_Telemetry.elf 
   text	   data	    bss	    dec	    hex	filename
  40276	    256	   8968	  49500	   c15c	SRAD_Telemetry.elf
Finished building: default.size.stdout
 
